ASxxxx Linker V03.00/V05.40 + sdld,  page 1.
Hexadecimal  [32-Bits]

Area                       Addr        Size        Decimal Bytes (Attributes)
--------------------       ----        ----        ------- ----- ------------
.  .ABS.               00000000    00000000 =           0. bytes (ABS,CON)

        Value  Global            Value  Global            Value  Global    
        -----  ------            -----  ------            -----  ------    
     00000000  .__.ABS.  |    00000000  b_block_b |    00000000  b_block_b
     00000000  b_on_bloc |    00000000  l__BASE   |    00000000  l__BSEG  
     00000000  l__BSS    |    00000000  l__CABS   |    00000000  l__CODE_0
     00000000  l__DABS   |    00000000  l__HEADER |    00000000  l__HEAP  
     00000000  l__HEAP_E |    00000000  l__LIT    |    00000000  s__CABS  
     00000000  s__DABS   |    00000000  s__HEADER |    00000000  s__HEADER
     00000000  s__HEADER |    00000000  s__HEADER |    00000000  s__HEADER
     00000000  s__HEADER |    00000000  s__HEADER |    00000000  s__HEADER
     00000001  ___bank_T |    00000001  ___bank_c |    00000001  ___bank_e
     00000001  ___bank_e |    00000001  ___bank_l |    00000001  ___bank_p
     00000001  b_enemy_a |    00000001  b_enemy_a |    00000001  b_enemy_h
     00000001  b_enemy_h |    00000001  b_enemy_m |    00000001  b_enemy_m
     00000001  b_enemy_m |    00000001  b_enemy_r |    00000001  b_enemy_s
     00000001  b_enemy_u |    00000001  b_player_ |    00000001  b_player_
     00000001  b_player_ |    00000001  l__GSFINA |    00000001  l__HEADER
     00000002  ___bank_b |    00000002  ___bank_c |    00000002  ___bank_c
     00000002  ___bank_e |    00000002  ___bank_e |    00000002  ___bank_e
     00000002  ___bank_e |    00000002  ___bank_l |    00000002  ___bank_l
     00000002  ___bank_l |    00000002  ___bank_l |    00000002  ___bank_l
     00000002  ___bank_l |    00000002  ___bank_m |    00000002  ___bank_m
     00000002  ___bank_t |    00000002  ___bank_u |    00000003  ___bank_l
     00000003  ___bank_l |    00000003  ___bank_l |    00000003  ___bank_l
     00000003  ___bank_l |    00000003  ___bank_l |    00000003  ___bank_l
     00000003  ___bank_l |    00000003  ___bank_l |    00000003  ___bank_l
     00000003  ___bank_l |    00000003  ___bank_l |    00000003  ___bank_l
     00000003  ___bank_l |    00000003  ___bank_l |    00000003  ___bank_l
     00000003  ___bank_l |    00000003  ___bank_l |    00000003  ___bank_l
     00000003  ___bank_l |    00000003  ___bank_l |    00000003  ___bank_l
     00000003  ___bank_l |    00000003  ___bank_l |    00000003  ___bank_l
     00000003  ___bank_l |    00000003  ___bank_l |    00000003  ___bank_l
     00000003  ___bank_l |    00000003  ___bank_l |    00000003  ___bank_l
     00000003  ___bank_l |    00000003  ___bank_l |    00000003  ___bank_l
     00000003  ___bank_l |    00000003  ___bank_l |    00000003  ___bank_l
     00000003  ___bank_l |    00000003  ___bank_l |    00000003  ___bank_l
     00000003  ___bank_l |    00000003  ___bank_l |    00000003  ___bank_l
     00000003  ___bank_l |    00000003  ___bank_l |    00000003  ___bank_l
     00000003  ___bank_l |    00000003  ___bank_l |    00000003  ___bank_l
     00000003  ___bank_l |    00000003  ___bank_l |    00000003  l__HEADER
     00000003  l__HEADER |    00000004  ___bank_l |    00000004  ___bank_l
     00000004  ___bank_l |    00000004  ___bank_l |    00000004  ___bank_l
     00000004  ___bank_l |    00000004  ___bank_l |    00000004  ___bank_l
     00000004  ___bank_l |    00000004  ___bank_l |    00000004  ___bank_l
     00000004  ___bank_l |    00000004  ___bank_l |    00000004  ___bank_l
     00000004  ___bank_l |    00000004  ___bank_l |    00000004  ___bank_l
     00000004  ___bank_l |    00000004  ___bank_l |    00000004  ___bank_l
     00000004  ___bank_l |    00000004  ___bank_l |    00000004  ___bank_l
     00000004  ___bank_l |    00000004  ___bank_l |    00000004  ___bank_l
     00000004  ___bank_l |    00000004  ___bank_l |    00000004  ___bank_l
     00000004  ___bank_l |    00000004  ___bank_l |    00000004  ___bank_l
     00000004  ___bank_l |    00000004  ___bank_l |    00000004  ___bank_l
ASxxxx Linker V03.00/V05.40 + sdld,  page 2.
Hexadecimal  [32-Bits]

Area                       Addr        Size        Decimal Bytes (Attributes)
--------------------       ----        ----        ------- ----- ------------
.  .ABS.               00000000    00000000 =           0. bytes (ABS,CON)

        Value  Global            Value  Global            Value  Global    
        -----  ------            -----  ------            -----  ------    
     00000004  ___bank_l |    00000004  ___bank_l |    00000004  ___bank_l
     00000004  ___bank_l |    00000004  ___bank_l |    00000004  ___bank_l
     00000004  ___bank_l |    00000004  ___bank_l |    00000004  ___bank_l
     00000004  ___bank_l |    00000004  ___bank_l |    00000004  ___bank_l
     00000004  ___bank_l |    00000004  ___bank_l |    00000004  ___bank_l
     00000004  ___bank_l |    00000005  ___bank_e |    00000005  ___bank_l
     00000005  ___bank_l |    00000005  ___bank_l |    00000005  ___bank_l
     00000005  ___bank_l |    00000005  ___bank_l |    00000005  ___bank_l
     00000005  ___bank_l |    00000005  ___bank_l |    00000005  ___bank_l
     00000005  ___bank_l |    00000005  ___bank_l |    00000005  ___bank_l
     00000005  ___bank_l |    00000005  ___bank_l |    00000005  ___bank_s
     00000005  ___bank_u |    00000005  ___bank_u |    00000005  ___bank_u
     00000005  ___bank_u |    00000005  ___bank_u |    00000005  ___bank_u
     00000005  ___bank_u |    00000005  ___bank_u |    00000005  ___bank_u
     00000005  ___bank_u |    00000006  l__HEADER |    00000009  l__HEADER
     00000009  l__HEADER |    0000000C  l__GSINIT |    00000071  l__HEADER
     000000E5  l__DATA   |    00000100  s__CODE   |    00000236  l__INITIA
     00000236  l__INITIA |    0000111F  l__HOME   |    00001C7E  l__CODE  
     00001D7E  s__HOME   |    0000208D  l__CODE_5 |    00002E9D  s__BASE  
     00002E9D  s__CODE_0 |    00002E9D  s__INITIA |    00002E9D  s__LIT   
     000030D3  s__GSINIT |    000030DF  s__GSFINA |    00003FC0  l__CODE_4
     00003FF7  l__CODE_2 |    00003FF8  l__CODE_1 |    00004000  l__CODE_3
     0000C000  _shadow_O |    0000C0C0  s__DATA   |    0000C1A5  s__INITIA
     0000C3DB  s__BSEG   |    0000C3DB  s__BSS    |    0000C3DB  s__HEAP  
     0000C3DB  s__HEAP_E |    0000DFF0  .STACK    |    00014000  s__CODE_1
     00024000  s__CODE_2 |    00034000  s__CODE_3 |    00044000  s__CODE_4
     00054000  s__CODE_5
ASxxxx Linker V03.00/V05.40 + sdld,  page 3.
Hexadecimal  [32-Bits]

Area                       Addr        Size        Decimal Bytes (Attributes)
--------------------       ----        ----        ------- ----- ------------
_CODE                  00000100    00001C7E =        7294. bytes (REL,CON)

        Value  Global            Value  Global            Value  Global    
        -----  ------            -----  ------            -----  ------    
     00000100  _coin_ani |    00000161  _coin_ani |    000001A7  _coin_ani
     00000275  _init     |    000002F1  _state_ti |    00000310  _state_pa
     00000379  _die      |    000003BE  _hud_set_ |    000003F5  _hud_upda
     00000445  _hud_upda |    0000047D  _hud_upda |    000004D8  _hud_upda
     00000509  _get_tile |    00000544  _levels   |    00000634  _undergro
     00000648  _is_tile_ |    0000080D  _is_tile_ |    00000854  _is_coin 
     0000085B  _on_get_c |    00000899  _on_break |    000008D5  _on_block
     0000091B  _block_bu |    00000975  _block_bu |    00000A23  _on_get_c
     00000A49  _on_inter |    00000C09  _level_1_ |    00000C36  _level_1_
     00000C60  _level_1_ |    00000C93  _level_2_ |    00000CC3  _level_2_
     00000CE7  _level_2_ |    00000D20  _level_3_ |    00000D65  _level_3_
     00000D95  _level_3_ |    00000DC5  _level_4_ |    00000E0A  _level_4_
     00000E46  _level_4_ |    00000E8E  _undergro |    00000E91  _undergro
     00000E94  _undergro |    00000E97  _undergro |    00000E9A  _undergro
     00000E9D  _undergro |    00000EA0  _undergro |    00000EA3  _undergro
     00000EA6  _undergro |    00000EA9  _undergro |    00000EAC  _powerups
     00000F6C  _enemy_co |    000010D8  _main     |    000013C9  _pipe_new
     000013F6  _pipe_cle |    000013FB  _platform |    000014BA  _platform
     00001707  _platform |    00001709  _platform |    0000170A  _powerup_
     00001743  _powerup_ |    0000178A  _powerup_ |    000017DC  _text_pri
     000018C1  _text_pri |    00001918  _itoa     |    00001949  _uitoa   
     000019FA  _hide_spr |    00001A13  ___strrev |    00001A19  ___strrev
     00001A2B  __moducha |    00001A32  __moduint |    00001A37  ___hide_m
     00001A52  __divucha |    00001A54  __divu8   |    00001A57  __divu16 
     00001A57  __divuint |    00001A86  ___move_m |    00001B03  _memset  
     00001B18  wait_hl_t |    00001B3A  _delay    |    00001B50  ___sdcc_b
     00001B63  ___move_m |    00001BE6  ___move_m |    00001C69  ___move_m
     00001CF0  _strlen   |    00001CFF  __modscha |    00001D07  __modsint
     00001D0D  __divscha |    00001D0F  __div8    |    00001D13  __div_sig
     00001D17  __div16   |    00001D17  __divsint |    00001D3D  __get_rem
     00001D47  ___uitobc
ASxxxx Linker V03.00/V05.40 + sdld,  page 4.
Hexadecimal  [32-Bits]

Area                       Addr        Size        Decimal Bytes (Attributes)
--------------------       ----        ----        ------- ----- ------------
_HEADER0               00000000    00000006 =           6. bytes (ABS,CON)

        Value  Global            Value  Global            Value  Global    
        -----  ------            -----  ------            -----  ------    
ASxxxx Linker V03.00/V05.40 + sdld,  page 5.
Hexadecimal  [32-Bits]

Area                       Addr        Size        Decimal Bytes (Attributes)
--------------------       ----        ----        ------- ----- ------------
_HEADER1               00000000    00000009 =           9. bytes (ABS,CON)

        Value  Global            Value  Global            Value  Global    
        -----  ------            -----  ------            -----  ------    
     00000010  _WRITE_VD
ASxxxx Linker V03.00/V05.40 + sdld,  page 6.
Hexadecimal  [32-Bits]

Area                       Addr        Size        Decimal Bytes (Attributes)
--------------------       ----        ----        ------- ----- ------------
_HEADER2               00000000    00000009 =           9. bytes (ABS,CON)

        Value  Global            Value  Global            Value  Global    
        -----  ------            -----  ------            -----  ------    
     00000020  _WRITE_VD
ASxxxx Linker V03.00/V05.40 + sdld,  page 7.
Hexadecimal  [32-Bits]

Area                       Addr        Size        Decimal Bytes (Attributes)
--------------------       ----        ----        ------- ----- ------------
_HEADER3               00000000    00000001 =           1. bytes (ABS,CON)

        Value  Global            Value  Global            Value  Global    
        -----  ------            -----  ------            -----  ------    
     00000030  .call_hl 
ASxxxx Linker V03.00/V05.40 + sdld,  page 8.
Hexadecimal  [32-Bits]

Area                       Addr        Size        Decimal Bytes (Attributes)
--------------------       ----        ----        ------- ----- ------------
_HEADER4               00000000    00000003 =           3. bytes (ABS,CON)

        Value  Global            Value  Global            Value  Global    
        -----  ------            -----  ------            -----  ------    
ASxxxx Linker V03.00/V05.40 + sdld,  page 9.
Hexadecimal  [32-Bits]

Area                       Addr        Size        Decimal Bytes (Attributes)
--------------------       ----        ----        ------- ----- ------------
_HEADER5               00000000    00000003 =           3. bytes (ABS,CON)

        Value  Global            Value  Global            Value  Global    
        -----  ------            -----  ------            -----  ------    
ASxxxx Linker V03.00/V05.40 + sdld,  page 10.
Hexadecimal  [32-Bits]

Area                       Addr        Size        Decimal Bytes (Attributes)
--------------------       ----        ----        ------- ----- ------------
_HEADER6               00000000    00000071 =         113. bytes (ABS,CON)

        Value  Global            Value  Global            Value  Global    
        -----  ------            -----  ------            -----  ------    
     00000080  .init    
ASxxxx Linker V03.00/V05.40 + sdld,  page 11.
Hexadecimal  [32-Bits]

Area                       Addr        Size        Decimal Bytes (Attributes)
--------------------       ----        ----        ------- ----- ------------
_HOME                  00001D7E    0000111F =        4383. bytes (REL,CON)

        Value  Global            Value  Global            Value  Global    
        -----  ------            -----  ------            -----  ------    
     00001DAD  .CRT_DEFA |    00001DCD  .memset_s |    00001DD6  .memcpy_s
     00001DDC  .wait_vbl |    00001DDC  _vsync    |    00001DDC  _wait_vbl
     00001DEE  _level_lo |    00002032  _level_lo |    0000214F  _level_se
     00002170  _load_cur |    000021C4  _set_leve |    00002296  _update_f
     000022B5  _player_d |    0000233E  _player_c |    000023AE  _player_e
     0000243B  _player_c |    000024D3  _player_w |    000025F9  _player_o
     0000260C  _enemy_ne |    00002835  _enemy_re |    0000285B  _enemy_dr
     00002989  _set_tile |    00002A2C  _set_vram |    00002A3E  _set_attr
     00002A5A  _set_tile |    00002A79  _set_attr |    00002A9A  _NMI_ISR 
     00002A9C  .OUTI128  |    00002B1C  .OUTI64   |    00002B5C  .OUTI32  
     00002B7C  .OUTI16   |    00002B9C  .OUTI_END |    00002B9D  _INT_ISR 
     00002C29  .remove_L |    00002C29  _remove_L |    00002C2C  .add_LCD 
     00002C2C  _add_LCD  |    00002C30  _add_VBL  |    00002C32  .add_VBL 
     00002C35  .add_int  |    00002C41  _remove_V |    00002C43  .remove_V
     00002C46  .remove_i |    00002C62  _add_JOY  |    00002C62  _add_SIO 
     00002C62  _remove_J |    00002C62  _remove_S |    00002C63  .jpad    
     00002C63  _joypad   |    00002C78  .padup    |    00002C78  _waitpadu
     00002C84  .wait_pad |    00002C84  _waitpad  |    00002C8C  _set_tile
     00002CEA  .coords_t |    00002D58  _get_bkg_ |    00002D60  .set_tile
     00002D6B  .set_tile |    00002E03  .set_tile |    00002E0E  .set_tile
ASxxxx Linker V03.00/V05.40 + sdld,  page 12.
Hexadecimal  [32-Bits]

Area                       Addr        Size        Decimal Bytes (Attributes)
--------------------       ----        ----        ------- ----- ------------
_INITIALIZER           00002E9D    00000236 =         566. bytes (REL,CON)

        Value  Global            Value  Global            Value  Global    
        -----  ------            -----  ------            -----  ------    
ASxxxx Linker V03.00/V05.40 + sdld,  page 13.
Hexadecimal  [32-Bits]

Area                       Addr        Size        Decimal Bytes (Attributes)
--------------------       ----        ----        ------- ----- ------------
_GSINIT                000030D3    0000000C =          12. bytes (REL,CON)

        Value  Global            Value  Global            Value  Global    
        -----  ------            -----  ------            -----  ------    
     000030D3  .gsinit  
ASxxxx Linker V03.00/V05.40 + sdld,  page 14.
Hexadecimal  [32-Bits]

Area                       Addr        Size        Decimal Bytes (Attributes)
--------------------       ----        ----        ------- ----- ------------
_GSFINAL               000030DF    00000001 =           1. bytes (REL,CON)

        Value  Global            Value  Global            Value  Global    
        -----  ------            -----  ------            -----  ------    
ASxxxx Linker V03.00/V05.40 + sdld,  page 15.
Hexadecimal  [32-Bits]

Area                       Addr        Size        Decimal Bytes (Attributes)
--------------------       ----        ----        ------- ----- ------------
_DATA                  0000C0C0    000000E5 =         229. bytes (REL,CON)

        Value  Global            Value  Global            Value  Global    
        -----  ------            -----  ------            -----  ------    
     0000C0C0  __BIOS    |    0000C0C1  __SYSTEM  |    0000C0C2  _coin_ani
     0000C0CE  _camera_x |    0000C0D0  _camera_x |    0000C0D2  _load_col
     0000C0D4  _current_ |    0000C0D6  _coldata  |    0000C0E6  _level_en
     0000C0E7  _current_ |    0000C0E8  _current_ |    0000C0EA  _current_
     0000C0EC  _current_ |    0000C0EE  _current_ |    0000C0F0  _current_
     0000C0F2  _level_ba |    0000C0F3  _level_lo |    0000C0F4  _level_lo
     0000C0F6  _level_lo |    0000C0FF  _active_p |    0000C106  _active_p
     0000C107  _active_p |    0000C108  _active_p |    0000C109  _platform
     0000C133  _powerup  |    0000C13D  _coins    |    0000C13E  _score   
     0000C140  _time     |    0000C142  _lives    |    0000C143  _joypad_p
     0000C144  _joypad_c |    0000C145  _player_x |    0000C147  _player_y
     0000C149  _player_x |    0000C14B  _player_y |    0000C14D  _player_x
     0000C14F  _player_y |    0000C151  _player_x |    0000C153  _player_y
     0000C155  _player_d |    0000C156  _player_d |    0000C157  _vel_x   
     0000C158  _vel_y    |    0000C159  _display_ |    0000C15A  _display_
     0000C15B  _display_ |    0000C15C  _marioSpr |    0000C15D  _scroll_l
     0000C15F  _tile_nex |    0000C160  _tile_nex |    0000C161  _plane_mo
     0000C162  _enemies  |    0000C1A2  ___curren |    0000C1A4  ___curren
ASxxxx Linker V03.00/V05.40 + sdld,  page 16.
Hexadecimal  [32-Bits]

Area                       Addr        Size        Decimal Bytes (Attributes)
--------------------       ----        ----        ------- ----- ------------
_INITIALIZED           0000C1A5    00000236 =         566. bytes (REL,CON)

        Value  Global            Value  Global            Value  Global    
        -----  ------            -----  ------            -----  ------    
     0000C1A5  _shadow_V |    0000C1A6  _shadow_V |    0000C1A7  _shadow_V
     0000C1A8  _shadow_V |    0000C1A9  _shadow_V |    0000C1AA  _shadow_V
     0000C1AB  _shadow_V |    0000C1AC  _shadow_V |    0000C1AC  _shadow_V
     0000C1AD  _shadow_V |    0000C1AD  _shadow_V |    0000C1AE  _shadow_V
     0000C1AE  _shadow_V |    0000C1AF  _shadow_V |    0000C1B0  .shadow_V
     0000C1B0  .sys_time |    0000C1B0  _sys_time |    0000C1B2  .vbl_done
     0000C1B2  __vbl_don |    0000C1B3  .vdp_shif |    0000C1B3  _VDP_ATTR
     0000C1B4  __shadow_ |    0000C1B5  __shadow_ |    0000C1B6  __sprites
     0000C1B7  .mode     |    0000C1B8  _coin_ind |    0000C1B9  _map_buff
     0000C3B9  _map_colu |    0000C3BA  _current_ |    0000C3BB  _level_pa
     0000C3BD  _current_ |    0000C3BE  _col_from |    0000C3C0  _pipe_act
     0000C3C1  _platform |    0000C3C2  _powerup_ |    0000C3C3  _is_jumpi
     0000C3C4  _touch_gr |    0000C3C5  _current_ |    0000C3C7  _player_f
     0000C3C8  _frame_co |    0000C3C9  _player_i |    0000C3CA  _enemy_co
     0000C3CB  __current |    0000C3CD  .TIM_DISP |    0000C3D9  ___render
     0000C3DA  __map_til
ASxxxx Linker V03.00/V05.40 + sdld,  page 17.
Hexadecimal  [32-Bits]

Area                       Addr        Size        Decimal Bytes (Attributes)
--------------------       ----        ----        ------- ----- ------------
_CODE_1                00014000    00003FF8 =       16376. bytes (REL,CON)

        Value  Global            Value  Global            Value  Global    
        -----  ------            -----  ------            -----  ------    
     00014000  ___func_p |    00014074  _player_m |    00014999  _player_m
     000150A5  _player_i |    00015184  _TitleScr |    00015184  ___func_T
     000151A4  _TitleScr |    00015E24  _TitleScr |    00015F8C  ___func_c
     00015F8C  _chaiTile |    00015FAC  _chaiTile |    00016AEC  _chaiTile
     00016B46  ___func_e |    00016B46  _eastonTi |    00016B66  _eastonTi
     00017426  _eastonTi |    0001746C  ___func_e |    0001746C  _enemy_ha
     000174DA  _enemy_ha |    0001753D  _enemy_ap |    0001779F  _enemy_ap
     00017916  _enemy_mo |    0001797B  _enemy_mo |    000179E1  _enemy_mo
     00017ADB  _enemy_st |    00017B39  _enemy_re |    00017B8E  _enemy_up
     00017D85  ___func_l |    00017D85  _level_4_
ASxxxx Linker V03.00/V05.40 + sdld,  page 18.
Hexadecimal  [32-Bits]

Area                       Addr        Size        Decimal Bytes (Attributes)
--------------------       ----        ----        ------- ----- ------------
_CODE_2                00024000    00003FF7 =       16375. bytes (REL,CON)

        Value  Global            Value  Global            Value  Global    
        -----  ------            -----  ------            -----  ------    
     00024000  ___func_m |    00024000  _marioSpr |    00024020  _marioSpr
     00024700  _marioSpr |    0002470F  _marioSpr |    0002471E  _marioSpr
     0002472D  _marioSpr |    0002473C  _marioSpr |    0002474B  _marioSpr
     0002475A  _marioSpr |    00024769  _marioSpr |    00024778  _marioSpr
     00024787  _marioSpr |    00024796  _marioSpr |    000247A5  _marioSpr
     000247B4  _marioSpr |    000247C3  _marioSpr |    000247D2  _marioSpr
     000247E1  _marioSpr |    000247FF  ___func_b |    000247FF  _birabuto
     0002481F  _birabuto |    00024F9F  _birabuto |    00024FDB  ___func_m
     00024FDB  _mudaTile |    00024FFB  _mudaTile |    0002577B  _mudaTile
     000257B7  ___func_c |    000257B7  _commonTi |    000257D7  _commonTi
     00025ED7  _commonTi |    00025F0F  ___func_e |    00025F0F  _enemiesC
     00025F2F  _enemiesC |    000264AF  _enemiesC |    000264BE  _enemiesC
     000264CD  _enemiesC |    000264D6  _enemiesC |    000264E5  _enemiesC
     000264F4  _enemiesC |    00026503  _enemiesC |    00026512  _enemiesC
     0002651B  _enemiesC |    0002652A  _enemiesC |    00026539  _enemiesC
     00026548  _enemiesC |    00026557  _enemiesC |    0002656F  ___func_t
     0002656F  _textTile |    0002658F  _textTile |    00026A8F  _textTile
     00026AB7  ___func_e |    00026AB7  _enemiesE |    00026AD7  _enemiesE
     00026ED7  _enemiesE |    00026EE6  _enemiesE |    00026EF5  _enemiesE
     00026EFE  _enemiesE |    00026F0D  _enemiesE |    00026F1C  _enemiesE
     00026F2B  _enemiesE |    00026F3A  _enemiesE |    00026F49  _enemiesE
     00026F52  _enemiesE |    00026F64  ___func_e |    00026F64  _enemiesB
     00026F84  _enemiesB |    00027344  _enemiesB |    00027353  _enemiesB
     00027362  _enemiesB |    0002736B  _enemiesB |    0002737A  _enemiesB
     00027389  _enemiesB |    00027392  _enemiesB |    000273A1  _enemiesB
     000273B0  _enemiesB |    000273B9  _enemiesB |    000273CB  ___func_e
     000273CB  _enemiesM |    000273EB  _enemiesM |    0002776B  _enemiesM
     0002777A  _enemiesM |    00027789  _enemiesM |    00027798  _enemiesM
     000277A1  _enemiesM |    000277B0  _enemiesM |    000277BF  _enemiesM
     000277CE  _enemiesM |    000277DD  _enemiesM |    000277ED  ___func_c
     000277ED  _commonSp |    0002780D  _commonSp |    000279AD  _commonSp
     000279B3  _commonSp |    000279B9  _commonSp |    000279BF  _commonSp
     000279C5  _commonSp |    000279CB  _commonSp |    000279D1  _commonSp
     000279D7  _commonSp |    000279DD  _commonSp |    000279E3  _commonSp
     000279E9  _commonSp |    000279EF  _commonSp |    000279F5  _commonSp
     000279F8  _commonSp |    000279FE  _commonSp |    00027A01  _commonSp
     00027A1F  ___func_l |    00027A1F  _level_3_ |    00027C03  ___func_l
     00027C03  _level_3_ |    00027DDC  ___func_l |    00027DDC  _level_4_
     00027F94  ___func_l |    00027F94  _level_1_ |    00027FD6  ___func_l
     00027FD6  _level_2_ |    00027FE1  ___func_l |    00027FE1  _level_4_
     00027FEC  ___func_u |    00027FEC  _undergro
ASxxxx Linker V03.00/V05.40 + sdld,  page 19.
Hexadecimal  [32-Bits]

Area                       Addr        Size        Decimal Bytes (Attributes)
--------------------       ----        ----        ------- ----- ------------
_CODE_3                00034000    00004000 =       16384. bytes (REL,CON)

        Value  Global            Value  Global            Value  Global    
        -----  ------            -----  ------            -----  ------    
     00034000  ___func_l |    00034000  _level_2_ |    00034181  ___func_l
     00034181  _level_1_ |    000342C1  ___func_l |    000342C1  _level_1_
     00034401  ___func_l |    00034401  _level_1_ |    00034541  ___func_l
     00034541  _level_1_ |    00034681  ___func_l |    00034681  _level_1_
     000347C1  ___func_l |    000347C1  _level_1_ |    00034901  ___func_l
     00034901  _level_1_ |    00034A41  ___func_l |    00034A41  _level_1_
     00034B81  ___func_l |    00034B81  _level_1_ |    00034CC1  ___func_l
     00034CC1  _level_1_ |    00034E01  ___func_l |    00034E01  _level_1_
     00034F41  ___func_l |    00034F41  _level_1_ |    00035081  ___func_l
     00035081  _level_1_ |    000351C1  ___func_l |    000351C1  _level_1_
     00035301  ___func_l |    00035301  _level_1_ |    00035441  ___func_l
     00035441  _level_1_ |    00035581  ___func_l |    00035581  _level_1_
     000356C1  ___func_l |    000356C1  _level_1_ |    00035801  ___func_l
     00035801  _level_1_ |    00035941  ___func_l |    00035941  _level_1_
     00035A81  ___func_l |    00035A81  _level_1_ |    00035BC1  ___func_l
     00035BC1  _level_1_ |    00035D01  ___func_l |    00035D01  _level_1_
     00035E41  ___func_l |    00035E41  _level_1_ |    00035F81  ___func_l
     00035F81  _level_1_ |    000360C1  ___func_l |    000360C1  _level_2_
     00036201  ___func_l |    00036201  _level_2_ |    00036341  ___func_l
     00036341  _level_2_ |    00036481  ___func_l |    00036481  _level_2_
     000365C1  ___func_l |    000365C1  _level_2_ |    00036701  ___func_l
     00036701  _level_2_ |    00036841  ___func_l |    00036841  _level_2_
     00036981  ___func_l |    00036981  _level_2_ |    00036AC1  ___func_l
     00036AC1  _level_2_ |    00036C01  ___func_l |    00036C01  _level_2_
     00036D41  ___func_l |    00036D41  _level_2_ |    00036E81  ___func_l
     00036E81  _level_2_ |    00036FC1  ___func_l |    00036FC1  _level_2_
     00037101  ___func_l |    00037101  _level_2_ |    00037241  ___func_l
     00037241  _level_2_ |    00037381  ___func_l |    00037381  _level_2_
     000374C1  ___func_l |    000374C1  _level_2_ |    00037601  ___func_l
     00037601  _level_2_ |    00037741  ___func_l |    00037741  _level_2_
     00037881  ___func_l |    00037881  _level_2_ |    000379C1  ___func_l
     000379C1  _level_2_ |    00037B01  ___func_l |    00037B01  _level_2_
     00037C41  ___func_l |    00037C41  _level_3_ |    00037D81  ___func_l
     00037D81  _level_3_ |    00037EC1  ___func_l |    00037EC1  _level_2_
ASxxxx Linker V03.00/V05.40 + sdld,  page 20.
Hexadecimal  [32-Bits]

Area                       Addr        Size        Decimal Bytes (Attributes)
--------------------       ----        ----        ------- ----- ------------
_CODE_4                00044000    00003FC0 =       16320. bytes (REL,CON)

        Value  Global            Value  Global            Value  Global    
        -----  ------            -----  ------            -----  ------    
     00044000  ___func_l |    00044000  _level_3_ |    00044140  ___func_l
     00044140  _level_3_ |    00044280  ___func_l |    00044280  _level_3_
     000443C0  ___func_l |    000443C0  _level_3_ |    00044500  ___func_l
     00044500  _level_3_ |    00044640  ___func_l |    00044640  _level_3_
     00044780  ___func_l |    00044780  _level_3_ |    000448C0  ___func_l
     000448C0  _level_3_ |    00044A00  ___func_l |    00044A00  _level_3_
     00044B40  ___func_l |    00044B40  _level_3_ |    00044C80  ___func_l
     00044C80  _level_3_ |    00044DC0  ___func_l |    00044DC0  _level_3_
     00044F00  ___func_l |    00044F00  _level_3_ |    00045040  ___func_l
     00045040  _level_3_ |    00045180  ___func_l |    00045180  _level_3_
     000452C0  ___func_l |    000452C0  _level_3_ |    00045400  ___func_l
     00045400  _level_3_ |    00045540  ___func_l |    00045540  _level_3_
     00045680  ___func_l |    00045680  _level_3_ |    000457C0  ___func_l
     000457C0  _level_3_ |    00045900  ___func_l |    00045900  _level_3_
     00045A40  ___func_l |    00045A40  _level_3_ |    00045B80  ___func_l
     00045B80  _level_3_ |    00045CC0  ___func_l |    00045CC0  _level_3_
     00045E00  ___func_l |    00045E00  _level_3_ |    00045F40  ___func_l
     00045F40  _level_3_ |    00046080  ___func_l |    00046080  _level_3_
     000461C0  ___func_l |    000461C0  _level_3_ |    00046300  ___func_l
     00046300  _level_3_ |    00046440  ___func_l |    00046440  _level_3_
     00046580  ___func_l |    00046580  _level_4_ |    000466C0  ___func_l
     000466C0  _level_4_ |    00046800  ___func_l |    00046800  _level_4_
     00046940  ___func_l |    00046940  _level_4_ |    00046A80  ___func_l
     00046A80  _level_4_ |    00046BC0  ___func_l |    00046BC0  _level_4_
     00046D00  ___func_l |    00046D00  _level_4_ |    00046E40  ___func_l
     00046E40  _level_4_ |    00046F80  ___func_l |    00046F80  _level_4_
     000470C0  ___func_l |    000470C0  _level_4_ |    00047200  ___func_l
     00047200  _level_4_ |    00047340  ___func_l |    00047340  _level_4_
     00047480  ___func_l |    00047480  _level_4_ |    000475C0  ___func_l
     000475C0  _level_4_ |    00047700  ___func_l |    00047700  _level_4_
     00047840  ___func_l |    00047840  _level_4_ |    00047980  ___func_l
     00047980  _level_4_ |    00047AC0  ___func_l |    00047AC0  _level_4_
     00047C00  ___func_l |    00047C00  _level_4_ |    00047D40  ___func_l
     00047D40  _level_4_ |    00047E80  ___func_l |    00047E80  _level_4_
ASxxxx Linker V03.00/V05.40 + sdld,  page 21.
Hexadecimal  [32-Bits]

Area                       Addr        Size        Decimal Bytes (Attributes)
--------------------       ----        ----        ------- ----- ------------
_CODE_5                00054000    0000208D =        8333. bytes (REL,CON)

        Value  Global            Value  Global            Value  Global    
        -----  ------            -----  ------            -----  ------    
     00054000  ___func_l |    00054000  _level_4_ |    00054140  ___func_l
     00054140  _level_4_ |    00054280  ___func_l |    00054280  _level_4_
     000543C0  ___func_l |    000543C0  _level_4_ |    00054500  ___func_l
     00054500  _level_4_ |    00054640  ___func_l |    00054640  _level_4_
     00054780  ___func_l |    00054780  _level_4_ |    000548C0  ___func_l
     000548C0  _level_4_ |    00054A00  ___func_l |    00054A00  _level_4_
     00054B40  ___func_l |    00054B40  _level_4_ |    00054C80  ___func_l
     00054C80  _level_4_ |    00054DC0  ___func_l |    00054DC0  _level_ga
     00054F00  ___func_s |    00054F00  _stage_en |    00055040  ___func_u
     00055040  _undergro |    00055180  ___func_u |    00055180  _undergro
     000552C0  ___func_u |    000552C0  _undergro |    00055400  ___func_u
     00055400  _undergro |    00055540  ___func_u |    00055540  _undergro
     00055680  ___func_u |    00055680  _undergro |    000557C0  ___func_u
     000557C0  _undergro |    00055900  ___func_u |    00055900  _undergro
     00055A40  ___func_u |    00055A40  _undergro |    00055B80  ___func_u
     00055B80  _undergro |    00055CC0  ___func_e |    00055CC0  _enemiesS
     00055CE0  _enemiesS |    00055DC0  _enemiesS |    00055DC6  _enemiesS
     00055DCC  _enemiesS |    00055DD5  _enemiesS |    00055DDE  _enemiesS
     00055DE4  _enemiesS |    00055DEE  ___func_l |    00055DEE  _level_1_
     00055EE0  ___func_l |    00055EE0  _level_1_ |    00055FBC  ___func_l
     00055FBC  _level_3_
ASxxxx Linker V03.00/V05.40 + sdld,  page 22.

Files Linked                              [ module(s) ]

/home/odrevet/projects/gbdk/lib/gg/crt0.o
                                          [ Runtime ]
obj/gg/coin_animated.rel                  [ coin_animated ]
obj/gg/game.rel                           [ game ]
obj/gg/hud.rel                            [ hud ]
obj/gg/level.rel                          [ level ]
obj/gg/level_tables.rel                   [ level_tables ]
obj/gg/main.rel                           [ main ]
obj/gg/pipe.rel                           [ pipe ]
obj/gg/platforms.rel                      [ platforms ]
obj/gg/powerup.rel                        [ powerup ]
obj/gg/text.rel                           [ text ]
obj/gg/player.rel                         [ player ]
/tmp/lcc109502126.rel                     [ TitleScreen ]
/tmp/lcc1095021.rel                       [ chaiTileset ]
/tmp/lcc1095024.rel                       [ eastonTileset ]
obj/gg/enemy.rel                          [ enemy ]
/tmp/lcc109502122.rel                     [ marioSprites ]
/tmp/lcc1095020.rel                       [ birabutoTileset ]
/tmp/lcc109502123.rel                     [ mudaTileset ]
/tmp/lcc1095023.rel                       [ commonTileset ]
/tmp/lcc1095026.rel                       [ enemiesChaiSprites ]
/tmp/lcc109502125.rel                     [ textTileset ]
/tmp/lcc1095027.rel                       [ enemiesEastonSprites ]
/tmp/lcc1095025.rel                       [ enemiesBirabutoSprites ]
/tmp/lcc1095028.rel                       [ enemiesMudaSprites ]
obj/gg/lookup_table_4_1.rel               [ lookup_table_4_1 ]
/tmp/lcc1095022.rel                       [ commonSprites ]
obj/gg/lookup_table_3_2.rel               [ lookup_table_3_2 ]
obj/gg/lookup_table_3_1.rel               [ lookup_table_3_1 ]
obj/gg/lookup_table_4_2.rel               [ lookup_table_4_2 ]
obj/gg/lookup_table_2_1.rel               [ lookup_table_2_1 ]
/tmp/lcc10950210.rel                      [ level_1_1_00 ]
/tmp/lcc10950211.rel                      [ level_1_1_01 ]
/tmp/lcc10950212.rel                      [ level_1_1_02 ]
/tmp/lcc10950213.rel                      [ level_1_1_03 ]
/tmp/lcc10950214.rel                      [ level_1_1_04 ]
/tmp/lcc10950215.rel                      [ level_1_1_05 ]
/tmp/lcc10950216.rel                      [ level_1_1_06 ]
/tmp/lcc10950217.rel                      [ level_1_2_00 ]
/tmp/lcc10950218.rel                      [ level_1_2_01 ]
/tmp/lcc10950219.rel                      [ level_1_2_02 ]
/tmp/lcc10950220.rel                      [ level_1_2_03 ]
/tmp/lcc10950221.rel                      [ level_1_2_04 ]
/tmp/lcc10950222.rel                      [ level_1_2_05 ]
/tmp/lcc10950223.rel                      [ level_1_2_06 ]
/tmp/lcc10950224.rel                      [ level_1_3_00 ]
/tmp/lcc10950225.rel                      [ level_1_3_01 ]
/tmp/lcc10950226.rel                      [ level_1_3_02 ]
/tmp/lcc10950227.rel                      [ level_1_3_03 ]
/tmp/lcc10950228.rel                      [ level_1_3_04 ]
/tmp/lcc10950229.rel                      [ level_1_3_05 ]
/tmp/lcc10950230.rel                      [ level_1_3_06 ]
/tmp/lcc10950231.rel                      [ level_1_3_07 ]
/tmp/lcc10950232.rel                      [ level_1_3_08 ]
/tmp/lcc10950233.rel                      [ level_1_3_09 ]
/tmp/lcc10950234.rel                      [ level_1_3_10 ]
/tmp/lcc10950235.rel                      [ level_2_1_00 ]
/tmp/lcc10950236.rel                      [ level_2_1_01 ]
/tmp/lcc10950237.rel                      [ level_2_1_02 ]
/tmp/lcc10950238.rel                      [ level_2_1_03 ]
/tmp/lcc10950239.rel                      [ level_2_1_04 ]
/tmp/lcc10950240.rel                      [ level_2_1_05 ]
/tmp/lcc10950241.rel                      [ level_2_1_06 ]
/tmp/lcc10950242.rel                      [ level_2_1_07 ]
/tmp/lcc10950243.rel                      [ level_2_2_00 ]
/tmp/lcc10950244.rel                      [ level_2_2_01 ]
/tmp/lcc10950245.rel                      [ level_2_2_02 ]
/tmp/lcc10950246.rel                      [ level_2_2_03 ]
/tmp/lcc10950247.rel                      [ level_2_2_04 ]
/tmp/lcc10950248.rel                      [ level_2_2_05 ]
/tmp/lcc10950249.rel                      [ level_2_2_06 ]
/tmp/lcc10950250.rel                      [ level_2_2_07 ]
/tmp/lcc10950251.rel                      [ level_2_3_00 ]
/tmp/lcc10950252.rel                      [ level_2_3_01 ]
/tmp/lcc10950253.rel                      [ level_2_3_02 ]
/tmp/lcc10950254.rel                      [ level_2_3_03 ]
/tmp/lcc10950255.rel                      [ level_2_3_04 ]
/tmp/lcc10950256.rel                      [ level_2_3_05 ]
/tmp/lcc10950257.rel                      [ level_3_1_00 ]
/tmp/lcc10950258.rel                      [ level_3_1_01 ]
/tmp/lcc10950259.rel                      [ level_3_1_02 ]
/tmp/lcc10950260.rel                      [ level_3_1_03 ]
/tmp/lcc10950261.rel                      [ level_3_1_04 ]
/tmp/lcc10950262.rel                      [ level_3_1_05 ]
/tmp/lcc10950263.rel                      [ level_3_1_06 ]
/tmp/lcc10950264.rel                      [ level_3_1_07 ]
/tmp/lcc10950265.rel                      [ level_3_1_08 ]
/tmp/lcc10950266.rel                      [ level_3_1_09 ]
/tmp/lcc10950267.rel                      [ level_3_1_10 ]
/tmp/lcc10950268.rel                      [ level_3_1_11 ]
/tmp/lcc10950269.rel                      [ level_3_2_00 ]
/tmp/lcc10950270.rel                      [ level_3_2_01 ]
/tmp/lcc10950271.rel                      [ level_3_2_02 ]
/tmp/lcc10950272.rel                      [ level_3_2_03 ]
/tmp/lcc10950273.rel                      [ level_3_2_04 ]
/tmp/lcc10950274.rel                      [ level_3_2_05 ]
/tmp/lcc10950275.rel                      [ level_3_2_06 ]
/tmp/lcc10950276.rel                      [ level_3_2_07 ]
/tmp/lcc10950277.rel                      [ level_3_2_08 ]
/tmp/lcc10950278.rel                      [ level_3_2_09 ]
/tmp/lcc10950279.rel                      [ level_3_2_10 ]
/tmp/lcc10950280.rel                      [ level_3_3_00 ]
/tmp/lcc10950281.rel                      [ level_3_3_01 ]
/tmp/lcc10950282.rel                      [ level_3_3_02 ]
/tmp/lcc10950283.rel                      [ level_3_3_03 ]
/tmp/lcc10950284.rel                      [ level_3_3_04 ]
/tmp/lcc10950285.rel                      [ level_3_3_05 ]
/tmp/lcc10950286.rel                      [ level_3_3_06 ]
/tmp/lcc10950287.rel                      [ level_3_3_07 ]
/tmp/lcc10950288.rel                      [ level_3_3_08 ]
/tmp/lcc10950289.rel                      [ level_4_1_00 ]
/tmp/lcc10950290.rel                      [ level_4_1_01 ]
/tmp/lcc10950291.rel                      [ level_4_1_02 ]
/tmp/lcc10950292.rel                      [ level_4_1_03 ]
/tmp/lcc10950293.rel                      [ level_4_1_04 ]
/tmp/lcc10950294.rel                      [ level_4_1_05 ]
/tmp/lcc10950295.rel                      [ level_4_1_06 ]
/tmp/lcc10950296.rel                      [ level_4_1_07 ]
/tmp/lcc10950297.rel                      [ level_4_1_08 ]
/tmp/lcc10950298.rel                      [ level_4_1_09 ]
/tmp/lcc10950299.rel                      [ level_4_2_00 ]
/tmp/lcc109502100.rel                     [ level_4_2_01 ]
/tmp/lcc109502101.rel                     [ level_4_2_02 ]
/tmp/lcc109502102.rel                     [ level_4_2_03 ]
/tmp/lcc109502103.rel                     [ level_4_2_04 ]
/tmp/lcc109502104.rel                     [ level_4_2_05 ]
/tmp/lcc109502105.rel                     [ level_4_2_06 ]
/tmp/lcc109502106.rel                     [ level_4_2_07 ]
/tmp/lcc109502107.rel                     [ level_4_2_08 ]
/tmp/lcc109502108.rel                     [ level_4_2_09 ]
/tmp/lcc109502109.rel                     [ level_4_2_10 ]
/tmp/lcc109502110.rel                     [ level_4_2_11 ]
/tmp/lcc109502111.rel                     [ level_4_3_00 ]
/tmp/lcc109502112.rel                     [ level_4_3_01 ]
/tmp/lcc109502113.rel                     [ level_4_3_02 ]
/tmp/lcc109502114.rel                     [ level_4_3_03 ]
/tmp/lcc109502115.rel                     [ level_4_3_04 ]
/tmp/lcc109502116.rel                     [ level_4_3_05 ]
/tmp/lcc109502117.rel                     [ level_4_3_06 ]
/tmp/lcc109502118.rel                     [ level_4_3_07 ]
/tmp/lcc109502119.rel                     [ level_4_3_08 ]
/tmp/lcc109502120.rel                     [ level_4_3_09 ]
/tmp/lcc109502121.rel                     [ level_gates ]
/tmp/lcc109502124.rel                     [ stage_end ]
/tmp/lcc109502127.rel                     [ underground_0 ]
/tmp/lcc109502128.rel                     [ underground_1 ]
/tmp/lcc109502129.rel                     [ underground_2 ]
/tmp/lcc109502130.rel                     [ underground_3 ]
/tmp/lcc109502131.rel                     [ underground_4 ]
/tmp/lcc109502132.rel                     [ underground_5 ]
/tmp/lcc109502133.rel                     [ underground_6 ]
/tmp/lcc109502134.rel                     [ underground_7 ]
/tmp/lcc109502135.rel                     [ underground_8 ]
/tmp/lcc109502136.rel                     [ underground_9 ]
obj/gg/lookup_table_2_2.rel               [ lookup_table_2_2 ]
/tmp/lcc1095029.rel                       [ enemiesSprites ]
obj/gg/lookup_table_1_2.rel               [ lookup_table_1_2 ]
obj/gg/lookup_table_1_1.rel               [ lookup_table_1_1 ]
obj/gg/lookup_table_3_3.rel               [ lookup_table_3_3 ]
obj/gg/lookup_table_1_3.rel               [ lookup_table_1_3 ]
obj/gg/lookup_table_2_3.rel               [ lookup_table_2_3 ]
obj/gg/lookup_table_4_3.rel               [ lookup_table_4_3 ]
obj/gg/lookup_table_underground.rel       [ lookup_table_underground ]


Libraries Linked                          [ object file ]

/home/odrevet/projects/gbdk/lib/gg/gg.lib
                                          [ sms_set_2bpp_data.o ]
/home/odrevet/projects/gbdk/lib/gg/gg.lib
                                          [ set_tile.o ]
/home/odrevet/projects/gbdk/lib/z80/z80.lib
                                          [ __itoa.o ]
/home/odrevet/projects/gbdk/lib/gg/gg.lib
                                          [ sms_metasprites_hide_spr.o ]
/home/odrevet/projects/gbdk/lib/z80/z80.lib
                                          [ __strreverse.o ]
/home/odrevet/projects/gbdk/lib/gg/gg.lib
                                          [ nmi.o ]
/home/odrevet/projects/gbdk/lib/z80/z80.lib
                                          [ modunsigned.o ]
/home/odrevet/projects/gbdk/lib/gg/gg.lib
                                          [ sms_metasprites_hide.o ]
/home/odrevet/projects/gbdk/lib/gg/gg.lib
                                          [ outi.o ]
/home/odrevet/projects/gbdk/lib/gg/gg.lib
                                          [ sms_int.o ]
/home/odrevet/projects/gbdk/lib/z80/z80.lib
                                          [ divunsigned.o ]
/home/odrevet/projects/gbdk/lib/gg/gg.lib
                                          [ pad.o ]
/home/odrevet/projects/gbdk/lib/gg/gg.lib
                                          [ sms_metasprites.o ]
/home/odrevet/projects/gbdk/lib/z80/z80.lib
                                          [ memset.o ]
/home/odrevet/projects/gbdk/lib/gg/gg.lib
                                          [ delay.o ]
/home/odrevet/projects/gbdk/lib/gg/gg.lib
                                          [ ___sdcc_bcall_ehl.o ]
/home/odrevet/projects/gbdk/lib/gg/gg.lib
                                          [ sms_metasprites_flip.o ]
/home/odrevet/projects/gbdk/lib/z80/z80.lib
                                          [ strlen.o ]
/home/odrevet/projects/gbdk/lib/gg/gg.lib
                                          [ set_tile_map_compat.o ]
/home/odrevet/projects/gbdk/lib/z80/z80.lib
                                          [ modsigned.o ]
/home/odrevet/projects/gbdk/lib/gg/gg.lib
                                          [ coords_to_address.o ]
/home/odrevet/projects/gbdk/lib/z80/z80.lib
                                          [ divsigned.o ]
/home/odrevet/projects/gbdk/lib/z80/z80.lib
                                          [ __uitobcd.o ]
/home/odrevet/projects/gbdk/lib/gg/gg.lib
                                          [ set_tile_map_xy_compat.o ]
/home/odrevet/projects/gbdk/lib/gg/gg.lib
                                          [ set_tile_map_xy.o ]

ASxxxx Linker V03.00/V05.40 + sdld,  page 23.

User Base Address Definitions

_DATA=0xC0C0
_CODE=0x0100
ASxxxx Linker V03.00/V05.40 + sdld,  page 24.

User Global Definitions

_shadow_OAM=0xC000
.STACK=0xDFF0

