                                      1 ;--------------------------------------------------------
                                      2 ; File Created by SDCC : free open source ISO C Compiler
                                      3 ; Version 4.5.1 #15267 (Linux)
                                      4 ;--------------------------------------------------------
                                      5 	.module coin_animated
                                      6 	
                                      7 ;--------------------------------------------------------
                                      8 ; Public variables in this module
                                      9 ;--------------------------------------------------------
                                     10 	.globl _coin_index
                                     11 	.globl _coin_animated_array
                                     12 	.globl _coin_animated_new
                                     13 	.globl _coin_animated_update
                                     14 	.globl _coin_animated_draw
                                     15 ;--------------------------------------------------------
                                     16 ; special function registers
                                     17 ;--------------------------------------------------------
                                     18 	.area _HRAM
                                     19 ;--------------------------------------------------------
                                     20 ; ram data
                                     21 ;--------------------------------------------------------
                                     22 	.area _DATA
    00000000                         23 _coin_animated_array::
    00000000                         24 	.ds 12
                                     25 ;--------------------------------------------------------
                                     26 ; ram data
                                     27 ;--------------------------------------------------------
                                     28 	.area _INITIALIZED
    00000000                         29 _coin_index::
    00000000                         30 	.ds 1
                                     31 ;--------------------------------------------------------
                                     32 ; absolute external ram data
                                     33 ;--------------------------------------------------------
                                     34 	.area _DABS (ABS)
                                     35 ;--------------------------------------------------------
                                     36 ; global & static initialisations
                                     37 ;--------------------------------------------------------
                                     38 	.area _HOME
                                     39 	.area _GSINIT
                                     40 	.area _GSFINAL
                                     41 	.area _GSINIT
                                     42 ;--------------------------------------------------------
                                     43 ; Home
                                     44 ;--------------------------------------------------------
                                     45 	.area _HOME
                                     46 	.area _HOME
                                     47 ;--------------------------------------------------------
                                     48 ; code
                                     49 ;--------------------------------------------------------
                                     50 	.area _CODE
                                     51 ;src/coin_animated.c:9: void coin_animated_new(uint8_t index_x, uint8_t index_y) {
                                     52 ;	---------------------------------
                                     53 ; Function coin_animated_new
                                     54 ; ---------------------------------
    00000000                         55 _coin_animated_new::
    00000000 57               [ 4]   56 	ld	d, a
                                     57 ;src/coin_animated.c:10: coin_animated_array[coin_index].draw_x = index_x << 3;
    00000001 01r00r00         [12]   58 	ld	bc, #_coin_animated_array+0
    00000004 FAr00r00         [16]   59 	ld	a, (_coin_index)
    00000007 6F               [ 4]   60 	ld	l, a
    00000008 26 00            [ 8]   61 	ld	h, #0x00
    0000000A 29               [ 8]   62 	add	hl, hl
    0000000B 29               [ 8]   63 	add	hl, hl
    0000000C 09               [ 8]   64 	add	hl, bc
    0000000D 7A               [ 4]   65 	ld	a, d
    0000000E 87               [ 4]   66 	add	a, a
    0000000F 87               [ 4]   67 	add	a, a
    00000010 87               [ 4]   68 	add	a, a
    00000011 77               [ 8]   69 	ld	(hl), a
                                     70 ;src/coin_animated.c:11: coin_animated_array[coin_index].draw_y = index_y << 3;
    00000012 FAr00r00         [16]   71 	ld	a, (_coin_index)
    00000015 26 00            [ 8]   72 	ld	h, #0x00
    00000017 6F               [ 4]   73 	ld	l, a
    00000018 29               [ 8]   74 	add	hl, hl
    00000019 29               [ 8]   75 	add	hl, hl
    0000001A 09               [ 8]   76 	add	hl, bc
    0000001B 23               [ 8]   77 	inc	hl
    0000001C 7B               [ 4]   78 	ld	a, e
    0000001D 87               [ 4]   79 	add	a, a
    0000001E 87               [ 4]   80 	add	a, a
    0000001F 87               [ 4]   81 	add	a, a
    00000020 77               [ 8]   82 	ld	(hl), a
                                     83 ;src/coin_animated.c:12: coin_animated_array[coin_index].ttl = COIN_ANIMATED_INITIAL_TTL;
    00000021 FAr00r00         [16]   84 	ld	a, (_coin_index)
    00000024 26 00            [ 8]   85 	ld	h, #0x00
    00000026 6F               [ 4]   86 	ld	l, a
    00000027 29               [ 8]   87 	add	hl, hl
    00000028 29               [ 8]   88 	add	hl, hl
    00000029 09               [ 8]   89 	add	hl, bc
    0000002A 23               [ 8]   90 	inc	hl
    0000002B 23               [ 8]   91 	inc	hl
    0000002C 36 14            [12]   92 	ld	(hl), #0x14
                                     93 ;src/coin_animated.c:13: hide_sprite(COIN_HW_SPRITE_BASE + coin_index);
    0000002E FAr00r00         [16]   94 	ld	a, (_coin_index)
    00000031 C6 0A            [ 8]   95 	add	a, #0x0a
    00000033 5F               [ 4]   96 	ld	e, a
                                     97 ;/home/odrevet/projects/gbdk/include/gb/gb.h:2001: shadow_OAM[nb].y = 0;
    00000034 AF               [ 4]   98 	xor	a, a
    00000035 6B               [ 4]   99 	ld	l, e
    00000036 67               [ 4]  100 	ld	h, a
    00000037 29               [ 8]  101 	add	hl, hl
    00000038 29               [ 8]  102 	add	hl, hl
    00000039 11r00r00         [12]  103 	ld	de, #_shadow_OAM
    0000003C 19               [ 8]  104 	add	hl, de
    0000003D 36 00            [12]  105 	ld	(hl), #0x00
                                    106 ;src/coin_animated.c:14: coin_animated_array[coin_index].hw_sprite_index = COIN_HW_SPRITE_BASE + coin_index;
    0000003F FAr00r00         [16]  107 	ld	a, (_coin_index)
    00000042 26 00            [ 8]  108 	ld	h, #0x00
    00000044 6F               [ 4]  109 	ld	l, a
    00000045 29               [ 8]  110 	add	hl, hl
    00000046 29               [ 8]  111 	add	hl, hl
    00000047 09               [ 8]  112 	add	hl, bc
    00000048 23               [ 8]  113 	inc	hl
    00000049 23               [ 8]  114 	inc	hl
    0000004A 23               [ 8]  115 	inc	hl
    0000004B FAr00r00         [16]  116 	ld	a, (_coin_index)
    0000004E C6 0A            [ 8]  117 	add	a, #0x0a
    00000050 77               [ 8]  118 	ld	(hl), a
                                    119 ;src/coin_animated.c:15: coin_index = (coin_index + 1) % NB_COIN_ANIMATED;
    00000051 FAr00r00         [16]  120 	ld	a, (_coin_index)
    00000054 16 00            [ 8]  121 	ld	d, #0x00
    00000056 5F               [ 4]  122 	ld	e, a
    00000057 13               [ 8]  123 	inc	de
    00000058 01 03 00         [12]  124 	ld	bc, #0x0003
    0000005B CDr00r00         [24]  125 	call	__modsint
    0000005E 21r00r00         [12]  126 	ld	hl, #_coin_index
    00000061 71               [ 8]  127 	ld	(hl), c
                                    128 ;src/coin_animated.c:16: }
    00000062 C9               [16]  129 	ret
                                    130 ;src/coin_animated.c:18: void coin_animated_update(void) {
                                    131 ;	---------------------------------
                                    132 ; Function coin_animated_update
                                    133 ; ---------------------------------
    00000063                        134 _coin_animated_update::
    00000063 3B               [ 8]  135 	dec	sp
                                    136 ;src/coin_animated.c:21: for (i = 0; i < NB_COIN_ANIMATED; i++) {
    00000064 F8 00            [12]  137 	ldhl	sp,	#0
    00000066 36 00            [12]  138 	ld	(hl), #0x00
    00000068                        139 00107$:
                                    140 ;src/coin_animated.c:22: if (coin_animated_array[i].ttl > 0) {
    00000068 F8 00            [12]  141 	ldhl	sp,	#0
    0000006A 4E               [ 8]  142 	ld	c, (hl)
    0000006B 06 00            [ 8]  143 	ld	b, #0x00
    0000006D 69               [ 4]  144 	ld	l, c
    0000006E 60               [ 4]  145 	ld	h, b
    0000006F 29               [ 8]  146 	add	hl, hl
    00000070 29               [ 8]  147 	add	hl, hl
    00000071 11r00r00         [12]  148 	ld	de, #_coin_animated_array
    00000074 19               [ 8]  149 	add	hl, de
    00000075 5D               [ 4]  150 	ld	e, l
    00000076 54               [ 4]  151 	ld	d, h
    00000077 13               [ 8]  152 	inc	de
    00000078 13               [ 8]  153 	inc	de
    00000079 1A               [ 8]  154 	ld	a, (de)
    0000007A B7               [ 4]  155 	or	a, a
    0000007B 28 1A            [12]  156 	jr	Z, 00108$
                                    157 ;src/coin_animated.c:23: coin_animated_array[i].ttl--;
    0000007D 3D               [ 4]  158 	dec	a
    0000007E 12               [ 8]  159 	ld	(de), a
                                    160 ;src/coin_animated.c:24: coin_animated_array[i].draw_y--;
    0000007F 4D               [ 4]  161 	ld	c, l
    00000080 44               [ 4]  162 	ld	b, h
    00000081 03               [ 8]  163 	inc	bc
    00000082 0A               [ 8]  164 	ld	a, (bc)
    00000083 3D               [ 4]  165 	dec	a
    00000084 02               [ 8]  166 	ld	(bc), a
                                    167 ;src/coin_animated.c:25: if (coin_animated_array[i].ttl == 0) {
    00000085 1A               [ 8]  168 	ld	a, (de)
    00000086 B7               [ 4]  169 	or	a, a
    00000087 20 0E            [12]  170 	jr	NZ, 00108$
                                    171 ;src/coin_animated.c:26: hide_sprite(coin_animated_array[i].hw_sprite_index);
    00000089 23               [ 8]  172 	inc	hl
    0000008A 23               [ 8]  173 	inc	hl
    0000008B 23               [ 8]  174 	inc	hl
                                    175 ;/home/odrevet/projects/gbdk/include/gb/gb.h:2001: shadow_OAM[nb].y = 0;
    0000008C 6E               [ 8]  176 	ld	l, (hl)
    0000008D AF               [ 4]  177 	xor	a, a
    0000008E 67               [ 4]  178 	ld	h, a
    0000008F 29               [ 8]  179 	add	hl, hl
    00000090 29               [ 8]  180 	add	hl, hl
    00000091 11r00r00         [12]  181 	ld	de, #_shadow_OAM
    00000094 19               [ 8]  182 	add	hl, de
    00000095 36 00            [12]  183 	ld	(hl), #0x00
                                    184 ;src/coin_animated.c:26: hide_sprite(coin_animated_array[i].hw_sprite_index);
    00000097                        185 00108$:
                                    186 ;src/coin_animated.c:21: for (i = 0; i < NB_COIN_ANIMATED; i++) {
    00000097 F8 00            [12]  187 	ldhl	sp,	#0
    00000099 34               [12]  188 	inc	(hl)
    0000009A 7E               [ 8]  189 	ld	a, (hl)
    0000009B D6 03            [ 8]  190 	sub	a, #0x03
    0000009D 38 C9            [12]  191 	jr	C, 00107$
                                    192 ;src/coin_animated.c:30: }
    0000009F 33               [ 8]  193 	inc	sp
    000000A0 C9               [16]  194 	ret
                                    195 ;src/coin_animated.c:32: uint8_t coin_animated_draw(uint8_t base_sprite) {
                                    196 ;	---------------------------------
                                    197 ; Function coin_animated_draw
                                    198 ; ---------------------------------
    000000A1                        199 _coin_animated_draw::
    000000A1 E8 F5            [16]  200 	add	sp, #-11
    000000A3 F8 09            [12]  201 	ldhl	sp,	#9
    000000A5 77               [ 8]  202 	ld	(hl), a
                                    203 ;src/coin_animated.c:33: uint8_t _saved_bank = _current_bank;
    000000A6 F0r00            [12]  204 	ldh	a, (__current_bank + 0)
    000000A8 F8 02            [12]  205 	ldhl	sp,	#2
    000000AA 77               [ 8]  206 	ld	(hl), a
                                    207 ;src/coin_animated.c:34: SWITCH_ROM(BANK(commonSprites));
    000000AB 3Er00            [ 8]  208 	ld	a, #<(___bank_commonSprites)
    000000AD E0r00            [12]  209 	ldh	(__current_bank + 0), a
    000000AF EAr00r00         [16]  210 	ld	(#_rROMB0),a
                                    211 ;src/coin_animated.c:38: for (i = 0; i < NB_COIN_ANIMATED; i++) {
    000000B2 F8 0A            [12]  212 	ldhl	sp,	#10
    000000B4 36 00            [12]  213 	ld	(hl), #0x00
    000000B6                        214 00105$:
                                    215 ;src/coin_animated.c:39: if (coin_animated_array[i].ttl > 0) {
    000000B6 F8 0A            [12]  216 	ldhl	sp,	#10
    000000B8 4E               [ 8]  217 	ld	c, (hl)
    000000B9 06 00            [ 8]  218 	ld	b, #0x00
    000000BB CB 21            [ 8]  219 	sla	c
    000000BD CB 10            [ 8]  220 	rl	b
    000000BF CB 21            [ 8]  221 	sla	c
    000000C1 CB 10            [ 8]  222 	rl	b
    000000C3 21r00r00         [12]  223 	ld	hl, #_coin_animated_array
    000000C6 09               [ 8]  224 	add	hl, bc
    000000C7 33               [ 8]  225 	inc	sp
    000000C8 33               [ 8]  226 	inc	sp
    000000C9 4D               [ 4]  227 	ld	c, l
    000000CA 44               [ 4]  228 	ld	b, h
    000000CB C5               [16]  229 	push	bc
    000000CC 03               [ 8]  230 	inc	bc
    000000CD 03               [ 8]  231 	inc	bc
    000000CE 0A               [ 8]  232 	ld	a, (bc)
    000000CF F8 08            [12]  233 	ldhl	sp,	#8
    000000D1 77               [ 8]  234 	ld	(hl), a
    000000D2 7E               [ 8]  235 	ld	a, (hl)
    000000D3 B7               [ 4]  236 	or	a, a
    000000D4 CAr73r01         [16]  237 	jp	Z, 00106$
                                    238 ;src/coin_animated.c:40: uint8_t draw_index = 3 + ((20 - coin_animated_array[i].ttl) % 3) * 5;
    000000D7 4E               [ 8]  239 	ld	c, (hl)
    000000D8 06 00            [ 8]  240 	ld	b, #0x00
    000000DA 3E 14            [ 8]  241 	ld	a, #0x14
    000000DC 91               [ 4]  242 	sub	a, c
    000000DD 5F               [ 4]  243 	ld	e, a
    000000DE 9F               [ 4]  244 	sbc	a, a
    000000DF 90               [ 4]  245 	sub	a, b
    000000E0 01 03 00         [12]  246 	ld	bc, #0x0003
    000000E3 57               [ 4]  247 	ld	d, a
    000000E4 CDr00r00         [24]  248 	call	__modsint
    000000E7 79               [ 4]  249 	ld	a, c
    000000E8 87               [ 4]  250 	add	a, a
    000000E9 87               [ 4]  251 	add	a, a
    000000EA 81               [ 4]  252 	add	a, c
    000000EB C6 03            [ 8]  253 	add	a, #0x03
                                    254 ;src/coin_animated.c:42: metasprite_t *commonSprites_metasprite =
    000000ED 26 00            [ 8]  255 	ld	h, #0x00
    000000EF 6F               [ 4]  256 	ld	l, a
    000000F0 29               [ 8]  257 	add	hl, hl
    000000F1 11r00r00         [12]  258 	ld	de, #_commonSprites_metasprites
    000000F4 19               [ 8]  259 	add	hl, de
    000000F5 5D               [ 4]  260 	ld	e, l
    000000F6 54               [ 4]  261 	ld	d, h
    000000F7 1A               [ 8]  262 	ld	a, (de)
    000000F8 F8 03            [12]  263 	ldhl	sp,	#3
    000000FA 22               [ 8]  264 	ld	(hl+), a
    000000FB 13               [ 8]  265 	inc	de
    000000FC 1A               [ 8]  266 	ld	a, (de)
    000000FD 77               [ 8]  267 	ld	(hl), a
                                    268 ;src/coin_animated.c:48: coin_animated_array[i].draw_y + 32);
    000000FE D1               [12]  269 	pop	de
    000000FF D5               [16]  270 	push	de
    00000100 6B               [ 4]  271 	ld	l, e
    00000101 62               [ 4]  272 	ld	h, d
    00000102 23               [ 8]  273 	inc	hl
    00000103 E5               [16]  274 	push	hl
    00000104 7D               [ 4]  275 	ld	a, l
    00000105 F8 09            [12]  276 	ldhl	sp,	#9
    00000107 77               [ 8]  277 	ld	(hl), a
    00000108 E1               [12]  278 	pop	hl
    00000109 7C               [ 4]  279 	ld	a, h
    0000010A F8 08            [12]  280 	ldhl	sp,	#8
    0000010C 32               [ 8]  281 	ld	(hl-), a
    0000010D 2A               [ 8]  282 	ld	a, (hl+)
    0000010E 5F               [ 4]  283 	ld	e, a
    0000010F 56               [ 8]  284 	ld	d, (hl)
    00000110 1A               [ 8]  285 	ld	a, (de)
    00000111 77               [ 8]  286 	ld	(hl), a
    00000112 7E               [ 8]  287 	ld	a, (hl)
    00000113 C6 20            [ 8]  288 	add	a, #0x20
    00000115 F8 05            [12]  289 	ldhl	sp,	#5
    00000117 77               [ 8]  290 	ld	(hl), a
                                    291 ;src/coin_animated.c:47: coin_animated_array[i].draw_x + 12 - camera_x,
    00000118 D1               [12]  292 	pop	de
    00000119 D5               [16]  293 	push	de
    0000011A 1A               [ 8]  294 	ld	a, (de)
    0000011B C6 0C            [ 8]  295 	add	a, #0x0c
    0000011D 21r00r00         [12]  296 	ld	hl, #_camera_x
    00000120 4E               [ 8]  297 	ld	c, (hl)
    00000121 91               [ 4]  298 	sub	a, c
    00000122 F8 06            [12]  299 	ldhl	sp,	#6
    00000124 77               [ 8]  300 	ld	(hl), a
                                    301 ;src/coin_animated.c:46: commonSprites_metasprite, commonSprites_TILE_ORIGIN, 0, coin_animated_array[i].hw_sprite_index,
    00000125 D1               [12]  302 	pop	de
    00000126 D5               [16]  303 	push	de
    00000127 21 03 00         [12]  304 	ld	hl, #0x0003
    0000012A 19               [ 8]  305 	add	hl, de
    0000012B E5               [16]  306 	push	hl
    0000012C 7D               [ 4]  307 	ld	a, l
    0000012D F8 09            [12]  308 	ldhl	sp,	#9
    0000012F 77               [ 8]  309 	ld	(hl), a
    00000130 E1               [12]  310 	pop	hl
    00000131 7C               [ 4]  311 	ld	a, h
    00000132 F8 08            [12]  312 	ldhl	sp,	#8
    00000134 32               [ 8]  313 	ld	(hl-), a
    00000135 2A               [ 8]  314 	ld	a, (hl+)
    00000136 5F               [ 4]  315 	ld	e, a
    00000137 56               [ 8]  316 	ld	d, (hl)
    00000138 1A               [ 8]  317 	ld	a, (de)
    00000139 77               [ 8]  318 	ld	(hl), a
                                    319 ;/home/odrevet/projects/gbdk/include/gb/metasprites.h:160: __current_metasprite = metasprite;
    0000013A F8 03            [12]  320 	ldhl	sp,	#3
    0000013C 7E               [ 8]  321 	ld	a, (hl)
    0000013D EAr00r00         [16]  322 	ld	(#___current_metasprite),a
    00000140 F8 04            [12]  323 	ldhl	sp,	#4
    00000142 7E               [ 8]  324 	ld	a, (hl)
    00000143 EAr01r00         [16]  325 	ld	(#___current_metasprite + 1),a
                                    326 ;/home/odrevet/projects/gbdk/include/gb/metasprites.h:161: __current_base_tile = base_tile;
    00000146 21r00r00         [12]  327 	ld	hl, #___current_base_tile
    00000149 36 3C            [12]  328 	ld	(hl), #0x3c
                                    329 ;/home/odrevet/projects/gbdk/include/gb/metasprites.h:162: __current_base_prop = base_prop;
    0000014B AF               [ 4]  330 	xor	a, a
    0000014C EAr00r00         [16]  331 	ld	(#___current_base_prop),a
                                    332 ;/home/odrevet/projects/gbdk/include/gb/metasprites.h:163: return __move_metasprite(base_sprite, (y << 8) | (uint8_t)x);
    0000014F F8 05            [12]  333 	ldhl	sp,	#5
    00000151 3A               [ 8]  334 	ld	a, (hl-)
    00000152 22               [ 8]  335 	ld	(hl+), a
    00000153 AF               [ 4]  336 	xor	a, a
    00000154 32               [ 8]  337 	ld	(hl-), a
    00000155 2A               [ 8]  338 	ld	a, (hl+)
    00000156 32               [ 8]  339 	ld	(hl-), a
    00000157 AF               [ 4]  340 	xor	a, a
    00000158 22               [ 8]  341 	ld	(hl+), a
    00000159 23               [ 8]  342 	inc	hl
    0000015A 7E               [ 8]  343 	ld	a, (hl)
    0000015B F8 00            [12]  344 	ldhl	sp,	#0
    0000015D 22               [ 8]  345 	ld	(hl+), a
    0000015E AF               [ 4]  346 	xor	a, a
    0000015F 32               [ 8]  347 	ld	(hl-), a
    00000160 7E               [ 8]  348 	ld	a, (hl)
    00000161 F8 06            [12]  349 	ldhl	sp,	#6
    00000163 32               [ 8]  350 	ld	(hl-), a
    00000164 2A               [ 8]  351 	ld	a, (hl+)
    00000165 23               [ 8]  352 	inc	hl
    00000166 32               [ 8]  353 	ld	(hl-), a
    00000167 2A               [ 8]  354 	ld	a, (hl+)
    00000168 5F               [ 4]  355 	ld	e, a
    00000169 2A               [ 8]  356 	ld	a, (hl+)
    0000016A 57               [ 4]  357 	ld	d, a
    0000016B 7E               [ 8]  358 	ld	a, (hl)
    0000016C CDr00r00         [24]  359 	call	___move_metasprite
                                    360 ;src/coin_animated.c:48: coin_animated_array[i].draw_y + 32);
    0000016F F8 09            [12]  361 	ldhl	sp,	#9
    00000171 86               [ 8]  362 	add	a, (hl)
    00000172 77               [ 8]  363 	ld	(hl), a
    00000173                        364 00106$:
                                    365 ;src/coin_animated.c:38: for (i = 0; i < NB_COIN_ANIMATED; i++) {
    00000173 F8 0A            [12]  366 	ldhl	sp,	#10
    00000175 34               [12]  367 	inc	(hl)
    00000176 7E               [ 8]  368 	ld	a, (hl)
    00000177 D6 03            [ 8]  369 	sub	a, #0x03
    00000179 DArB6r00         [16]  370 	jp	C, 00105$
                                    371 ;src/coin_animated.c:52: SWITCH_ROM(_saved_bank);
    0000017C F8 02            [12]  372 	ldhl	sp,	#2
    0000017E 7E               [ 8]  373 	ld	a, (hl)
    0000017F E0r00            [12]  374 	ldh	(__current_bank + 0), a
    00000181 7E               [ 8]  375 	ld	a, (hl)
    00000182 EAr00r00         [16]  376 	ld	(#_rROMB0),a
                                    377 ;src/coin_animated.c:54: return base_sprite;
    00000185 F8 09            [12]  378 	ldhl	sp,	#9
    00000187 7E               [ 8]  379 	ld	a, (hl)
                                    380 ;src/coin_animated.c:55: }
    00000188 E8 0B            [16]  381 	add	sp, #11
    0000018A C9               [16]  382 	ret
                                    383 	.area _CODE
                                    384 	.area _INITIALIZER
    00000000                        385 __xinit__coin_index:
    00000000 00                     386 	.db #0x00	; 0
                                    387 	.area _CABS (ABS)
