                                      1 ;--------------------------------------------------------
                                      2 ; File Created by SDCC : free open source ISO C Compiler
                                      3 ; Version 4.5.1 #15267 (Linux)
                                      4 ;--------------------------------------------------------
                                      5 	.module game
                                      6 	
                                      7 ;--------------------------------------------------------
                                      8 ; Public variables in this module
                                      9 ;--------------------------------------------------------
                                     10 	.globl _player_warp_to
                                     11 	.globl _player_draw
                                     12 	.globl _set_level
                                     13 	.globl _level_set_current
                                     14 	.globl _hUGE_mute_channel
                                     15 	.globl _hud_update_lives
                                     16 	.globl _hud_update_time
                                     17 	.globl _text_print_string
                                     18 	.globl _vsync
                                     19 	.globl _joypad
                                     20 	.globl _delay
                                     21 	.globl _init
                                     22 	.globl _state_title
                                     23 	.globl _state_pause
                                     24 	.globl _die
                                     25 ;--------------------------------------------------------
                                     26 ; special function registers
                                     27 ;--------------------------------------------------------
                                     28 	.area _HRAM
                                     29 ;--------------------------------------------------------
                                     30 ; ram data
                                     31 ;--------------------------------------------------------
                                     32 	.area _DATA
                                     33 ;--------------------------------------------------------
                                     34 ; ram data
                                     35 ;--------------------------------------------------------
                                     36 	.area _INITIALIZED
                                     37 ;--------------------------------------------------------
                                     38 ; absolute external ram data
                                     39 ;--------------------------------------------------------
                                     40 	.area _DABS (ABS)
                                     41 ;--------------------------------------------------------
                                     42 ; global & static initialisations
                                     43 ;--------------------------------------------------------
                                     44 	.area _HOME
                                     45 	.area _GSINIT
                                     46 	.area _GSFINAL
                                     47 	.area _GSINIT
                                     48 ;--------------------------------------------------------
                                     49 ; Home
                                     50 ;--------------------------------------------------------
                                     51 	.area _HOME
                                     52 	.area _HOME
                                     53 ;--------------------------------------------------------
                                     54 ; code
                                     55 ;--------------------------------------------------------
                                     56 	.area _CODE
                                     57 ;src/game.c:10: void init(void) {
                                     58 ;	---------------------------------
                                     59 ; Function init
                                     60 ; ---------------------------------
    00000000                         61 _init::
                                     62 ;src/game.c:11: time = TIME_INITIAL_VALUE;
    00000000 21r00r00         [12]   63 	ld	hl, #_time
    00000003 AF               [ 4]   64 	xor	a, a
    00000004 22               [ 8]   65 	ld	(hl+), a
    00000005 36 32            [12]   66 	ld	(hl), #0x32
                                     67 ;src/game.c:13: camera_x = 0;
    00000007 AF               [ 4]   68 	xor	a, a
    00000008 21r00r00         [12]   69 	ld	hl, #_camera_x
    0000000B 22               [ 8]   70 	ld	(hl+), a
    0000000C 77               [ 8]   71 	ld	(hl), a
                                     72 ;src/game.c:14: camera_x_upscaled = 0;
    0000000D AF               [ 4]   73 	xor	a, a
    0000000E 21r00r00         [12]   74 	ld	hl, #_camera_x_upscaled
    00000011 22               [ 8]   75 	ld	(hl+), a
    00000012 77               [ 8]   76 	ld	(hl), a
                                     77 ;src/game.c:16: player_x_upscaled = (5 * TILE_SIZE) << 4;
    00000013 21r00r00         [12]   78 	ld	hl, #_player_x_upscaled
    00000016 3E 80            [ 8]   79 	ld	a, #0x80
    00000018 22               [ 8]   80 	ld	(hl+), a
    00000019 36 02            [12]   81 	ld	(hl), #0x02
                                     82 ;src/game.c:18: if(current_level >= LEVEL_WORLD2_START && current_level <= LEVEL_WORLD2_END){
    0000001B 21r00r00         [12]   83 	ld	hl, #_current_level
    0000001E 7E               [ 8]   84 	ld	a, (hl)
    0000001F D6 03            [ 8]   85 	sub	a, #0x03
    00000021 38 0E            [12]   86 	jr	C, 00102$
    00000023 3E 05            [ 8]   87 	ld	a, #0x05
    00000025 96               [ 8]   88 	sub	a, (hl)
    00000026 38 09            [12]   89 	jr	C, 00102$
                                     90 ;src/game.c:19: player_y_upscaled = (12 * TILE_SIZE) << 4;
    00000028 21r00r00         [12]   91 	ld	hl, #_player_y_upscaled
    0000002B AF               [ 4]   92 	xor	a, a
    0000002C 22               [ 8]   93 	ld	(hl+), a
    0000002D 36 06            [12]   94 	ld	(hl), #0x06
    0000002F 18 07            [12]   95 	jr	00103$
    00000031                         96 00102$:
                                     97 ;src/game.c:22: player_y_upscaled = (14 * TILE_SIZE) << 4;
    00000031 21r00r00         [12]   98 	ld	hl, #_player_y_upscaled
    00000034 AF               [ 4]   99 	xor	a, a
    00000035 22               [ 8]  100 	ld	(hl+), a
    00000036 36 07            [12]  101 	ld	(hl), #0x07
    00000038                        102 00103$:
                                    103 ;src/game.c:27: player_draw_x = player_x_upscaled >> 4;
    00000038 21r00r00         [12]  104 	ld	hl, #_player_draw_x
    0000003B 36 28            [12]  105 	ld	(hl), #0x28
                                    106 ;src/game.c:28: player_draw_y = player_y_upscaled >> 4;
    0000003D 21r00r00         [12]  107 	ld	hl, #_player_y_upscaled
    00000040 2A               [ 8]  108 	ld	a, (hl+)
    00000041 4F               [ 4]  109 	ld	c, a
    00000042 46               [ 8]  110 	ld	b, (hl)
    00000043 CB 38            [ 8]  111 	srl	b
    00000045 CB 19            [ 8]  112 	rr	c
    00000047 CB 38            [ 8]  113 	srl	b
    00000049 CB 19            [ 8]  114 	rr	c
    0000004B CB 38            [ 8]  115 	srl	b
    0000004D CB 19            [ 8]  116 	rr	c
    0000004F CB 38            [ 8]  117 	srl	b
    00000051 CB 19            [ 8]  118 	rr	c
    00000053 21r00r00         [12]  119 	ld	hl, #_player_draw_y
    00000056 71               [ 8]  120 	ld	(hl), c
                                    121 ;src/game.c:29: player_x_next_upscaled = player_x_upscaled;
    00000057 21r00r00         [12]  122 	ld	hl, #_player_x_next_upscaled
    0000005A 3E 80            [ 8]  123 	ld	a, #0x80
    0000005C 22               [ 8]  124 	ld	(hl+), a
    0000005D 36 02            [12]  125 	ld	(hl), #0x02
                                    126 ;src/game.c:30: player_y_next_upscaled = player_y_upscaled;
    0000005F FAr00r00         [16]  127 	ld	a, (#_player_y_upscaled)
    00000062 EAr00r00         [16]  128 	ld	(#_player_y_next_upscaled),a
    00000065 FAr01r00         [16]  129 	ld	a, (#_player_y_upscaled + 1)
    00000068 EAr01r00         [16]  130 	ld	(#_player_y_next_upscaled + 1),a
                                    131 ;src/game.c:32: vel_x = 0;
                                    132 ;src/game.c:33: vel_y = 0;
    0000006B AF               [ 4]  133 	xor	a, a
    0000006C EAr00r00         [16]  134 	ld	(#_vel_x), a
    0000006F EAr00r00         [16]  135 	ld	(#_vel_y),a
                                    136 ;src/game.c:35: display_jump_frame = FALSE;
                                    137 ;src/game.c:36: display_slide_frame = FALSE;
    00000072 AF               [ 4]  138 	xor	a, a
    00000073 EAr00r00         [16]  139 	ld	(#_display_jump_frame), a
    00000076 EAr00r00         [16]  140 	ld	(#_display_slide_frame),a
                                    141 ;src/game.c:37: display_walk_animation = FALSE;
                                    142 ;src/game.c:39: frame_counter = 0;
    00000079 AF               [ 4]  143 	xor	a, a
    0000007A EAr00r00         [16]  144 	ld	(#_display_walk_animation), a
    0000007D EAr00r00         [16]  145 	ld	(#_frame_counter),a
                                    146 ;src/game.c:40: marioSpritesflip = FALSE;
                                    147 ;src/game.c:41: touch_ground = FALSE;
    00000080 AF               [ 4]  148 	xor	a, a
    00000081 EAr00r00         [16]  149 	ld	(#_marioSpritesflip), a
    00000084 EAr00r00         [16]  150 	ld	(#_touch_ground),a
                                    151 ;src/game.c:43: current_column_in_page = 0;
                                    152 ;src/game.c:44: map_column = 0;
    00000087 AF               [ 4]  153 	xor	a, a
    00000088 EAr00r00         [16]  154 	ld	(#_current_column_in_page), a
    0000008B EAr00r00         [16]  155 	ld	(#_map_column),a
                                    156 ;src/game.c:45: }
    0000008E C9               [16]  157 	ret
                                    158 ;src/game.c:47: void state_title(void) {
                                    159 ;	---------------------------------
                                    160 ; Function state_title
                                    161 ; ---------------------------------
    0000008F                        162 _state_title::
                                    163 ;src/game.c:48: while (1) {
    0000008F                        164 00105$:
                                    165 ;src/game.c:49: vsync();
    0000008F CDr00r00         [24]  166 	call	_vsync
                                    167 ;src/game.c:51: joypad_previous = joypad_current;
    00000092 FAr00r00         [16]  168 	ld	a, (#_joypad_current)
    00000095 EAr00r00         [16]  169 	ld	(#_joypad_previous),a
                                    170 ;src/game.c:52: joypad_current = joypad();
    00000098 CDr00r00         [24]  171 	call	_joypad
                                    172 ;src/game.c:53: if (joypad_current & J_START && !(joypad_previous & J_START)) {
    0000009B EAr00r00         [16]  173 	ld	(#_joypad_current),a
    0000009E 07               [ 4]  174 	rlca
    0000009F 30 EE            [12]  175 	jr	NC, 00105$
    000000A1 FAr00r00         [16]  176 	ld	a, (_joypad_previous)
    000000A4 07               [ 4]  177 	rlca
    000000A5 38 E8            [12]  178 	jr	C, 00105$
                                    179 ;src/game.c:54: break;
                                    180 ;src/game.c:57: }
    000000A7 C9               [16]  181 	ret
                                    182 ;src/game.c:59: void state_pause(void) {
                                    183 ;	---------------------------------
                                    184 ; Function state_pause
                                    185 ; ---------------------------------
    000000A8                        186 _state_pause::
                                    187 ;src/game.c:60: text_print_string(DEVICE_SCREEN_WIDTH - 5, 1, "PAUSE");
    000000A8 11r1Ar01         [12]  188 	ld	de, #___str_0
    000000AB D5               [16]  189 	push	de
    000000AC 1E 01            [ 8]  190 	ld	e, #0x01
    000000AE 3E 0F            [ 8]  191 	ld	a, #0x0f
    000000B0 CDr00r00         [24]  192 	call	_text_print_string
                                    193 ;src/game.c:62: while (1) {
    000000B3                        194 00108$:
                                    195 ;src/game.c:63: vsync();
    000000B3 CDr00r00         [24]  196 	call	_vsync
                                    197 ;src/game.c:65: joypad_previous = joypad_current;
    000000B6 FAr00r00         [16]  198 	ld	a, (#_joypad_current)
    000000B9 EAr00r00         [16]  199 	ld	(#_joypad_previous),a
                                    200 ;src/game.c:66: joypad_current = joypad();
    000000BC CDr00r00         [24]  201 	call	_joypad
    000000BF 21r00r00         [12]  202 	ld	hl, #_joypad_current
    000000C2 77               [ 8]  203 	ld	(hl), a
                                    204 ;src/game.c:68: if (joypad_current & J_SELECT && !(joypad_previous & J_SELECT)) {
    000000C3 CB 76            [12]  205 	bit	6, (hl)
    000000C5 28 1F            [12]  206 	jr	Z, 00102$
    000000C7 FAr00r00         [16]  207 	ld	a, (_joypad_previous)
    000000CA CB 77            [ 8]  208 	bit	6, a
    000000CC 20 18            [12]  209 	jr	NZ, 00102$
                                    210 ;src/game.c:69: map_column = 0;
    000000CE AF               [ 4]  211 	xor	a, a
    000000CF EAr00r00         [16]  212 	ld	(#_map_column),a
                                    213 ;src/game.c:70: current_level = (++current_level) % NB_LEVELS;
    000000D2 21r00r00         [12]  214 	ld	hl, #_current_level
    000000D5 34               [12]  215 	inc	(hl)
    000000D6 7E               [ 8]  216 	ld	a, (hl)
    000000D7 1E 0C            [ 8]  217 	ld	e, #0x0c
    000000D9 CDr00r00         [24]  218 	call	__moduchar
    000000DC 21r00r00         [12]  219 	ld	hl, #_current_level
    000000DF 71               [ 8]  220 	ld	(hl), c
                                    221 ;src/game.c:71: init();
    000000E0 CDr00r00         [24]  222 	call	_init
                                    223 ;src/game.c:72: level_set_current();
    000000E3 CDr00r00         [24]  224 	call	_level_set_current
    000000E6                        225 00102$:
                                    226 ;src/game.c:75: if (joypad_current & J_START && !(joypad_previous & J_START)) {
    000000E6 FAr00r00         [16]  227 	ld	a, (_joypad_current)
    000000E9 07               [ 4]  228 	rlca
    000000EA 30 C7            [12]  229 	jr	NC, 00108$
    000000EC FAr00r00         [16]  230 	ld	a, (_joypad_previous)
    000000EF 07               [ 4]  231 	rlca
    000000F0 38 C1            [12]  232 	jr	C, 00108$
                                    233 ;src/game.c:81: hUGE_mute_channel(0, HT_CH_PLAY);
    000000F2 AF               [ 4]  234 	xor	a, a
    000000F3 5F               [ 4]  235 	ld	e, a
    000000F4 CDr00r00         [24]  236 	call	_hUGE_mute_channel
                                    237 ;src/game.c:82: hUGE_mute_channel(1, HT_CH_PLAY);
    000000F7 1E 00            [ 8]  238 	ld	e, #0x00
    000000F9 3E 01            [ 8]  239 	ld	a, #0x01
    000000FB CDr00r00         [24]  240 	call	_hUGE_mute_channel
                                    241 ;src/game.c:83: hUGE_mute_channel(2, HT_CH_PLAY);
    000000FE 1E 00            [ 8]  242 	ld	e, #0x00
    00000100 3E 02            [ 8]  243 	ld	a, #0x02
    00000102 CDr00r00         [24]  244 	call	_hUGE_mute_channel
                                    245 ;src/game.c:84: hUGE_mute_channel(3, HT_CH_PLAY);
    00000105 1E 00            [ 8]  246 	ld	e, #0x00
    00000107 3E 03            [ 8]  247 	ld	a, #0x03
    00000109 CDr00r00         [24]  248 	call	_hUGE_mute_channel
                                    249 ;src/game.c:87: text_print_string(DEVICE_SCREEN_WIDTH - 5, 1, "     ");
    0000010C 11r20r01         [12]  250 	ld	de, #___str_1
    0000010F D5               [16]  251 	push	de
    00000110 1E 01            [ 8]  252 	ld	e, #0x01
    00000112 3E 0F            [ 8]  253 	ld	a, #0x0f
    00000114 CDr00r00         [24]  254 	call	_text_print_string
                                    255 ;src/game.c:88: hud_update_time();
                                    256 ;src/game.c:89: }
    00000117 C3r00r00         [16]  257 	jp	_hud_update_time
    0000011A                        258 ___str_0:
    0000011A 50 41 55 53 45         259 	.ascii "PAUSE"
    0000011F 00                     260 	.db 0x00
    00000120                        261 ___str_1:
    00000120 20 20 20 20 20         262 	.ascii "     "
    00000125 00                     263 	.db 0x00
                                    264 ;src/game.c:95: void die(void) {
                                    265 ;	---------------------------------
                                    266 ; Function die
                                    267 ; ---------------------------------
    00000126                        268 _die::
                                    269 ;src/game.c:97: hUGE_mute_channel(0, HT_CH_PLAY);
    00000126 AF               [ 4]  270 	xor	a, a
    00000127 5F               [ 4]  271 	ld	e, a
    00000128 CDr00r00         [24]  272 	call	_hUGE_mute_channel
                                    273 ;src/game.c:98: hUGE_mute_channel(1, HT_CH_PLAY);
    0000012B 1E 00            [ 8]  274 	ld	e, #0x00
    0000012D 3E 01            [ 8]  275 	ld	a, #0x01
    0000012F CDr00r00         [24]  276 	call	_hUGE_mute_channel
                                    277 ;src/game.c:99: hUGE_mute_channel(2, HT_CH_PLAY);
    00000132 1E 00            [ 8]  278 	ld	e, #0x00
    00000134 3E 02            [ 8]  279 	ld	a, #0x02
    00000136 CDr00r00         [24]  280 	call	_hUGE_mute_channel
                                    281 ;src/game.c:100: hUGE_mute_channel(3, HT_CH_PLAY);
    00000139 1E 00            [ 8]  282 	ld	e, #0x00
    0000013B 3E 03            [ 8]  283 	ld	a, #0x03
    0000013D CDr00r00         [24]  284 	call	_hUGE_mute_channel
                                    285 ;src/game.c:105: player_frame = DEATH_ANIMATION_FRAME;  // Death pose
    00000140 21r00r00         [12]  286 	ld	hl, #_player_frame
    00000143 36 06            [12]  287 	ld	(hl), #0x06
                                    288 ;src/game.c:108: int16_t death_vel_y = DEATH_BOUNCE_VELOCITY;
    00000145 11 D8 FF         [12]  289 	ld	de, #0xffd8
                                    290 ;src/game.c:109: uint16_t death_y = player_y_upscaled;
    00000148 FAr00r00         [16]  291 	ld	a, (_player_y_upscaled)
    0000014B 4F               [ 4]  292 	ld	c, a
    0000014C 21r01r00         [12]  293 	ld	hl, #_player_y_upscaled + 1
    0000014F 46               [ 8]  294 	ld	b, (hl)
                                    295 ;src/game.c:113: while (player_draw_y < DEVICE_SCREEN_PX_HEIGHT ) {
    00000150                        296 00101$:
    00000150 FAr00r00         [16]  297 	ld	a, (#_player_draw_y)
    00000153 D6 90            [ 8]  298 	sub	a, #0x90
    00000155 30 37            [12]  299 	jr	NC, 00103$
                                    300 ;src/game.c:115: death_vel_y += DEATH_GRAVITY;
    00000157 13               [ 8]  301 	inc	de
    00000158 13               [ 8]  302 	inc	de
                                    303 ;src/game.c:116: death_y += death_vel_y;
    00000159 6B               [ 4]  304 	ld	l, e
    0000015A 62               [ 4]  305 	ld	h, d
    0000015B 09               [ 8]  306 	add	hl, bc
    0000015C 4D               [ 4]  307 	ld	c, l
    0000015D 44               [ 4]  308 	ld	b, h
                                    309 ;src/game.c:119: player_y = death_y >> 4;
    0000015E 21r00r00         [12]  310 	ld	hl, #_player_y
    00000161 79               [ 4]  311 	ld	a, c
    00000162 22               [ 8]  312 	ld	(hl+), a
    00000163 70               [ 8]  313 	ld	(hl), b
    00000164 CB 3E            [16]  314 	srl	(hl)
    00000166 2B               [ 8]  315 	dec	hl
    00000167 CB 1E            [16]  316 	rr	(hl)
    00000169 23               [ 8]  317 	inc	hl
    0000016A CB 3E            [16]  318 	srl	(hl)
    0000016C 2B               [ 8]  319 	dec	hl
    0000016D CB 1E            [16]  320 	rr	(hl)
    0000016F 23               [ 8]  321 	inc	hl
    00000170 CB 3E            [16]  322 	srl	(hl)
    00000172 2B               [ 8]  323 	dec	hl
    00000173 CB 1E            [16]  324 	rr	(hl)
    00000175 23               [ 8]  325 	inc	hl
    00000176 CB 3E            [16]  326 	srl	(hl)
    00000178 2B               [ 8]  327 	dec	hl
    00000179 CB 1E            [16]  328 	rr	(hl)
                                    329 ;src/game.c:120: player_draw_y = player_y + DEVICE_SPRITE_PX_OFFSET_Y + 
    0000017B 7E               [ 8]  330 	ld	a, (hl)
    0000017C C6 28            [ 8]  331 	add	a, #0x28
    0000017E EAr00r00         [16]  332 	ld	(#_player_draw_y),a
                                    333 ;src/game.c:124: player_draw(0);
    00000181 C5               [16]  334 	push	bc
    00000182 D5               [16]  335 	push	de
    00000183 AF               [ 4]  336 	xor	a, a
    00000184 CDr00r00         [24]  337 	call	_player_draw
    00000187 D1               [12]  338 	pop	de
    00000188 C1               [12]  339 	pop	bc
                                    340 ;src/game.c:127: vsync();
    00000189 CDr00r00         [24]  341 	call	_vsync
    0000018C 18 C2            [12]  342 	jr	00101$
    0000018E                        343 00103$:
                                    344 ;src/game.c:131: delay(2000);
    0000018E 11 D0 07         [12]  345 	ld	de, #0x07d0
    00000191 CDr00r00         [24]  346 	call	_delay
                                    347 ;src/game.c:136: lives--;
    00000194 21r00r00         [12]  348 	ld	hl, #_lives
                                    349 ;src/game.c:137: if (lives == 0) {
    00000197 35               [12]  350 	dec	(hl)
    00000198 7E               [ 8]  351 	ld	a, (hl)
    00000199 20 13            [12]  352 	jr	NZ, 00105$
                                    353 ;src/game.c:138: lives = INITIAL_LIVES;
    0000019B 36 03            [12]  354 	ld	(hl), #0x03
                                    355 ;src/game.c:139: current_map = 0;
    0000019D AF               [ 4]  356 	xor	a, a
    0000019E 21r00r00         [12]  357 	ld	hl, #_current_map
    000001A1 22               [ 8]  358 	ld	(hl+), a
    000001A2 77               [ 8]  359 	ld	(hl), a
                                    360 ;src/game.c:140: current_page = 0;
                                    361 ;src/game.c:141: current_level = 0;
    000001A3 AF               [ 4]  362 	xor	a, a
    000001A4 EAr00r00         [16]  363 	ld	(#_current_page), a
    000001A7 EAr00r00         [16]  364 	ld	(#_current_level),a
                                    365 ;src/game.c:142: set_level(current_level);
    000001AA AF               [ 4]  366 	xor	a, a
    000001AB CDr00r00         [24]  367 	call	_set_level
    000001AE                        368 00105$:
                                    369 ;src/game.c:145: player_warp_to(levels + current_level, 0, 5, 12);
    000001AE 21r00r00         [12]  370 	ld	hl, #_current_level
    000001B1 4E               [ 8]  371 	ld	c, (hl)
    000001B2 06 00            [ 8]  372 	ld	b, #0x00
    000001B4 69               [ 4]  373 	ld	l, c
    000001B5 60               [ 4]  374 	ld	h, b
    000001B6 29               [ 8]  375 	add	hl, hl
    000001B7 29               [ 8]  376 	add	hl, hl
    000001B8 09               [ 8]  377 	add	hl, bc
    000001B9 29               [ 8]  378 	add	hl, hl
    000001BA 09               [ 8]  379 	add	hl, bc
    000001BB 29               [ 8]  380 	add	hl, hl
    000001BC 09               [ 8]  381 	add	hl, bc
    000001BD 01r00r00         [12]  382 	ld	bc, #_levels
    000001C0 09               [ 8]  383 	add	hl, bc
    000001C1 5D               [ 4]  384 	ld	e, l
    000001C2 54               [ 4]  385 	ld	d, h
    000001C3 21 05 0C         [12]  386 	ld	hl, #0xc05
    000001C6 E5               [16]  387 	push	hl
    000001C7 AF               [ 4]  388 	xor	a, a
    000001C8 CDr00r00         [24]  389 	call	_player_warp_to
                                    390 ;src/game.c:148: music_load(levels[current_level].music_bank, levels[current_level].music);
    000001CB 21r00r00         [12]  391 	ld	hl, #_current_level
    000001CE 4E               [ 8]  392 	ld	c, (hl)
    000001CF 06 00            [ 8]  393 	ld	b, #0x00
    000001D1 69               [ 4]  394 	ld	l, c
    000001D2 60               [ 4]  395 	ld	h, b
    000001D3 29               [ 8]  396 	add	hl, hl
    000001D4 29               [ 8]  397 	add	hl, hl
    000001D5 09               [ 8]  398 	add	hl, bc
    000001D6 29               [ 8]  399 	add	hl, hl
    000001D7 09               [ 8]  400 	add	hl, bc
    000001D8 29               [ 8]  401 	add	hl, hl
    000001D9 09               [ 8]  402 	add	hl, bc
    000001DA 01r00r00         [12]  403 	ld	bc, #_levels
    000001DD 09               [ 8]  404 	add	hl, bc
    000001DE 4D               [ 4]  405 	ld	c, l
    000001DF 44               [ 4]  406 	ld	b, h
    000001E0 21 15 00         [12]  407 	ld	hl, #0x0015
    000001E3 09               [ 8]  408 	add	hl, bc
    000001E4 2A               [ 8]  409 	ld	a,	(hl+)
    000001E5 66               [ 8]  410 	ld	h, (hl)
    000001E6 6F               [ 4]  411 	ld	l, a
    000001E7 79               [ 4]  412 	ld	a, c
    000001E8 C6 14            [ 8]  413 	add	a, #0x14
    000001EA 4F               [ 4]  414 	ld	c, a
    000001EB 30 01            [12]  415 	jr	NC, 00130$
    000001ED 04               [ 4]  416 	inc	b
    000001EE                        417 00130$:
    000001EE 0A               [ 8]  418 	ld	a, (bc)
    000001EF 5F               [ 4]  419 	ld	e, a
                                    420 ;sm83/musicmanager.h:88: music_current_track_bank = MUSIC_STOP_BANK, music_next_track = data; music_current_track_bank = bank;
    000001F0 3E FF            [ 8]  421 	ld	a, #0xff
    000001F2 EAr00r00         [16]  422 	ld	(_music_current_track_bank), a
    000001F5 7D               [ 4]  423 	ld	a, l
    000001F6 EAr00r00         [16]  424 	ld	(_music_next_track), a
    000001F9 7C               [ 4]  425 	ld	a, h
    000001FA EAr01r00         [16]  426 	ld	(_music_next_track + 1), a
    000001FD 21r00r00         [12]  427 	ld	hl, #_music_current_track_bank
    00000200 73               [ 8]  428 	ld	(hl), e
                                    429 ;src/game.c:151: hud_update_lives();
                                    430 ;src/game.c:153: }
    00000201 C3r00r00         [16]  431 	jp	_hud_update_lives
                                    432 	.area _CODE
                                    433 	.area _INITIALIZER
                                    434 	.area _CABS (ABS)
