                                      1 ;--------------------------------------------------------
                                      2 ; File Created by SDCC : free open source ISO C Compiler
                                      3 ; Version 4.5.1 #15267 (Linux)
                                      4 ;--------------------------------------------------------
                                      5 	.module hud
                                      6 	
                                      7 ;--------------------------------------------------------
                                      8 ; Public variables in this module
                                      9 ;--------------------------------------------------------
                                     10 	.globl _text_print_string
                                     11 	.globl _strlen
                                     12 	.globl _itoa
                                     13 	.globl _hud_set_level
                                     14 	.globl _hud_update_coins
                                     15 	.globl _hud_update_score
                                     16 	.globl _hud_update_time
                                     17 	.globl _hud_update_lives
                                     18 ;--------------------------------------------------------
                                     19 ; special function registers
                                     20 ;--------------------------------------------------------
                                     21 	.area _HRAM
                                     22 ;--------------------------------------------------------
                                     23 ; ram data
                                     24 ;--------------------------------------------------------
                                     25 	.area _DATA
                                     26 ;--------------------------------------------------------
                                     27 ; ram data
                                     28 ;--------------------------------------------------------
                                     29 	.area _INITIALIZED
                                     30 ;--------------------------------------------------------
                                     31 ; absolute external ram data
                                     32 ;--------------------------------------------------------
                                     33 	.area _DABS (ABS)
                                     34 ;--------------------------------------------------------
                                     35 ; global & static initialisations
                                     36 ;--------------------------------------------------------
                                     37 	.area _HOME
                                     38 	.area _GSINIT
                                     39 	.area _GSFINAL
                                     40 	.area _GSINIT
                                     41 ;--------------------------------------------------------
                                     42 ; Home
                                     43 ;--------------------------------------------------------
                                     44 	.area _HOME
                                     45 	.area _HOME
                                     46 ;--------------------------------------------------------
                                     47 ; code
                                     48 ;--------------------------------------------------------
                                     49 	.area _CODE
                                     50 ;src/hud.c:3: void hud_set_level(char major, char minor) {
                                     51 ;	---------------------------------
                                     52 ; Function hud_set_level
                                     53 ; ---------------------------------
    00000000                         54 _hud_set_level::
    00000000 E8 FC            [16]   55 	add	sp, #-4
    00000002 47               [ 4]   56 	ld	b, a
    00000003 4B               [ 4]   57 	ld	c, e
                                     58 ;src/hud.c:4: char major_str[2] = {major, '\0'};
    00000004 F8 00            [12]   59 	ldhl	sp,	#0
    00000006 78               [ 4]   60 	ld	a, b
    00000007 22               [ 8]   61 	ld	(hl+), a
                                     62 ;src/hud.c:5: char minor_str[2] = {minor, '\0'};
    00000008 AF               [ 4]   63 	xor	a, a
    00000009 22               [ 8]   64 	ld	(hl+), a
    0000000A 79               [ 4]   65 	ld	a, c
    0000000B 22               [ 8]   66 	ld	(hl+), a
    0000000C 36 00            [12]   67 	ld	(hl), #0x00
                                     68 ;src/hud.c:7: text_print_string(12, 1, major_str);
    0000000E 21 00 00         [12]   69 	ld	hl, #0
    00000011 39               [ 8]   70 	add	hl, sp
    00000012 E5               [16]   71 	push	hl
    00000013 1E 01            [ 8]   72 	ld	e, #0x01
    00000015 3E 0C            [ 8]   73 	ld	a, #0x0c
    00000017 CDr00r00         [24]   74 	call	_text_print_string
                                     75 ;src/hud.c:8: text_print_string(14, 1, minor_str);
    0000001A 21 02 00         [12]   76 	ld	hl, #2
    0000001D 39               [ 8]   77 	add	hl, sp
    0000001E E5               [16]   78 	push	hl
    0000001F 1E 01            [ 8]   79 	ld	e, #0x01
    00000021 3E 0E            [ 8]   80 	ld	a, #0x0e
    00000023 CDr00r00         [24]   81 	call	_text_print_string
                                     82 ;src/hud.c:9: }
    00000026 E8 04            [16]   83 	add	sp, #4
    00000028 C9               [16]   84 	ret
                                     85 ;src/hud.c:11: void hud_update_coins(void) {
                                     86 ;	---------------------------------
                                     87 ; Function hud_update_coins
                                     88 ; ---------------------------------
    00000029                         89 _hud_update_coins::
    00000029 E8 FD            [16]   90 	add	sp, #-3
                                     91 ;src/hud.c:14: if (coins < 10) {
    0000002B FAr00r00         [16]   92 	ld	a, (#_coins)
    0000002E D6 0A            [ 8]   93 	sub	a, #0x0a
    00000030 30 1B            [12]   94 	jr	NC, 00102$
                                     95 ;src/hud.c:15: coins_str[0] = '0'; // Add leading zero
    00000032 F8 00            [12]   96 	ldhl	sp,	#0
    00000034 36 30            [12]   97 	ld	(hl), #0x30
                                     98 ;src/hud.c:16: itoa(coins, coins_str + 1, 10);
    00000036 21 01 00         [12]   99 	ld	hl, #1
    00000039 39               [ 8]  100 	add	hl, sp
    0000003A FAr00r00         [16]  101 	ld	a, (_coins)
    0000003D 4F               [ 4]  102 	ld	c, a
    0000003E 06 00            [ 8]  103 	ld	b, #0x00
    00000040 3E 0A            [ 8]  104 	ld	a, #0x0a
    00000042 F5               [16]  105 	push	af
    00000043 33               [ 8]  106 	inc	sp
    00000044 E5               [16]  107 	push	hl
    00000045 C5               [16]  108 	push	bc
    00000046 CDr00r00         [24]  109 	call	_itoa
    00000049 E8 05            [16]  110 	add	sp, #5
    0000004B 18 15            [12]  111 	jr	00103$
    0000004D                        112 00102$:
                                    113 ;src/hud.c:18: itoa(coins, coins_str, 10);
    0000004D F8 00            [12]  114 	ldhl	sp,	#0
    0000004F 5D               [ 4]  115 	ld	e, l
    00000050 54               [ 4]  116 	ld	d, h
    00000051 FAr00r00         [16]  117 	ld	a, (_coins)
    00000054 06 00            [ 8]  118 	ld	b, #0x00
    00000056 26 0A            [ 8]  119 	ld	h, #0x0a
    00000058 E5               [16]  120 	push	hl
    00000059 33               [ 8]  121 	inc	sp
    0000005A D5               [16]  122 	push	de
    0000005B 4F               [ 4]  123 	ld	c, a
    0000005C C5               [16]  124 	push	bc
    0000005D CDr00r00         [24]  125 	call	_itoa
    00000060 E8 05            [16]  126 	add	sp, #5
    00000062                        127 00103$:
                                    128 ;src/hud.c:21: text_print_string(9, 1, coins_str);
    00000062 F8 00            [12]  129 	ldhl	sp,	#0
    00000064 E5               [16]  130 	push	hl
    00000065 1E 01            [ 8]  131 	ld	e, #0x01
    00000067 3E 09            [ 8]  132 	ld	a, #0x09
    00000069 CDr00r00         [24]  133 	call	_text_print_string
                                    134 ;src/hud.c:22: }
    0000006C E8 03            [16]  135 	add	sp, #3
    0000006E C9               [16]  136 	ret
                                    137 ;src/hud.c:24: void hud_update_score(void) {
                                    138 ;	---------------------------------
                                    139 ; Function hud_update_score
                                    140 ; ---------------------------------
    0000006F                        141 _hud_update_score::
    0000006F E8 FA            [16]  142 	add	sp, #-6
                                    143 ;src/hud.c:26: itoa(score, score_str, 10);
    00000071 F8 00            [12]  144 	ldhl	sp,	#0
    00000073 4D               [ 4]  145 	ld	c, l
    00000074 44               [ 4]  146 	ld	b, h
    00000075 59               [ 4]  147 	ld	e, c
    00000076 50               [ 4]  148 	ld	d, b
    00000077 FAr00r00         [16]  149 	ld	a, (_score)
    0000007A 6F               [ 4]  150 	ld	l, a
    0000007B FAr01r00         [16]  151 	ld	a, (_score + 1)
    0000007E 67               [ 4]  152 	ld	h, a
    0000007F C5               [16]  153 	push	bc
    00000080 D5               [16]  154 	push	de
    00000081 3E 0A            [ 8]  155 	ld	a, #0x0a
    00000083 F5               [16]  156 	push	af
    00000084 33               [ 8]  157 	inc	sp
    00000085 D5               [16]  158 	push	de
    00000086 E5               [16]  159 	push	hl
    00000087 CDr00r00         [24]  160 	call	_itoa
    0000008A E8 05            [16]  161 	add	sp, #5
    0000008C D1               [12]  162 	pop	de
    0000008D C1               [12]  163 	pop	bc
                                    164 ;src/hud.c:27: text_print_string(5 - strlen(score_str), 1, score_str);
    0000008E D5               [16]  165 	push	de
    0000008F CDr00r00         [24]  166 	call	_strlen
    00000092 E1               [12]  167 	pop	hl
    00000093 3E 05            [ 8]  168 	ld	a, #0x05
    00000095 93               [ 4]  169 	sub	a, e
    00000096 C5               [16]  170 	push	bc
    00000097 1E 01            [ 8]  171 	ld	e, #0x01
    00000099 CDr00r00         [24]  172 	call	_text_print_string
                                    173 ;src/hud.c:28: }
    0000009C E8 06            [16]  174 	add	sp, #6
    0000009E C9               [16]  175 	ret
                                    176 ;src/hud.c:30: void hud_update_time(void) {
                                    177 ;	---------------------------------
                                    178 ; Function hud_update_time
                                    179 ; ---------------------------------
    0000009F                        180 _hud_update_time::
    0000009F E8 FC            [16]  181 	add	sp, #-4
                                    182 ;src/hud.c:32: itoa(time >> TIME_SHIFT, time_str, 10);
    000000A1 21 00 00         [12]  183 	ld	hl, #0
    000000A4 39               [ 8]  184 	add	hl, sp
    000000A5 4D               [ 4]  185 	ld	c, l
    000000A6 44               [ 4]  186 	ld	b, h
    000000A7 21r00r00         [12]  187 	ld	hl, #_time
    000000AA 2A               [ 8]  188 	ld	a, (hl+)
    000000AB 5F               [ 4]  189 	ld	e, a
    000000AC 56               [ 8]  190 	ld	d, (hl)
    000000AD CB 3A            [ 8]  191 	srl	d
    000000AF CB 1B            [ 8]  192 	rr	e
    000000B1 CB 3A            [ 8]  193 	srl	d
    000000B3 CB 1B            [ 8]  194 	rr	e
    000000B5 CB 3A            [ 8]  195 	srl	d
    000000B7 CB 1B            [ 8]  196 	rr	e
    000000B9 CB 3A            [ 8]  197 	srl	d
    000000BB CB 1B            [ 8]  198 	rr	e
    000000BD CB 3A            [ 8]  199 	srl	d
    000000BF CB 1B            [ 8]  200 	rr	e
    000000C1 C5               [16]  201 	push	bc
    000000C2 3E 0A            [ 8]  202 	ld	a, #0x0a
    000000C4 F5               [16]  203 	push	af
    000000C5 33               [ 8]  204 	inc	sp
    000000C6 C5               [16]  205 	push	bc
    000000C7 D5               [16]  206 	push	de
    000000C8 CDr00r00         [24]  207 	call	_itoa
    000000CB E8 05            [16]  208 	add	sp, #5
                                    209 ;src/hud.c:33: text_print_string(DEVICE_SCREEN_WIDTH - 3, 1, "000");
    000000CD 11rECr00         [12]  210 	ld	de, #___str_0
    000000D0 D5               [16]  211 	push	de
    000000D1 1E 01            [ 8]  212 	ld	e, #0x01
    000000D3 3E 11            [ 8]  213 	ld	a, #0x11
    000000D5 CDr00r00         [24]  214 	call	_text_print_string
                                    215 ;src/hud.c:34: text_print_string(DEVICE_SCREEN_WIDTH - strlen(time_str), 1, time_str);
    000000D8 CDr00r00         [24]  216 	call	_strlen
    000000DB E1               [12]  217 	pop	hl
    000000DC 3E 14            [ 8]  218 	ld	a, #0x14
    000000DE 93               [ 4]  219 	sub	a, e
    000000DF 21 00 00         [12]  220 	ld	hl, #0
    000000E2 39               [ 8]  221 	add	hl, sp
    000000E3 E5               [16]  222 	push	hl
    000000E4 1E 01            [ 8]  223 	ld	e, #0x01
    000000E6 CDr00r00         [24]  224 	call	_text_print_string
                                    225 ;src/hud.c:35: }
    000000E9 E8 04            [16]  226 	add	sp, #4
    000000EB C9               [16]  227 	ret
    000000EC                        228 ___str_0:
    000000EC 30 30 30               229 	.ascii "000"
    000000EF 00                     230 	.db 0x00
                                    231 ;src/hud.c:37: void hud_update_lives(void) {
                                    232 ;	---------------------------------
                                    233 ; Function hud_update_lives
                                    234 ; ---------------------------------
    000000F0                        235 _hud_update_lives::
    000000F0 E8 FC            [16]  236 	add	sp, #-4
                                    237 ;src/hud.c:39: itoa(lives, lives_str, 10);
    000000F2 21 00 00         [12]  238 	ld	hl, #0
    000000F5 39               [ 8]  239 	add	hl, sp
    000000F6 FAr00r00         [16]  240 	ld	a, (_lives)
    000000F9 4F               [ 4]  241 	ld	c, a
    000000FA 06 00            [ 8]  242 	ld	b, #0x00
    000000FC 3E 0A            [ 8]  243 	ld	a, #0x0a
    000000FE F5               [16]  244 	push	af
    000000FF 33               [ 8]  245 	inc	sp
    00000100 E5               [16]  246 	push	hl
    00000101 C5               [16]  247 	push	bc
    00000102 CDr00r00         [24]  248 	call	_itoa
    00000105 E8 05            [16]  249 	add	sp, #5
                                    250 ;src/hud.c:40: text_print_string(7, 0, lives_str);
    00000107 21 00 00         [12]  251 	ld	hl, #0
    0000010A 39               [ 8]  252 	add	hl, sp
    0000010B E5               [16]  253 	push	hl
    0000010C 1E 00            [ 8]  254 	ld	e, #0x00
    0000010E 3E 07            [ 8]  255 	ld	a, #0x07
    00000110 CDr00r00         [24]  256 	call	_text_print_string
                                    257 ;src/hud.c:41: }
    00000113 E8 04            [16]  258 	add	sp, #4
    00000115 C9               [16]  259 	ret
                                    260 	.area _CODE
                                    261 	.area _INITIALIZER
                                    262 	.area _CABS (ABS)
