                                      1 ;--------------------------------------------------------
                                      2 ; File Created by SDCC : free open source ISO C Compiler
                                      3 ; Version 4.5.1 #15267 (Linux)
                                      4 ;--------------------------------------------------------
                                      5 	.module lookup_table_1_1
                                      6 	
                                      7 ;--------------------------------------------------------
                                      8 ; Public variables in this module
                                      9 ;--------------------------------------------------------
                                     10 	.globl _level_1_1_lookup
                                     11 	.globl b___func_level_1_1_lookup
                                     12 	.globl ___func_level_1_1_lookup
                                     13 ;--------------------------------------------------------
                                     14 ; special function registers
                                     15 ;--------------------------------------------------------
                                     16 	.area _HRAM
                                     17 ;--------------------------------------------------------
                                     18 ; ram data
                                     19 ;--------------------------------------------------------
                                     20 	.area _DATA
                                     21 ;--------------------------------------------------------
                                     22 ; ram data
                                     23 ;--------------------------------------------------------
                                     24 	.area _INITIALIZED
                                     25 ;--------------------------------------------------------
                                     26 ; absolute external ram data
                                     27 ;--------------------------------------------------------
                                     28 	.area _DABS (ABS)
                                     29 ;--------------------------------------------------------
                                     30 ; global & static initialisations
                                     31 ;--------------------------------------------------------
                                     32 	.area _HOME
                                     33 	.area _GSINIT
                                     34 	.area _GSFINAL
                                     35 	.area _GSINIT
                                     36 ;--------------------------------------------------------
                                     37 ; Home
                                     38 ;--------------------------------------------------------
                                     39 	.area _HOME
                                     40 	.area _HOME
                                     41 ;--------------------------------------------------------
                                     42 ; code
                                     43 ;--------------------------------------------------------
                                     44 	.area _CODE_255
                                     45 ;src/lookup_table_1_1.c:4: BANKREF(level_1_1_lookup)
                                     46 ;	---------------------------------
                                     47 ; Function __func_level_1_1_lookup
                                     48 ; ---------------------------------
                         000000FF    49 	b___func_level_1_1_lookup	= 255
    00000000                         50 ___func_level_1_1_lookup::
                                     51 	.local b___func_level_1_1_lookup 
                         000000FF    52 	___bank_level_1_1_lookup = b___func_level_1_1_lookup 
                                     53 	.globl ___bank_level_1_1_lookup 
                                     54 	.area _CODE_255
    00000000                         55 _level_1_1_lookup:
    00000000 16 00                   56 	.dw #0x0016
    00000002 09                      57 	.db #0x09	; 9
    00000003 01                      58 	.db #0x01	; 1
    00000004 00                      59 	.db #0x00	; 0
    00000005 00                      60 	.db 0x00
    00000006 00                      61 	.db 0x00
    00000007 00                      62 	.db 0x00
    00000008 00                      63 	.db 0x00
    00000009 00                      64 	.db 0x00
    0000000A 00                      65 	.db 0x00
    0000000B 17 00                   66 	.dw #0x0017
    0000000D 0D                      67 	.db #0x0d	; 13
    0000000E 00                      68 	.db #0x00	; 0
    0000000F 00                      69 	.db #0x00	; 0
    00000010 00                      70 	.db 0x00
    00000011 00                      71 	.db 0x00
    00000012 00                      72 	.db 0x00
    00000013 00                      73 	.db 0x00
    00000014 00                      74 	.db 0x00
    00000015 00                      75 	.db 0x00
    00000016 29 00                   76 	.dw #0x0029
    00000018 0C                      77 	.db #0x0c	; 12
    00000019 04                      78 	.db #0x04	; 4
    0000001A 02 00                   79 	.dw #0x0002
    0000001C 02                      80 	.db #0x02	; 2
    0000001Dr00r00                   81 	.dw (_undergrounds + 0)
    0000001F 00                      82 	.db #0x00	; 0
    00000020 00                      83 	.db #0x00	; 0
    00000021 42 00                   84 	.dw #0x0042
    00000023 0A                      85 	.db #0x0a	; 10
    00000024 00                      86 	.db #0x00	; 0
    00000025 00                      87 	.db #0x00	; 0
    00000026 00                      88 	.db 0x00
    00000027 00                      89 	.db 0x00
    00000028 00                      90 	.db 0x00
    00000029 00                      91 	.db 0x00
    0000002A 00                      92 	.db 0x00
    0000002B 00                      93 	.db 0x00
    0000002C 50 00                   94 	.dw #0x0050
    0000002E 04                      95 	.db #0x04	; 4
    0000002F 00                      96 	.db #0x00	; 0
    00000030 00                      97 	.db #0x00	; 0
    00000031 00                      98 	.db 0x00
    00000032 00                      99 	.db 0x00
    00000033 00                     100 	.db 0x00
    00000034 00                     101 	.db 0x00
    00000035 00                     102 	.db 0x00
    00000036 00                     103 	.db 0x00
    00000037 52 00                  104 	.dw #0x0052
    00000039 04                     105 	.db #0x04	; 4
    0000003A 00                     106 	.db #0x00	; 0
    0000003B 00                     107 	.db #0x00	; 0
    0000003C 00                     108 	.db 0x00
    0000003D 00                     109 	.db 0x00
    0000003E 00                     110 	.db 0x00
    0000003F 00                     111 	.db 0x00
    00000040 00                     112 	.db 0x00
    00000041 00                     113 	.db 0x00
    00000042 5F 00                  114 	.dw #0x005f
    00000044 06                     115 	.db #0x06	; 6
    00000045 01                     116 	.db #0x01	; 1
    00000046 00                     117 	.db #0x00	; 0
    00000047 00                     118 	.db 0x00
    00000048 00                     119 	.db 0x00
    00000049 00                     120 	.db 0x00
    0000004A 00                     121 	.db 0x00
    0000004B 00                     122 	.db 0x00
    0000004C 00                     123 	.db 0x00
    0000004D 75 00                  124 	.dw #0x0075
    0000004F 0D                     125 	.db #0x0d	; 13
    00000050 00                     126 	.db #0x00	; 0
    00000051 01                     127 	.db #0x01	; 1
    00000052 00                     128 	.db 0x00
    00000053 00                     129 	.db 0x00
    00000054 00                     130 	.db 0x00
    00000055 00                     131 	.db 0x00
    00000056 00                     132 	.db 0x00
    00000057 00                     133 	.db 0x00
    00000058 9C 00                  134 	.dw #0x009c
    0000005A 0D                     135 	.db #0x0d	; 13
    0000005B 00                     136 	.db #0x00	; 0
    0000005C 00                     137 	.db #0x00	; 0
    0000005D 00                     138 	.db 0x00
    0000005E 00                     139 	.db 0x00
    0000005F 00                     140 	.db 0x00
    00000060 00                     141 	.db 0x00
    00000061 00                     142 	.db 0x00
    00000062 00                     143 	.db 0x00
    00000063 A6 00                  144 	.dw #0x00a6
    00000065 0D                     145 	.db #0x0d	; 13
    00000066 00                     146 	.db #0x00	; 0
    00000067 02                     147 	.db #0x02	; 2
    00000068 00                     148 	.db 0x00
    00000069 00                     149 	.db 0x00
    0000006A 00                     150 	.db 0x00
    0000006B 00                     151 	.db 0x00
    0000006C 00                     152 	.db 0x00
    0000006D 00                     153 	.db 0x00
    0000006E A9 00                  154 	.dw #0x00a9
    00000070 0D                     155 	.db #0x0d	; 13
    00000071 00                     156 	.db #0x00	; 0
    00000072 00                     157 	.db #0x00	; 0
    00000073 00                     158 	.db 0x00
    00000074 00                     159 	.db 0x00
    00000075 00                     160 	.db 0x00
    00000076 00                     161 	.db 0x00
    00000077 00                     162 	.db 0x00
    00000078 00                     163 	.db 0x00
    00000079 AE 00                  164 	.dw #0x00ae
    0000007B 06                     165 	.db #0x06	; 6
    0000007C 01                     166 	.db #0x01	; 1
    0000007D 01                     167 	.db #0x01	; 1
    0000007E 00                     168 	.db 0x00
    0000007F 00                     169 	.db 0x00
    00000080 00                     170 	.db 0x00
    00000081 00                     171 	.db 0x00
    00000082 00                     172 	.db 0x00
    00000083 00                     173 	.db 0x00
    00000084 BA 00                  174 	.dw #0x00ba
    00000086 0A                     175 	.db #0x0a	; 10
    00000087 00                     176 	.db #0x00	; 0
    00000088 00                     177 	.db #0x00	; 0
    00000089 00                     178 	.db 0x00
    0000008A 00                     179 	.db 0x00
    0000008B 00                     180 	.db 0x00
    0000008C 00                     181 	.db 0x00
    0000008D 00                     182 	.db 0x00
    0000008E 00                     183 	.db 0x00
    0000008F C3 00                  184 	.dw #0x00c3
    00000091 0A                     185 	.db #0x0a	; 10
    00000092 00                     186 	.db #0x00	; 0
    00000093 00                     187 	.db #0x00	; 0
    00000094 00                     188 	.db 0x00
    00000095 00                     189 	.db 0x00
    00000096 00                     190 	.db 0x00
    00000097 00                     191 	.db 0x00
    00000098 00                     192 	.db 0x00
    00000099 00                     193 	.db 0x00
    0000009A CD 00                  194 	.dw #0x00cd
    0000009C 0D                     195 	.db #0x0d	; 13
    0000009D 00                     196 	.db #0x00	; 0
    0000009E 00                     197 	.db #0x00	; 0
    0000009F 00                     198 	.db 0x00
    000000A0 00                     199 	.db 0x00
    000000A1 00                     200 	.db 0x00
    000000A2 00                     201 	.db 0x00
    000000A3 00                     202 	.db 0x00
    000000A4 00                     203 	.db 0x00
    000000A5 D2 00                  204 	.dw #0x00d2
    000000A7 0D                     205 	.db #0x0d	; 13
    000000A8 00                     206 	.db #0x00	; 0
    000000A9 00                     207 	.db #0x00	; 0
    000000AA 00                     208 	.db 0x00
    000000AB 00                     209 	.db 0x00
    000000AC 00                     210 	.db 0x00
    000000AD 00                     211 	.db 0x00
    000000AE 00                     212 	.db 0x00
    000000AF 00                     213 	.db 0x00
    000000B0 EA 00                  214 	.dw #0x00ea
    000000B2 0D                     215 	.db #0x0d	; 13
    000000B3 00                     216 	.db #0x00	; 0
    000000B4 02                     217 	.db #0x02	; 2
    000000B5 00                     218 	.db 0x00
    000000B6 00                     219 	.db 0x00
    000000B7 00                     220 	.db 0x00
    000000B8 00                     221 	.db 0x00
    000000B9 00                     222 	.db 0x00
    000000BA 00                     223 	.db 0x00
    000000BB F5 00                  224 	.dw #0x00f5
    000000BD 0D                     225 	.db #0x0d	; 13
    000000BE 00                     226 	.db #0x00	; 0
    000000BF 02                     227 	.db #0x02	; 2
    000000C0 00                     228 	.db 0x00
    000000C1 00                     229 	.db 0x00
    000000C2 00                     230 	.db 0x00
    000000C3 00                     231 	.db 0x00
    000000C4 00                     232 	.db 0x00
    000000C5 00                     233 	.db 0x00
    000000C6 19 01                  234 	.dw #0x0119
    000000C8 03                     235 	.db #0x03	; 3
    000000C9 02                     236 	.db #0x02	; 2
    000000CA 06                     237 	.db #0x06	; 6
    000000CB 00                     238 	.db #0x00	; 0
    000000CC 00                     239 	.db #0x00	; 0
    000000CD 00                     240 	.db 0x00
    000000CE 00                     241 	.db 0x00
    000000CF 00                     242 	.db 0x00
    000000D0 00                     243 	.db 0x00
    000000D1 1B 01                  244 	.dw #0x011b
    000000D3 01                     245 	.db #0x01	; 1
    000000D4 02                     246 	.db #0x02	; 2
    000000D5 06                     247 	.db #0x06	; 6
    000000D6 01                     248 	.db #0x01	; 1
    000000D7 00                     249 	.db #0x00	; 0
    000000D8 00                     250 	.db 0x00
    000000D9 00                     251 	.db 0x00
    000000DA 00                     252 	.db 0x00
    000000DB 00                     253 	.db 0x00
                                    254 	.area _INITIALIZER
                                    255 	.area _CABS (ABS)
