                                      1 ;--------------------------------------------------------
                                      2 ; File Created by SDCC : free open source ISO C Compiler
                                      3 ; Version 4.5.1 #15267 (Linux)
                                      4 ;--------------------------------------------------------
                                      5 	.module lookup_table_3_3
                                      6 	
                                      7 ;--------------------------------------------------------
                                      8 ; Public variables in this module
                                      9 ;--------------------------------------------------------
                                     10 	.globl _level_3_3_lookup
                                     11 	.globl b___func_level_3_3_lookup
                                     12 	.globl ___func_level_3_3_lookup
                                     13 ;--------------------------------------------------------
                                     14 ; special function registers
                                     15 ;--------------------------------------------------------
                                     16 	.area _HRAM
                                     17 ;--------------------------------------------------------
                                     18 ; ram data
                                     19 ;--------------------------------------------------------
                                     20 	.area _DATA
                                     21 ;--------------------------------------------------------
                                     22 ; ram data
                                     23 ;--------------------------------------------------------
                                     24 	.area _INITIALIZED
                                     25 ;--------------------------------------------------------
                                     26 ; absolute external ram data
                                     27 ;--------------------------------------------------------
                                     28 	.area _DABS (ABS)
                                     29 ;--------------------------------------------------------
                                     30 ; global & static initialisations
                                     31 ;--------------------------------------------------------
                                     32 	.area _HOME
                                     33 	.area _GSINIT
                                     34 	.area _GSFINAL
                                     35 	.area _GSINIT
                                     36 ;--------------------------------------------------------
                                     37 ; Home
                                     38 ;--------------------------------------------------------
                                     39 	.area _HOME
                                     40 	.area _HOME
                                     41 ;--------------------------------------------------------
                                     42 ; code
                                     43 ;--------------------------------------------------------
                                     44 	.area _CODE_255
                                     45 ;src/lookup_table_3_3.c:5: BANKREF(level_3_3_lookup)
                                     46 ;	---------------------------------
                                     47 ; Function __func_level_3_3_lookup
                                     48 ; ---------------------------------
                         000000FF    49 	b___func_level_3_3_lookup	= 255
    00000000                         50 ___func_level_3_3_lookup::
                                     51 	.local b___func_level_3_3_lookup 
                         000000FF    52 	___bank_level_3_3_lookup = b___func_level_3_3_lookup 
                                     53 	.globl ___bank_level_3_3_lookup 
                                     54 	.area _CODE_255
    00000000                         55 _level_3_3_lookup:
    00000000 17 00                   56 	.dw #0x0017
    00000002 0A                      57 	.db #0x0a	; 10
    00000003 02                      58 	.db #0x02	; 2
    00000004 06                      59 	.db #0x06	; 6
    00000005 00                      60 	.db #0x00	; 0
    00000006 00                      61 	.db #0x00	; 0
    00000007 00                      62 	.db 0x00
    00000008 00                      63 	.db 0x00
    00000009 00                      64 	.db 0x00
    0000000A 00                      65 	.db 0x00
    0000000B 20 00                   66 	.dw #0x0020
    0000000D 0B                      67 	.db #0x0b	; 11
    0000000E 02                      68 	.db #0x02	; 2
    0000000F 06                      69 	.db #0x06	; 6
    00000010 00                      70 	.db #0x00	; 0
    00000011 00                      71 	.db #0x00	; 0
    00000012 00                      72 	.db 0x00
    00000013 00                      73 	.db 0x00
    00000014 00                      74 	.db 0x00
    00000015 00                      75 	.db 0x00
    00000016 24 00                   76 	.dw #0x0024
    00000018 02                      77 	.db #0x02	; 2
    00000019 02                      78 	.db #0x02	; 2
    0000001A 06                      79 	.db #0x06	; 6
    0000001B 00                      80 	.db #0x00	; 0
    0000001C 00                      81 	.db #0x00	; 0
    0000001D 00                      82 	.db 0x00
    0000001E 00                      83 	.db 0x00
    0000001F 00                      84 	.db 0x00
    00000020 00                      85 	.db 0x00
    00000021 2D 00                   86 	.dw #0x002d
    00000023 03                      87 	.db #0x03	; 3
    00000024 02                      88 	.db #0x02	; 2
    00000025 06                      89 	.db #0x06	; 6
    00000026 00                      90 	.db #0x00	; 0
    00000027 00                      91 	.db #0x00	; 0
    00000028 00                      92 	.db 0x00
    00000029 00                      93 	.db 0x00
    0000002A 00                      94 	.db 0x00
    0000002B 00                      95 	.db 0x00
    0000002C 4C 00                   96 	.dw #0x004c
    0000002E 0E                      97 	.db #0x0e	; 14
    0000002F 02                      98 	.db #0x02	; 2
    00000030 06                      99 	.db #0x06	; 6
    00000031 00                     100 	.db #0x00	; 0
    00000032 00                     101 	.db #0x00	; 0
    00000033 00                     102 	.db 0x00
    00000034 00                     103 	.db 0x00
    00000035 00                     104 	.db 0x00
    00000036 00                     105 	.db 0x00
    00000037 4E 00                  106 	.dw #0x004e
    00000039 06                     107 	.db #0x06	; 6
    0000003A 03                     108 	.db #0x03	; 3
    0000003B 00                     109 	.byte #0x00
    0000003C 00                     110 	.db 0x00
    0000003D 00                     111 	.db 0x00
    0000003E 00                     112 	.db 0x00
    0000003F 00                     113 	.db 0x00
    00000040 00                     114 	.db 0x00
    00000041 00                     115 	.db 0x00
    00000042 4F 00                  116 	.dw #0x004f
    00000044 06                     117 	.db #0x06	; 6
    00000045 03                     118 	.db #0x03	; 3
    00000046 00                     119 	.byte #0x00
    00000047 00                     120 	.db 0x00
    00000048 00                     121 	.db 0x00
    00000049 00                     122 	.db 0x00
    0000004A 00                     123 	.db 0x00
    0000004B 00                     124 	.db 0x00
    0000004C 00                     125 	.db 0x00
    0000004D 50 00                  126 	.dw #0x0050
    0000004F 0B                     127 	.db #0x0b	; 11
    00000050 00                     128 	.db #0x00	; 0
    00000051 01                     129 	.db #0x01	; 1
    00000052 00                     130 	.db 0x00
    00000053 00                     131 	.db 0x00
    00000054 00                     132 	.db 0x00
    00000055 00                     133 	.db 0x00
    00000056 00                     134 	.db 0x00
    00000057 00                     135 	.db 0x00
    00000058 51 00                  136 	.dw #0x0051
    0000005A 03                     137 	.db #0x03	; 3
    0000005B 00                     138 	.db #0x00	; 0
    0000005C 03                     139 	.db #0x03	; 3
    0000005D 00                     140 	.db 0x00
    0000005E 00                     141 	.db 0x00
    0000005F 00                     142 	.db 0x00
    00000060 00                     143 	.db 0x00
    00000061 00                     144 	.db 0x00
    00000062 00                     145 	.db 0x00
    00000063 6A 00                  146 	.dw #0x006a
    00000065 0E                     147 	.db #0x0e	; 14
    00000066 00                     148 	.db #0x00	; 0
    00000067 0D                     149 	.db #0x0d	; 13
    00000068 00                     150 	.db 0x00
    00000069 00                     151 	.db 0x00
    0000006A 00                     152 	.db 0x00
    0000006B 00                     153 	.db 0x00
    0000006C 00                     154 	.db 0x00
    0000006D 00                     155 	.db 0x00
    0000006E 6D 00                  156 	.dw #0x006d
    00000070 05                     157 	.db #0x05	; 5
    00000071 00                     158 	.db #0x00	; 0
    00000072 01                     159 	.db #0x01	; 1
    00000073 00                     160 	.db 0x00
    00000074 00                     161 	.db 0x00
    00000075 00                     162 	.db 0x00
    00000076 00                     163 	.db 0x00
    00000077 00                     164 	.db 0x00
    00000078 00                     165 	.db 0x00
    00000079 72 00                  166 	.dw #0x0072
    0000007B 0E                     167 	.db #0x0e	; 14
    0000007C 00                     168 	.db #0x00	; 0
    0000007D 0D                     169 	.db #0x0d	; 13
    0000007E 00                     170 	.db 0x00
    0000007F 00                     171 	.db 0x00
    00000080 00                     172 	.db 0x00
    00000081 00                     173 	.db 0x00
    00000082 00                     174 	.db 0x00
    00000083 00                     175 	.db 0x00
    00000084 77 00                  176 	.dw #0x0077
    00000086 0C                     177 	.db #0x0c	; 12
    00000087 02                     178 	.db #0x02	; 2
    00000088 06                     179 	.db #0x06	; 6
    00000089 00                     180 	.db #0x00	; 0
    0000008A 00                     181 	.db #0x00	; 0
    0000008B 00                     182 	.db 0x00
    0000008C 00                     183 	.db 0x00
    0000008D 00                     184 	.db 0x00
    0000008E 00                     185 	.db 0x00
    0000008F B5 00                  186 	.dw #0x00b5
    00000091 0E                     187 	.db #0x0e	; 14
    00000092 02                     188 	.db #0x02	; 2
    00000093 06                     189 	.db #0x06	; 6
    00000094 00                     190 	.db #0x00	; 0
    00000095 00                     191 	.db #0x00	; 0
    00000096 00                     192 	.db 0x00
    00000097 00                     193 	.db 0x00
    00000098 00                     194 	.db 0x00
    00000099 00                     195 	.db 0x00
    0000009A BA 00                  196 	.dw #0x00ba
    0000009C 0E                     197 	.db #0x0e	; 14
    0000009D 02                     198 	.db #0x02	; 2
    0000009E 06                     199 	.db #0x06	; 6
    0000009F 00                     200 	.db #0x00	; 0
    000000A0 00                     201 	.db #0x00	; 0
    000000A1 00                     202 	.db 0x00
    000000A2 00                     203 	.db 0x00
    000000A3 00                     204 	.db 0x00
    000000A4 00                     205 	.db 0x00
    000000A5 DE 00                  206 	.dw #0x00de
    000000A7 0D                     207 	.db #0x0d	; 13
    000000A8 00                     208 	.db #0x00	; 0
    000000A9 09                     209 	.db #0x09	; 9
    000000AA 00                     210 	.db 0x00
    000000AB 00                     211 	.db 0x00
    000000AC 00                     212 	.db 0x00
    000000AD 00                     213 	.db 0x00
    000000AE 00                     214 	.db 0x00
    000000AF 00                     215 	.db 0x00
    000000B0 E4 00                  216 	.dw #0x00e4
    000000B2 0D                     217 	.db #0x0d	; 13
    000000B3 00                     218 	.db #0x00	; 0
    000000B4 0B                     219 	.db #0x0b	; 11
    000000B5 00                     220 	.db 0x00
    000000B6 00                     221 	.db 0x00
    000000B7 00                     222 	.db 0x00
    000000B8 00                     223 	.db 0x00
    000000B9 00                     224 	.db 0x00
    000000BA 00                     225 	.db 0x00
    000000BB 11 01                  226 	.dw #0x0111
    000000BD 05                     227 	.db #0x05	; 5
    000000BE 00                     228 	.db #0x00	; 0
    000000BF 09                     229 	.db #0x09	; 9
    000000C0 00                     230 	.db 0x00
    000000C1 00                     231 	.db 0x00
    000000C2 00                     232 	.db 0x00
    000000C3 00                     233 	.db 0x00
    000000C4 00                     234 	.db 0x00
    000000C5 00                     235 	.db 0x00
    000000C6 25 01                  236 	.dw #0x0125
    000000C8 0C                     237 	.db #0x0c	; 12
    000000C9 00                     238 	.db #0x00	; 0
    000000CA 0E                     239 	.db #0x0e	; 14
    000000CB 00                     240 	.db 0x00
    000000CC 00                     241 	.db 0x00
    000000CD 00                     242 	.db 0x00
    000000CE 00                     243 	.db 0x00
    000000CF 00                     244 	.db 0x00
    000000D0 00                     245 	.db 0x00
                                    246 	.area _INITIALIZER
                                    247 	.area _CABS (ABS)
