                                      1 ;--------------------------------------------------------
                                      2 ; File Created by SDCC : free open source ISO C Compiler
                                      3 ; Version 4.5.1 #15267 (Linux)
                                      4 ;--------------------------------------------------------
                                      5 	.module lookup_table_3_2
                                      6 	
                                      7 ;--------------------------------------------------------
                                      8 ; Public variables in this module
                                      9 ;--------------------------------------------------------
                                     10 	.globl _level_3_2_lookup
                                     11 	.globl b___func_level_3_2_lookup
                                     12 	.globl ___func_level_3_2_lookup
                                     13 ;--------------------------------------------------------
                                     14 ; special function registers
                                     15 ;--------------------------------------------------------
                                     16 	.area _HRAM
                                     17 ;--------------------------------------------------------
                                     18 ; ram data
                                     19 ;--------------------------------------------------------
                                     20 	.area _DATA
                                     21 ;--------------------------------------------------------
                                     22 ; ram data
                                     23 ;--------------------------------------------------------
                                     24 	.area _INITIALIZED
                                     25 ;--------------------------------------------------------
                                     26 ; absolute external ram data
                                     27 ;--------------------------------------------------------
                                     28 	.area _DABS (ABS)
                                     29 ;--------------------------------------------------------
                                     30 ; global & static initialisations
                                     31 ;--------------------------------------------------------
                                     32 	.area _HOME
                                     33 	.area _GSINIT
                                     34 	.area _GSFINAL
                                     35 	.area _GSINIT
                                     36 ;--------------------------------------------------------
                                     37 ; Home
                                     38 ;--------------------------------------------------------
                                     39 	.area _HOME
                                     40 	.area _HOME
                                     41 ;--------------------------------------------------------
                                     42 ; code
                                     43 ;--------------------------------------------------------
                                     44 	.area _CODE_255
                                     45 ;src/lookup_table_3_2.c:5: BANKREF(level_3_2_lookup)
                                     46 ;	---------------------------------
                                     47 ; Function __func_level_3_2_lookup
                                     48 ; ---------------------------------
                         000000FF    49 	b___func_level_3_2_lookup	= 255
    00000000                         50 ___func_level_3_2_lookup::
                                     51 	.local b___func_level_3_2_lookup 
                         000000FF    52 	___bank_level_3_2_lookup = b___func_level_3_2_lookup 
                                     53 	.globl ___bank_level_3_2_lookup 
                                     54 	.area _CODE_255
    00000000                         55 _level_3_2_lookup:
    00000000 07 00                   56 	.dw #0x0007
    00000002 03                      57 	.db #0x03	; 3
    00000003 00                      58 	.db #0x00	; 0
    00000004 0C                      59 	.db #0x0c	; 12
    00000005 00                      60 	.db 0x00
    00000006 00                      61 	.db 0x00
    00000007 00                      62 	.db 0x00
    00000008 00                      63 	.db 0x00
    00000009 00                      64 	.db 0x00
    0000000A 00                      65 	.db 0x00
    0000000B 0B 00                   66 	.dw #0x000b
    0000000D 0D                      67 	.db #0x0d	; 13
    0000000E 00                      68 	.db #0x00	; 0
    0000000F 01                      69 	.db #0x01	; 1
    00000010 00                      70 	.db 0x00
    00000011 00                      71 	.db 0x00
    00000012 00                      72 	.db 0x00
    00000013 00                      73 	.db 0x00
    00000014 00                      74 	.db 0x00
    00000015 00                      75 	.db 0x00
    00000016 26 00                   76 	.dw #0x0026
    00000018 03                      77 	.db #0x03	; 3
    00000019 00                      78 	.db #0x00	; 0
    0000001A 0C                      79 	.db #0x0c	; 12
    0000001B 00                      80 	.db 0x00
    0000001C 00                      81 	.db 0x00
    0000001D 00                      82 	.db 0x00
    0000001E 00                      83 	.db 0x00
    0000001F 00                      84 	.db 0x00
    00000020 00                      85 	.db 0x00
    00000021 2D 00                   86 	.dw #0x002d
    00000023 0D                      87 	.db #0x0d	; 13
    00000024 00                      88 	.db #0x00	; 0
    00000025 01                      89 	.db #0x01	; 1
    00000026 00                      90 	.db 0x00
    00000027 00                      91 	.db 0x00
    00000028 00                      92 	.db 0x00
    00000029 00                      93 	.db 0x00
    0000002A 00                      94 	.db 0x00
    0000002B 00                      95 	.db 0x00
    0000002C 33 00                   96 	.dw #0x0033
    0000002E 05                      97 	.db #0x05	; 5
    0000002F 00                      98 	.db #0x00	; 0
    00000030 0C                      99 	.db #0x0c	; 12
    00000031 00                     100 	.db 0x00
    00000032 00                     101 	.db 0x00
    00000033 00                     102 	.db 0x00
    00000034 00                     103 	.db 0x00
    00000035 00                     104 	.db 0x00
    00000036 00                     105 	.db 0x00
    00000037 35 00                  106 	.dw #0x0035
    00000039 05                     107 	.db #0x05	; 5
    0000003A 00                     108 	.db #0x00	; 0
    0000003B 0C                     109 	.db #0x0c	; 12
    0000003C 00                     110 	.db 0x00
    0000003D 00                     111 	.db 0x00
    0000003E 00                     112 	.db 0x00
    0000003F 00                     113 	.db 0x00
    00000040 00                     114 	.db 0x00
    00000041 00                     115 	.db 0x00
    00000042 3A 00                  116 	.dw #0x003a
    00000044 0B                     117 	.db #0x0b	; 11
    00000045 00                     118 	.db #0x00	; 0
    00000046 03                     119 	.db #0x03	; 3
    00000047 00                     120 	.db 0x00
    00000048 00                     121 	.db 0x00
    00000049 00                     122 	.db 0x00
    0000004A 00                     123 	.db 0x00
    0000004B 00                     124 	.db 0x00
    0000004C 00                     125 	.db 0x00
    0000004D 3C 00                  126 	.dw #0x003c
    0000004F 02                     127 	.db #0x02	; 2
    00000050 00                     128 	.db #0x00	; 0
    00000051 0C                     129 	.db #0x0c	; 12
    00000052 00                     130 	.db 0x00
    00000053 00                     131 	.db 0x00
    00000054 00                     132 	.db 0x00
    00000055 00                     133 	.db 0x00
    00000056 00                     134 	.db 0x00
    00000057 00                     135 	.db 0x00
    00000058 43 00                  136 	.dw #0x0043
    0000005A 01                     137 	.db #0x01	; 1
    0000005B 00                     138 	.db #0x00	; 0
    0000005C 03                     139 	.db #0x03	; 3
    0000005D 00                     140 	.db 0x00
    0000005E 00                     141 	.db 0x00
    0000005F 00                     142 	.db 0x00
    00000060 00                     143 	.db 0x00
    00000061 00                     144 	.db 0x00
    00000062 00                     145 	.db 0x00
    00000063 50 00                  146 	.dw #0x0050
    00000065 04                     147 	.db #0x04	; 4
    00000066 00                     148 	.db #0x00	; 0
    00000067 0C                     149 	.db #0x0c	; 12
    00000068 00                     150 	.db 0x00
    00000069 00                     151 	.db 0x00
    0000006A 00                     152 	.db 0x00
    0000006B 00                     153 	.db 0x00
    0000006C 00                     154 	.db 0x00
    0000006D 00                     155 	.db 0x00
    0000006E 51 00                  156 	.dw #0x0051
    00000070 0D                     157 	.db #0x0d	; 13
    00000071 00                     158 	.db #0x00	; 0
    00000072 0D                     159 	.db #0x0d	; 13
    00000073 00                     160 	.db 0x00
    00000074 00                     161 	.db 0x00
    00000075 00                     162 	.db 0x00
    00000076 00                     163 	.db 0x00
    00000077 00                     164 	.db 0x00
    00000078 00                     165 	.db 0x00
    00000079 5C 00                  166 	.dw #0x005c
    0000007B 03                     167 	.db #0x03	; 3
    0000007C 00                     168 	.db #0x00	; 0
    0000007D 0C                     169 	.db #0x0c	; 12
    0000007E 00                     170 	.db 0x00
    0000007F 00                     171 	.db 0x00
    00000080 00                     172 	.db 0x00
    00000081 00                     173 	.db 0x00
    00000082 00                     174 	.db 0x00
    00000083 00                     175 	.db 0x00
    00000084 67 00                  176 	.dw #0x0067
    00000086 00                     177 	.db #0x00	; 0
    00000087 00                     178 	.db #0x00	; 0
    00000088 01                     179 	.db #0x01	; 1
    00000089 00                     180 	.db 0x00
    0000008A 00                     181 	.db 0x00
    0000008B 00                     182 	.db 0x00
    0000008C 00                     183 	.db 0x00
    0000008D 00                     184 	.db 0x00
    0000008E 00                     185 	.db 0x00
    0000008F 70 00                  186 	.dw #0x0070
    00000091 0D                     187 	.db #0x0d	; 13
    00000092 00                     188 	.db #0x00	; 0
    00000093 01                     189 	.db #0x01	; 1
    00000094 00                     190 	.db 0x00
    00000095 00                     191 	.db 0x00
    00000096 00                     192 	.db 0x00
    00000097 00                     193 	.db 0x00
    00000098 00                     194 	.db 0x00
    00000099 00                     195 	.db 0x00
    0000009A 7D 00                  196 	.dw #0x007d
    0000009C 0A                     197 	.db #0x0a	; 10
    0000009D 00                     198 	.db #0x00	; 0
    0000009E 01                     199 	.db #0x01	; 1
    0000009F 00                     200 	.db 0x00
    000000A0 00                     201 	.db 0x00
    000000A1 00                     202 	.db 0x00
    000000A2 00                     203 	.db 0x00
    000000A3 00                     204 	.db 0x00
    000000A4 00                     205 	.db 0x00
    000000A5 88 00                  206 	.dw #0x0088
    000000A7 03                     207 	.db #0x03	; 3
    000000A8 00                     208 	.db #0x00	; 0
    000000A9 0C                     209 	.db #0x0c	; 12
    000000AA 00                     210 	.db 0x00
    000000AB 00                     211 	.db 0x00
    000000AC 00                     212 	.db 0x00
    000000AD 00                     213 	.db 0x00
    000000AE 00                     214 	.db 0x00
    000000AF 00                     215 	.db 0x00
    000000B0 8A 00                  216 	.dw #0x008a
    000000B2 09                     217 	.db #0x09	; 9
    000000B3 00                     218 	.db #0x00	; 0
    000000B4 0D                     219 	.db #0x0d	; 13
    000000B5 00                     220 	.db 0x00
    000000B6 00                     221 	.db 0x00
    000000B7 00                     222 	.db 0x00
    000000B8 00                     223 	.db 0x00
    000000B9 00                     224 	.db 0x00
    000000BA 00                     225 	.db 0x00
    000000BB 8C 00                  226 	.dw #0x008c
    000000BD 05                     227 	.db #0x05	; 5
    000000BE 00                     228 	.db #0x00	; 0
    000000BF 0C                     229 	.db #0x0c	; 12
    000000C0 00                     230 	.db 0x00
    000000C1 00                     231 	.db 0x00
    000000C2 00                     232 	.db 0x00
    000000C3 00                     233 	.db 0x00
    000000C4 00                     234 	.db 0x00
    000000C5 00                     235 	.db 0x00
    000000C6 93 00                  236 	.dw #0x0093
    000000C8 0D                     237 	.db #0x0d	; 13
    000000C9 00                     238 	.db #0x00	; 0
    000000CA 01                     239 	.db #0x01	; 1
    000000CB 00                     240 	.db 0x00
    000000CC 00                     241 	.db 0x00
    000000CD 00                     242 	.db 0x00
    000000CE 00                     243 	.db 0x00
    000000CF 00                     244 	.db 0x00
    000000D0 00                     245 	.db 0x00
    000000D1 9F 00                  246 	.dw #0x009f
    000000D3 06                     247 	.db #0x06	; 6
    000000D4 00                     248 	.db #0x00	; 0
    000000D5 0D                     249 	.db #0x0d	; 13
    000000D6 00                     250 	.db 0x00
    000000D7 00                     251 	.db 0x00
    000000D8 00                     252 	.db 0x00
    000000D9 00                     253 	.db 0x00
    000000DA 00                     254 	.db 0x00
    000000DB 00                     255 	.db 0x00
    000000DC A3 00                  256 	.dw #0x00a3
    000000DE 0B                     257 	.db #0x0b	; 11
    000000DF 00                     258 	.db #0x00	; 0
    000000E0 0A                     259 	.db #0x0a	; 10
    000000E1 00                     260 	.db 0x00
    000000E2 00                     261 	.db 0x00
    000000E3 00                     262 	.db 0x00
    000000E4 00                     263 	.db 0x00
    000000E5 00                     264 	.db 0x00
    000000E6 00                     265 	.db 0x00
    000000E7 A6 00                  266 	.dw #0x00a6
    000000E9 02                     267 	.db #0x02	; 2
    000000EA 00                     268 	.db #0x00	; 0
    000000EB 0C                     269 	.db #0x0c	; 12
    000000EC 00                     270 	.db 0x00
    000000ED 00                     271 	.db 0x00
    000000EE 00                     272 	.db 0x00
    000000EF 00                     273 	.db 0x00
    000000F0 00                     274 	.db 0x00
    000000F1 00                     275 	.db 0x00
    000000F2 AD 00                  276 	.dw #0x00ad
    000000F4 0A                     277 	.db #0x0a	; 10
    000000F5 00                     278 	.db #0x00	; 0
    000000F6 01                     279 	.db #0x01	; 1
    000000F7 00                     280 	.db 0x00
    000000F8 00                     281 	.db 0x00
    000000F9 00                     282 	.db 0x00
    000000FA 00                     283 	.db 0x00
    000000FB 00                     284 	.db 0x00
    000000FC 00                     285 	.db 0x00
    000000FD C6 00                  286 	.dw #0x00c6
    000000FF 09                     287 	.db #0x09	; 9
    00000100 00                     288 	.db #0x00	; 0
    00000101 0D                     289 	.db #0x0d	; 13
    00000102 00                     290 	.db 0x00
    00000103 00                     291 	.db 0x00
    00000104 00                     292 	.db 0x00
    00000105 00                     293 	.db 0x00
    00000106 00                     294 	.db 0x00
    00000107 00                     295 	.db 0x00
    00000108 F7 00                  296 	.dw #0x00f7
    0000010A 0C                     297 	.db #0x0c	; 12
    0000010B 00                     298 	.db #0x00	; 0
    0000010C 0A                     299 	.db #0x0a	; 10
    0000010D 00                     300 	.db 0x00
    0000010E 00                     301 	.db 0x00
    0000010F 00                     302 	.db 0x00
    00000110 00                     303 	.db 0x00
    00000111 00                     304 	.db 0x00
    00000112 00                     305 	.db 0x00
    00000113 F9 00                  306 	.dw #0x00f9
    00000115 05                     307 	.db #0x05	; 5
    00000116 00                     308 	.db #0x00	; 0
    00000117 0C                     309 	.db #0x0c	; 12
    00000118 00                     310 	.db 0x00
    00000119 00                     311 	.db 0x00
    0000011A 00                     312 	.db 0x00
    0000011B 00                     313 	.db 0x00
    0000011C 00                     314 	.db 0x00
    0000011D 00                     315 	.db 0x00
    0000011E FC 00                  316 	.dw #0x00fc
    00000120 0D                     317 	.db #0x0d	; 13
    00000121 00                     318 	.db #0x00	; 0
    00000122 0D                     319 	.db #0x0d	; 13
    00000123 00                     320 	.db 0x00
    00000124 00                     321 	.db 0x00
    00000125 00                     322 	.db 0x00
    00000126 00                     323 	.db 0x00
    00000127 00                     324 	.db 0x00
    00000128 00                     325 	.db 0x00
    00000129 02 01                  326 	.dw #0x0102
    0000012B 0B                     327 	.db #0x0b	; 11
    0000012C 00                     328 	.db #0x00	; 0
    0000012D 03                     329 	.db #0x03	; 3
    0000012E 00                     330 	.db 0x00
    0000012F 00                     331 	.db 0x00
    00000130 00                     332 	.db 0x00
    00000131 00                     333 	.db 0x00
    00000132 00                     334 	.db 0x00
    00000133 00                     335 	.db 0x00
    00000134 08 01                  336 	.dw #0x0108
    00000136 06                     337 	.db #0x06	; 6
    00000137 02                     338 	.db #0x02	; 2
    00000138 06                     339 	.db #0x06	; 6
    00000139 00                     340 	.db #0x00	; 0
    0000013A 00                     341 	.db #0x00	; 0
    0000013B 00                     342 	.db 0x00
    0000013C 00                     343 	.db 0x00
    0000013D 00                     344 	.db 0x00
    0000013E 00                     345 	.db 0x00
    0000013F 10 01                  346 	.dw #0x0110
    00000141 0B                     347 	.db #0x0b	; 11
    00000142 00                     348 	.db #0x00	; 0
    00000143 01                     349 	.db #0x01	; 1
    00000144 00                     350 	.db 0x00
    00000145 00                     351 	.db 0x00
    00000146 00                     352 	.db 0x00
    00000147 00                     353 	.db 0x00
    00000148 00                     354 	.db 0x00
    00000149 00                     355 	.db 0x00
    0000014A 13 01                  356 	.dw #0x0113
    0000014C 05                     357 	.db #0x05	; 5
    0000014D 02                     358 	.db #0x02	; 2
    0000014E 06                     359 	.db #0x06	; 6
    0000014F 00                     360 	.db #0x00	; 0
    00000150 00                     361 	.db #0x00	; 0
    00000151 00                     362 	.db 0x00
    00000152 00                     363 	.db 0x00
    00000153 00                     364 	.db 0x00
    00000154 00                     365 	.db 0x00
    00000155 19 01                  366 	.dw #0x0119
    00000157 08                     367 	.db #0x08	; 8
    00000158 03                     368 	.db #0x03	; 3
    00000159 00                     369 	.byte #0x00
    0000015A 00                     370 	.db 0x00
    0000015B 00                     371 	.db 0x00
    0000015C 00                     372 	.db 0x00
    0000015D 00                     373 	.db 0x00
    0000015E 00                     374 	.db 0x00
    0000015F 00                     375 	.db 0x00
    00000160 1A 01                  376 	.dw #0x011a
    00000162 08                     377 	.db #0x08	; 8
    00000163 03                     378 	.db #0x03	; 3
    00000164 00                     379 	.byte #0x00
    00000165 00                     380 	.db 0x00
    00000166 00                     381 	.db 0x00
    00000167 00                     382 	.db 0x00
    00000168 00                     383 	.db 0x00
    00000169 00                     384 	.db 0x00
    0000016A 00                     385 	.db 0x00
    0000016B 1D 01                  386 	.dw #0x011d
    0000016D 07                     387 	.db #0x07	; 7
    0000016E 03                     388 	.db #0x03	; 3
    0000016F 00                     389 	.byte #0x00
    00000170 00                     390 	.db 0x00
    00000171 00                     391 	.db 0x00
    00000172 00                     392 	.db 0x00
    00000173 00                     393 	.db 0x00
    00000174 00                     394 	.db 0x00
    00000175 00                     395 	.db 0x00
    00000176 1E 01                  396 	.dw #0x011e
    00000178 07                     397 	.db #0x07	; 7
    00000179 03                     398 	.db #0x03	; 3
    0000017A 00                     399 	.byte #0x00
    0000017B 00                     400 	.db 0x00
    0000017C 00                     401 	.db 0x00
    0000017D 00                     402 	.db 0x00
    0000017E 00                     403 	.db 0x00
    0000017F 00                     404 	.db 0x00
    00000180 00                     405 	.db 0x00
    00000181 25 01                  406 	.dw #0x0125
    00000183 08                     407 	.db #0x08	; 8
    00000184 03                     408 	.db #0x03	; 3
    00000185 00                     409 	.byte #0x00
    00000186 00                     410 	.db 0x00
    00000187 00                     411 	.db 0x00
    00000188 00                     412 	.db 0x00
    00000189 00                     413 	.db 0x00
    0000018A 00                     414 	.db 0x00
    0000018B 00                     415 	.db 0x00
    0000018C 28 01                  416 	.dw #0x0128
    0000018E 09                     417 	.db #0x09	; 9
    0000018F 03                     418 	.db #0x03	; 3
    00000190 00                     419 	.byte #0x00
    00000191 00                     420 	.db 0x00
    00000192 00                     421 	.db 0x00
    00000193 00                     422 	.db 0x00
    00000194 00                     423 	.db 0x00
    00000195 00                     424 	.db 0x00
    00000196 00                     425 	.db 0x00
    00000197 29 01                  426 	.dw #0x0129
    00000199 09                     427 	.db #0x09	; 9
    0000019A 03                     428 	.db #0x03	; 3
    0000019B 00                     429 	.byte #0x00
    0000019C 00                     430 	.db 0x00
    0000019D 00                     431 	.db 0x00
    0000019E 00                     432 	.db 0x00
    0000019F 00                     433 	.db 0x00
    000001A0 00                     434 	.db 0x00
    000001A1 00                     435 	.db 0x00
    000001A2 2D 01                  436 	.dw #0x012d
    000001A4 09                     437 	.db #0x09	; 9
    000001A5 03                     438 	.db #0x03	; 3
    000001A6 00                     439 	.byte #0x00
    000001A7 00                     440 	.db 0x00
    000001A8 00                     441 	.db 0x00
    000001A9 00                     442 	.db 0x00
    000001AA 00                     443 	.db 0x00
    000001AB 00                     444 	.db 0x00
    000001AC 00                     445 	.db 0x00
    000001AD 30 01                  446 	.dw #0x0130
    000001AF 08                     447 	.db #0x08	; 8
    000001B0 03                     448 	.db #0x03	; 3
    000001B1 00                     449 	.byte #0x00
    000001B2 00                     450 	.db 0x00
    000001B3 00                     451 	.db 0x00
    000001B4 00                     452 	.db 0x00
    000001B5 00                     453 	.db 0x00
    000001B6 00                     454 	.db 0x00
    000001B7 00                     455 	.db 0x00
    000001B8 33 01                  456 	.dw #0x0133
    000001BA 07                     457 	.db #0x07	; 7
    000001BB 03                     458 	.db #0x03	; 3
    000001BC 00                     459 	.byte #0x00
    000001BD 00                     460 	.db 0x00
    000001BE 00                     461 	.db 0x00
    000001BF 00                     462 	.db 0x00
    000001C0 00                     463 	.db 0x00
    000001C1 00                     464 	.db 0x00
    000001C2 00                     465 	.db 0x00
    000001C3 36 01                  466 	.dw #0x0136
    000001C5 06                     467 	.db #0x06	; 6
    000001C6 03                     468 	.db #0x03	; 3
    000001C7 00                     469 	.byte #0x00
    000001C8 00                     470 	.db 0x00
    000001C9 00                     471 	.db 0x00
    000001CA 00                     472 	.db 0x00
    000001CB 00                     473 	.db 0x00
    000001CC 00                     474 	.db 0x00
    000001CD 00                     475 	.db 0x00
    000001CE 39 01                  476 	.dw #0x0139
    000001D0 05                     477 	.db #0x05	; 5
    000001D1 03                     478 	.db #0x03	; 3
    000001D2 00                     479 	.byte #0x00
    000001D3 00                     480 	.db 0x00
    000001D4 00                     481 	.db 0x00
    000001D5 00                     482 	.db 0x00
    000001D6 00                     483 	.db 0x00
    000001D7 00                     484 	.db 0x00
    000001D8 00                     485 	.db 0x00
    000001D9 3C 01                  486 	.dw #0x013c
    000001DB 03                     487 	.db #0x03	; 3
    000001DC 03                     488 	.db #0x03	; 3
    000001DD 00                     489 	.byte #0x00
    000001DE 00                     490 	.db 0x00
    000001DF 00                     491 	.db 0x00
    000001E0 00                     492 	.db 0x00
    000001E1 00                     493 	.db 0x00
    000001E2 00                     494 	.db 0x00
    000001E3 00                     495 	.db 0x00
                                    496 	.area _INITIALIZER
                                    497 	.area _CABS (ABS)
