                                      1 ;--------------------------------------------------------
                                      2 ; File Created by SDCC : free open source ISO C Compiler
                                      3 ; Version 4.5.1 #15267 (Linux)
                                      4 ;--------------------------------------------------------
                                      5 	.module lookup_table_2_3
                                      6 	
                                      7 ;--------------------------------------------------------
                                      8 ; Public variables in this module
                                      9 ;--------------------------------------------------------
                                     10 	.globl _level_2_3_lookup
                                     11 	.globl b___func_level_2_3_lookup
                                     12 	.globl ___func_level_2_3_lookup
                                     13 ;--------------------------------------------------------
                                     14 ; special function registers
                                     15 ;--------------------------------------------------------
                                     16 	.area _HRAM
                                     17 ;--------------------------------------------------------
                                     18 ; ram data
                                     19 ;--------------------------------------------------------
                                     20 	.area _DATA
                                     21 ;--------------------------------------------------------
                                     22 ; ram data
                                     23 ;--------------------------------------------------------
                                     24 	.area _INITIALIZED
                                     25 ;--------------------------------------------------------
                                     26 ; absolute external ram data
                                     27 ;--------------------------------------------------------
                                     28 	.area _DABS (ABS)
                                     29 ;--------------------------------------------------------
                                     30 ; global & static initialisations
                                     31 ;--------------------------------------------------------
                                     32 	.area _HOME
                                     33 	.area _GSINIT
                                     34 	.area _GSFINAL
                                     35 	.area _GSINIT
                                     36 ;--------------------------------------------------------
                                     37 ; Home
                                     38 ;--------------------------------------------------------
                                     39 	.area _HOME
                                     40 	.area _HOME
                                     41 ;--------------------------------------------------------
                                     42 ; code
                                     43 ;--------------------------------------------------------
                                     44 	.area _CODE_255
                                     45 ;src/lookup_table_2_3.c:5: BANKREF(level_2_3_lookup)
                                     46 ;	---------------------------------
                                     47 ; Function __func_level_2_3_lookup
                                     48 ; ---------------------------------
                         000000FF    49 	b___func_level_2_3_lookup	= 255
    00000000                         50 ___func_level_2_3_lookup::
                                     51 	.local b___func_level_2_3_lookup 
                         000000FF    52 	___bank_level_2_3_lookup = b___func_level_2_3_lookup 
                                     53 	.globl ___bank_level_2_3_lookup 
                                     54 	.area _CODE_255
    00000000                         55 _level_2_3_lookup:
    00000000 00 00                   56 	.dw #0x0000
    00000002 00                      57 	.db #0x00	; 0
    00000003 00                      58 	.db #0x00	; 0
    00000004 00                      59 	.byte #0x00
    00000005 00                      60 	.db 0x00
    00000006 00                      61 	.db 0x00
    00000007 00                      62 	.db 0x00
    00000008 00                      63 	.db 0x00
    00000009 00                      64 	.db 0x00
    0000000A 00                      65 	.db 0x00
                                     66 	.area _INITIALIZER
                                     67 	.area _CABS (ABS)
