                                      1 ;--------------------------------------------------------
                                      2 ; File Created by SDCC : free open source ISO C Compiler
                                      3 ; Version 4.5.1 #15267 (Linux)
                                      4 ;--------------------------------------------------------
                                      5 	.module lookup_table_1_2
                                      6 	
                                      7 ;--------------------------------------------------------
                                      8 ; Public variables in this module
                                      9 ;--------------------------------------------------------
                                     10 	.globl _level_1_2_lookup
                                     11 	.globl b___func_level_1_2_lookup
                                     12 	.globl ___func_level_1_2_lookup
                                     13 ;--------------------------------------------------------
                                     14 ; special function registers
                                     15 ;--------------------------------------------------------
                                     16 	.area _HRAM
                                     17 ;--------------------------------------------------------
                                     18 ; ram data
                                     19 ;--------------------------------------------------------
                                     20 	.area _DATA
                                     21 ;--------------------------------------------------------
                                     22 ; ram data
                                     23 ;--------------------------------------------------------
                                     24 	.area _INITIALIZED
                                     25 ;--------------------------------------------------------
                                     26 ; absolute external ram data
                                     27 ;--------------------------------------------------------
                                     28 	.area _DABS (ABS)
                                     29 ;--------------------------------------------------------
                                     30 ; global & static initialisations
                                     31 ;--------------------------------------------------------
                                     32 	.area _HOME
                                     33 	.area _GSINIT
                                     34 	.area _GSFINAL
                                     35 	.area _GSINIT
                                     36 ;--------------------------------------------------------
                                     37 ; Home
                                     38 ;--------------------------------------------------------
                                     39 	.area _HOME
                                     40 	.area _HOME
                                     41 ;--------------------------------------------------------
                                     42 ; code
                                     43 ;--------------------------------------------------------
                                     44 	.area _CODE_255
                                     45 ;src/lookup_table_1_2.c:5: BANKREF(level_1_2_lookup)
                                     46 ;	---------------------------------
                                     47 ; Function __func_level_1_2_lookup
                                     48 ; ---------------------------------
                         000000FF    49 	b___func_level_1_2_lookup	= 255
    00000000                         50 ___func_level_1_2_lookup::
                                     51 	.local b___func_level_1_2_lookup 
                         000000FF    52 	___bank_level_1_2_lookup = b___func_level_1_2_lookup 
                                     53 	.globl ___bank_level_1_2_lookup 
                                     54 	.area _CODE_255
    00000000                         55 _level_1_2_lookup:
    00000000 26 00                   56 	.dw #0x0026
    00000002 06                      57 	.db #0x06	; 6
    00000003 00                      58 	.db #0x00	; 0
    00000004 00                      59 	.db #0x00	; 0
    00000005 00                      60 	.db 0x00
    00000006 00                      61 	.db 0x00
    00000007 00                      62 	.db 0x00
    00000008 00                      63 	.db 0x00
    00000009 00                      64 	.db 0x00
    0000000A 00                      65 	.db 0x00
    0000000B 2A 00                   66 	.dw #0x002a
    0000000D 06                      67 	.db #0x06	; 6
    0000000E 00                      68 	.db #0x00	; 0
    0000000F 04                      69 	.db #0x04	; 4
    00000010 00                      70 	.db 0x00
    00000011 00                      71 	.db 0x00
    00000012 00                      72 	.db 0x00
    00000013 00                      73 	.db 0x00
    00000014 00                      74 	.db 0x00
    00000015 00                      75 	.db 0x00
    00000016 33 00                   76 	.dw #0x0033
    00000018 04                      77 	.db #0x04	; 4
    00000019 00                      78 	.db #0x00	; 0
    0000001A 04                      79 	.db #0x04	; 4
    0000001B 00                      80 	.db 0x00
    0000001C 00                      81 	.db 0x00
    0000001D 00                      82 	.db 0x00
    0000001E 00                      83 	.db 0x00
    0000001F 00                      84 	.db 0x00
    00000020 00                      85 	.db 0x00
    00000021 41 00                   86 	.dw #0x0041
    00000023 06                      87 	.db #0x06	; 6
    00000024 00                      88 	.db #0x00	; 0
    00000025 01                      89 	.db #0x01	; 1
    00000026 00                      90 	.db 0x00
    00000027 00                      91 	.db 0x00
    00000028 00                      92 	.db 0x00
    00000029 00                      93 	.db 0x00
    0000002A 00                      94 	.db 0x00
    0000002B 00                      95 	.db 0x00
    0000002C 47 00                   96 	.dw #0x0047
    0000002E 08                      97 	.db #0x08	; 8
    0000002F 00                      98 	.db #0x00	; 0
    00000030 01                      99 	.db #0x01	; 1
    00000031 00                     100 	.db 0x00
    00000032 00                     101 	.db 0x00
    00000033 00                     102 	.db 0x00
    00000034 00                     103 	.db 0x00
    00000035 00                     104 	.db 0x00
    00000036 00                     105 	.db 0x00
    00000037 5D 00                  106 	.dw #0x005d
    00000039 02                     107 	.db #0x02	; 2
    0000003A 00                     108 	.db #0x00	; 0
    0000003B 01                     109 	.db #0x01	; 1
    0000003C 00                     110 	.db 0x00
    0000003D 00                     111 	.db 0x00
    0000003E 00                     112 	.db 0x00
    0000003F 00                     113 	.db 0x00
    00000040 00                     114 	.db 0x00
    00000041 00                     115 	.db 0x00
    00000042 5F 00                  116 	.dw #0x005f
    00000044 04                     117 	.db #0x04	; 4
    00000045 00                     118 	.db #0x00	; 0
    00000046 00                     119 	.db #0x00	; 0
    00000047 00                     120 	.db 0x00
    00000048 00                     121 	.db 0x00
    00000049 00                     122 	.db 0x00
    0000004A 00                     123 	.db 0x00
    0000004B 00                     124 	.db 0x00
    0000004C 00                     125 	.db 0x00
    0000004D 6A 00                  126 	.dw #0x006a
    0000004F 06                     127 	.db #0x06	; 6
    00000050 02                     128 	.db #0x02	; 2
    00000051 00                     129 	.db #0x00	; 0
    00000052 00                     130 	.db #0x00	; 0
    00000053 00                     131 	.db #0x00	; 0
    00000054 00                     132 	.db 0x00
    00000055 00                     133 	.db 0x00
    00000056 00                     134 	.db 0x00
    00000057 00                     135 	.db 0x00
    00000058 70 00                  136 	.dw #0x0070
    0000005A 08                     137 	.db #0x08	; 8
    0000005B 02                     138 	.db #0x02	; 2
    0000005C 00                     139 	.db #0x00	; 0
    0000005D 00                     140 	.db #0x00	; 0
    0000005E 00                     141 	.db #0x00	; 0
    0000005F 00                     142 	.db 0x00
    00000060 00                     143 	.db 0x00
    00000061 00                     144 	.db 0x00
    00000062 00                     145 	.db 0x00
    00000063 87 00                  146 	.dw #0x0087
    00000065 02                     147 	.db #0x02	; 2
    00000066 00                     148 	.db #0x00	; 0
    00000067 04                     149 	.db #0x04	; 4
    00000068 00                     150 	.db 0x00
    00000069 00                     151 	.db 0x00
    0000006A 00                     152 	.db 0x00
    0000006B 00                     153 	.db 0x00
    0000006C 00                     154 	.db 0x00
    0000006D 00                     155 	.db 0x00
    0000006E 8A 00                  156 	.dw #0x008a
    00000070 02                     157 	.db #0x02	; 2
    00000071 00                     158 	.db #0x00	; 0
    00000072 04                     159 	.db #0x04	; 4
    00000073 00                     160 	.db 0x00
    00000074 00                     161 	.db 0x00
    00000075 00                     162 	.db 0x00
    00000076 00                     163 	.db 0x00
    00000077 00                     164 	.db 0x00
    00000078 00                     165 	.db 0x00
    00000079 96 00                  166 	.dw #0x0096
    0000007B 02                     167 	.db #0x02	; 2
    0000007C 00                     168 	.db #0x00	; 0
    0000007D 04                     169 	.db #0x04	; 4
    0000007E 00                     170 	.db 0x00
    0000007F 00                     171 	.db 0x00
    00000080 00                     172 	.db 0x00
    00000081 00                     173 	.db 0x00
    00000082 00                     174 	.db 0x00
    00000083 00                     175 	.db 0x00
    00000084 9A 00                  176 	.dw #0x009a
    00000086 06                     177 	.db #0x06	; 6
    00000087 00                     178 	.db #0x00	; 0
    00000088 04                     179 	.db #0x04	; 4
    00000089 00                     180 	.db 0x00
    0000008A 00                     181 	.db 0x00
    0000008B 00                     182 	.db 0x00
    0000008C 00                     183 	.db 0x00
    0000008D 00                     184 	.db 0x00
    0000008E 00                     185 	.db 0x00
    0000008F AF 00                  186 	.dw #0x00af
    00000091 02                     187 	.db #0x02	; 2
    00000092 00                     188 	.db #0x00	; 0
    00000093 00                     189 	.db #0x00	; 0
    00000094 00                     190 	.db 0x00
    00000095 00                     191 	.db 0x00
    00000096 00                     192 	.db 0x00
    00000097 00                     193 	.db 0x00
    00000098 00                     194 	.db 0x00
    00000099 00                     195 	.db 0x00
    0000009A B3 00                  196 	.dw #0x00b3
    0000009C 02                     197 	.db #0x02	; 2
    0000009D 00                     198 	.db #0x00	; 0
    0000009E 00                     199 	.db #0x00	; 0
    0000009F 00                     200 	.db 0x00
    000000A0 00                     201 	.db 0x00
    000000A1 00                     202 	.db 0x00
    000000A2 00                     203 	.db 0x00
    000000A3 00                     204 	.db 0x00
    000000A4 00                     205 	.db 0x00
    000000A5 BC 00                  206 	.dw #0x00bc
    000000A7 08                     207 	.db #0x08	; 8
    000000A8 02                     208 	.db #0x02	; 2
    000000A9 00                     209 	.db #0x00	; 0
    000000AA 00                     210 	.db #0x00	; 0
    000000AB 00                     211 	.db #0x00	; 0
    000000AC 00                     212 	.db 0x00
    000000AD 00                     213 	.db 0x00
    000000AE 00                     214 	.db 0x00
    000000AF 00                     215 	.db 0x00
    000000B0 C1 00                  216 	.dw #0x00c1
    000000B2 08                     217 	.db #0x08	; 8
    000000B3 02                     218 	.db #0x02	; 2
    000000B4 00                     219 	.db #0x00	; 0
    000000B5 00                     220 	.db #0x00	; 0
    000000B6 00                     221 	.db #0x00	; 0
    000000B7 00                     222 	.db 0x00
    000000B8 00                     223 	.db 0x00
    000000B9 00                     224 	.db 0x00
    000000BA 00                     225 	.db 0x00
    000000BB C6 00                  226 	.dw #0x00c6
    000000BD 08                     227 	.db #0x08	; 8
    000000BE 02                     228 	.db #0x02	; 2
    000000BF 00                     229 	.db #0x00	; 0
    000000C0 00                     230 	.db #0x00	; 0
    000000C1 00                     231 	.db #0x00	; 0
    000000C2 00                     232 	.db 0x00
    000000C3 00                     233 	.db 0x00
    000000C4 00                     234 	.db 0x00
    000000C5 00                     235 	.db 0x00
    000000C6 CD 00                  236 	.dw #0x00cd
    000000C8 0C                     237 	.db #0x0c	; 12
    000000C9 00                     238 	.db #0x00	; 0
    000000CA 01                     239 	.db #0x01	; 1
    000000CB 00                     240 	.db 0x00
    000000CC 00                     241 	.db 0x00
    000000CD 00                     242 	.db 0x00
    000000CE 00                     243 	.db 0x00
    000000CF 00                     244 	.db 0x00
    000000D0 00                     245 	.db 0x00
    000000D1 D0 00                  246 	.dw #0x00d0
    000000D3 02                     247 	.db #0x02	; 2
    000000D4 00                     248 	.db #0x00	; 0
    000000D5 04                     249 	.db #0x04	; 4
    000000D6 00                     250 	.db 0x00
    000000D7 00                     251 	.db 0x00
    000000D8 00                     252 	.db 0x00
    000000D9 00                     253 	.db 0x00
    000000DA 00                     254 	.db 0x00
    000000DB 00                     255 	.db 0x00
    000000DC E2 00                  256 	.dw #0x00e2
    000000DE 0A                     257 	.db #0x0a	; 10
    000000DF 02                     258 	.db #0x02	; 2
    000000E0 00                     259 	.db #0x00	; 0
    000000E1 01                     260 	.db #0x01	; 1
    000000E2 00                     261 	.db #0x00	; 0
    000000E3 00                     262 	.db 0x00
    000000E4 00                     263 	.db 0x00
    000000E5 00                     264 	.db 0x00
    000000E6 00                     265 	.db 0x00
    000000E7 07 01                  266 	.dw #0x0107
    000000E9 08                     267 	.db #0x08	; 8
    000000EA 02                     268 	.db #0x02	; 2
    000000EB 00                     269 	.db #0x00	; 0
    000000EC 00                     270 	.db #0x00	; 0
    000000ED 00                     271 	.db #0x00	; 0
    000000EE 00                     272 	.db 0x00
    000000EF 00                     273 	.db 0x00
    000000F0 00                     274 	.db 0x00
    000000F1 00                     275 	.db 0x00
                                    276 	.area _INITIALIZER
                                    277 	.area _CABS (ABS)
