                                      1 ;--------------------------------------------------------
                                      2 ; File Created by SDCC : free open source ISO C Compiler
                                      3 ; Version 4.5.1 #15267 (Linux)
                                      4 ;--------------------------------------------------------
                                      5 	.module lookup_table_2_2
                                      6 	
                                      7 ;--------------------------------------------------------
                                      8 ; Public variables in this module
                                      9 ;--------------------------------------------------------
                                     10 	.globl _level_2_2_lookup
                                     11 	.globl b___func_level_2_2_lookup
                                     12 	.globl ___func_level_2_2_lookup
                                     13 ;--------------------------------------------------------
                                     14 ; special function registers
                                     15 ;--------------------------------------------------------
                                     16 	.area _HRAM
                                     17 ;--------------------------------------------------------
                                     18 ; ram data
                                     19 ;--------------------------------------------------------
                                     20 	.area _DATA
                                     21 ;--------------------------------------------------------
                                     22 ; ram data
                                     23 ;--------------------------------------------------------
                                     24 	.area _INITIALIZED
                                     25 ;--------------------------------------------------------
                                     26 ; absolute external ram data
                                     27 ;--------------------------------------------------------
                                     28 	.area _DABS (ABS)
                                     29 ;--------------------------------------------------------
                                     30 ; global & static initialisations
                                     31 ;--------------------------------------------------------
                                     32 	.area _HOME
                                     33 	.area _GSINIT
                                     34 	.area _GSFINAL
                                     35 	.area _GSINIT
                                     36 ;--------------------------------------------------------
                                     37 ; Home
                                     38 ;--------------------------------------------------------
                                     39 	.area _HOME
                                     40 	.area _HOME
                                     41 ;--------------------------------------------------------
                                     42 ; code
                                     43 ;--------------------------------------------------------
                                     44 	.area _CODE_255
                                     45 ;src/lookup_table_2_2.c:5: BANKREF(level_2_2_lookup)
                                     46 ;	---------------------------------
                                     47 ; Function __func_level_2_2_lookup
                                     48 ; ---------------------------------
                         000000FF    49 	b___func_level_2_2_lookup	= 255
    00000000                         50 ___func_level_2_2_lookup::
                                     51 	.local b___func_level_2_2_lookup 
                         000000FF    52 	___bank_level_2_2_lookup = b___func_level_2_2_lookup 
                                     53 	.globl ___bank_level_2_2_lookup 
                                     54 	.area _CODE_255
    00000000                         55 _level_2_2_lookup:
    00000000 16 00                   56 	.dw #0x0016
    00000002 0A                      57 	.db #0x0a	; 10
    00000003 00                      58 	.db #0x00	; 0
    00000004 00                      59 	.db #0x00	; 0
    00000005 00                      60 	.db 0x00
    00000006 00                      61 	.db 0x00
    00000007 00                      62 	.db 0x00
    00000008 00                      63 	.db 0x00
    00000009 00                      64 	.db 0x00
    0000000A 00                      65 	.db 0x00
    0000000B 2C 00                   66 	.dw #0x002c
    0000000D 09                      67 	.db #0x09	; 9
    0000000E 00                      68 	.db #0x00	; 0
    0000000F 00                      69 	.db #0x00	; 0
    00000010 00                      70 	.db 0x00
    00000011 00                      71 	.db 0x00
    00000012 00                      72 	.db 0x00
    00000013 00                      73 	.db 0x00
    00000014 00                      74 	.db 0x00
    00000015 00                      75 	.db 0x00
    00000016 2E 00                   76 	.dw #0x002e
    00000018 05                      77 	.db #0x05	; 5
    00000019 00                      78 	.db #0x00	; 0
    0000001A 00                      79 	.db #0x00	; 0
    0000001B 00                      80 	.db 0x00
    0000001C 00                      81 	.db 0x00
    0000001D 00                      82 	.db 0x00
    0000001E 00                      83 	.db 0x00
    0000001F 00                      84 	.db 0x00
    00000020 00                      85 	.db 0x00
    00000021 3E 00                   86 	.dw #0x003e
    00000023 04                      87 	.db #0x04	; 4
    00000024 02                      88 	.db #0x02	; 2
    00000025 06                      89 	.db #0x06	; 6
    00000026 01                      90 	.db #0x01	; 1
    00000027 00                      91 	.db #0x00	; 0
    00000028 00                      92 	.db 0x00
    00000029 00                      93 	.db 0x00
    0000002A 00                      94 	.db 0x00
    0000002B 00                      95 	.db 0x00
    0000002C 49 00                   96 	.dw #0x0049
    0000002E 04                      97 	.db #0x04	; 4
    0000002F 02                      98 	.db #0x02	; 2
    00000030 06                      99 	.db #0x06	; 6
    00000031 01                     100 	.db #0x01	; 1
    00000032 00                     101 	.db #0x00	; 0
    00000033 00                     102 	.db 0x00
    00000034 00                     103 	.db 0x00
    00000035 00                     104 	.db 0x00
    00000036 00                     105 	.db 0x00
    00000037 55 00                  106 	.dw #0x0055
    00000039 0D                     107 	.db #0x0d	; 13
    0000003A 00                     108 	.db #0x00	; 0
    0000003B 00                     109 	.db #0x00	; 0
    0000003C 00                     110 	.db 0x00
    0000003D 00                     111 	.db 0x00
    0000003E 00                     112 	.db 0x00
    0000003F 00                     113 	.db 0x00
    00000040 00                     114 	.db 0x00
    00000041 00                     115 	.db 0x00
    00000042 60 00                  116 	.dw #0x0060
    00000044 07                     117 	.db #0x07	; 7
    00000045 00                     118 	.db #0x00	; 0
    00000046 00                     119 	.db #0x00	; 0
    00000047 00                     120 	.db 0x00
    00000048 00                     121 	.db 0x00
    00000049 00                     122 	.db 0x00
    0000004A 00                     123 	.db 0x00
    0000004B 00                     124 	.db 0x00
    0000004C 00                     125 	.db 0x00
    0000004D 68 00                  126 	.dw #0x0068
    0000004F 07                     127 	.db #0x07	; 7
    00000050 00                     128 	.db #0x00	; 0
    00000051 00                     129 	.db #0x00	; 0
    00000052 00                     130 	.db 0x00
    00000053 00                     131 	.db 0x00
    00000054 00                     132 	.db 0x00
    00000055 00                     133 	.db 0x00
    00000056 00                     134 	.db 0x00
    00000057 00                     135 	.db 0x00
    00000058 72 00                  136 	.dw #0x0072
    0000005A 07                     137 	.db #0x07	; 7
    0000005B 00                     138 	.db #0x00	; 0
    0000005C 00                     139 	.db #0x00	; 0
    0000005D 00                     140 	.db 0x00
    0000005E 00                     141 	.db 0x00
    0000005F 00                     142 	.db 0x00
    00000060 00                     143 	.db 0x00
    00000061 00                     144 	.db 0x00
    00000062 00                     145 	.db 0x00
    00000063 77 00                  146 	.dw #0x0077
    00000065 0D                     147 	.db #0x0d	; 13
    00000066 00                     148 	.db #0x00	; 0
    00000067 00                     149 	.db #0x00	; 0
    00000068 00                     150 	.db 0x00
    00000069 00                     151 	.db 0x00
    0000006A 00                     152 	.db 0x00
    0000006B 00                     153 	.db 0x00
    0000006C 00                     154 	.db 0x00
    0000006D 00                     155 	.db 0x00
    0000006E 8D 00                  156 	.dw #0x008d
    00000070 0D                     157 	.db #0x0d	; 13
    00000071 00                     158 	.db #0x00	; 0
    00000072 00                     159 	.db #0x00	; 0
    00000073 00                     160 	.db 0x00
    00000074 00                     161 	.db 0x00
    00000075 00                     162 	.db 0x00
    00000076 00                     163 	.db 0x00
    00000077 00                     164 	.db 0x00
    00000078 00                     165 	.db 0x00
    00000079 8F 00                  166 	.dw #0x008f
    0000007B 07                     167 	.db #0x07	; 7
    0000007C 00                     168 	.db #0x00	; 0
    0000007D 07                     169 	.db #0x07	; 7
    0000007E 00                     170 	.db 0x00
    0000007F 00                     171 	.db 0x00
    00000080 00                     172 	.db 0x00
    00000081 00                     173 	.db 0x00
    00000082 00                     174 	.db 0x00
    00000083 00                     175 	.db 0x00
    00000084 9A 00                  176 	.dw #0x009a
    00000086 0D                     177 	.db #0x0d	; 13
    00000087 00                     178 	.db #0x00	; 0
    00000088 00                     179 	.db #0x00	; 0
    00000089 00                     180 	.db 0x00
    0000008A 00                     181 	.db 0x00
    0000008B 00                     182 	.db 0x00
    0000008C 00                     183 	.db 0x00
    0000008D 00                     184 	.db 0x00
    0000008E 00                     185 	.db 0x00
    0000008F AC 00                  186 	.dw #0x00ac
    00000091 0D                     187 	.db #0x0d	; 13
    00000092 00                     188 	.db #0x00	; 0
    00000093 01                     189 	.db #0x01	; 1
    00000094 00                     190 	.db 0x00
    00000095 00                     191 	.db 0x00
    00000096 00                     192 	.db 0x00
    00000097 00                     193 	.db 0x00
    00000098 00                     194 	.db 0x00
    00000099 00                     195 	.db 0x00
    0000009A B2 00                  196 	.dw #0x00b2
    0000009C 0A                     197 	.db #0x0a	; 10
    0000009D 00                     198 	.db #0x00	; 0
    0000009E 00                     199 	.db #0x00	; 0
    0000009F 00                     200 	.db 0x00
    000000A0 00                     201 	.db 0x00
    000000A1 00                     202 	.db 0x00
    000000A2 00                     203 	.db 0x00
    000000A3 00                     204 	.db 0x00
    000000A4 00                     205 	.db 0x00
    000000A5 B7 00                  206 	.dw #0x00b7
    000000A7 0F                     207 	.db #0x0f	; 15
    000000A8 00                     208 	.db #0x00	; 0
    000000A9 00                     209 	.db #0x00	; 0
    000000AA 00                     210 	.db 0x00
    000000AB 00                     211 	.db 0x00
    000000AC 00                     212 	.db 0x00
    000000AD 00                     213 	.db 0x00
    000000AE 00                     214 	.db 0x00
    000000AF 00                     215 	.db 0x00
    000000B0 C1 00                  216 	.dw #0x00c1
    000000B2 0D                     217 	.db #0x0d	; 13
    000000B3 00                     218 	.db #0x00	; 0
    000000B4 07                     219 	.db #0x07	; 7
    000000B5 00                     220 	.db 0x00
    000000B6 00                     221 	.db 0x00
    000000B7 00                     222 	.db 0x00
    000000B8 00                     223 	.db 0x00
    000000B9 00                     224 	.db 0x00
    000000BA 00                     225 	.db 0x00
    000000BB CB 00                  226 	.dw #0x00cb
    000000BD 06                     227 	.db #0x06	; 6
    000000BE 02                     228 	.db #0x02	; 2
    000000BF 06                     229 	.db #0x06	; 6
    000000C0 00                     230 	.db #0x00	; 0
    000000C1 00                     231 	.db #0x00	; 0
    000000C2 00                     232 	.db 0x00
    000000C3 00                     233 	.db 0x00
    000000C4 00                     234 	.db 0x00
    000000C5 00                     235 	.db 0x00
    000000C6 CF 00                  236 	.dw #0x00cf
    000000C8 09                     237 	.db #0x09	; 9
    000000C9 02                     238 	.db #0x02	; 2
    000000CA 06                     239 	.db #0x06	; 6
    000000CB 01                     240 	.db #0x01	; 1
    000000CC 00                     241 	.db #0x00	; 0
    000000CD 00                     242 	.db 0x00
    000000CE 00                     243 	.db 0x00
    000000CF 00                     244 	.db 0x00
    000000D0 00                     245 	.db 0x00
    000000D1 E1 00                  246 	.dw #0x00e1
    000000D3 0B                     247 	.db #0x0b	; 11
    000000D4 00                     248 	.db #0x00	; 0
    000000D5 01                     249 	.db #0x01	; 1
    000000D6 00                     250 	.db 0x00
    000000D7 00                     251 	.db 0x00
    000000D8 00                     252 	.db 0x00
    000000D9 00                     253 	.db 0x00
    000000DA 00                     254 	.db 0x00
    000000DB 00                     255 	.db 0x00
    000000DC E7 00                  256 	.dw #0x00e7
    000000DE 0F                     257 	.db #0x0f	; 15
    000000DF 00                     258 	.db #0x00	; 0
    000000E0 08                     259 	.db #0x08	; 8
    000000E1 00                     260 	.db 0x00
    000000E2 00                     261 	.db 0x00
    000000E3 00                     262 	.db 0x00
    000000E4 00                     263 	.db 0x00
    000000E5 00                     264 	.db 0x00
    000000E6 00                     265 	.db 0x00
    000000E7 EE 00                  266 	.dw #0x00ee
    000000E9 08                     267 	.db #0x08	; 8
    000000EA 00                     268 	.db #0x00	; 0
    000000EB 03                     269 	.db #0x03	; 3
    000000EC 00                     270 	.db 0x00
    000000ED 00                     271 	.db 0x00
    000000EE 00                     272 	.db 0x00
    000000EF 00                     273 	.db 0x00
    000000F0 00                     274 	.db 0x00
    000000F1 00                     275 	.db 0x00
    000000F2 F4 00                  276 	.dw #0x00f4
    000000F4 09                     277 	.db #0x09	; 9
    000000F5 00                     278 	.db #0x00	; 0
    000000F6 00                     279 	.db #0x00	; 0
    000000F7 00                     280 	.db 0x00
    000000F8 00                     281 	.db 0x00
    000000F9 00                     282 	.db 0x00
    000000FA 00                     283 	.db 0x00
    000000FB 00                     284 	.db 0x00
    000000FC 00                     285 	.db 0x00
    000000FD F5 00                  286 	.dw #0x00f5
    000000FF 06                     287 	.db #0x06	; 6
    00000100 00                     288 	.db #0x00	; 0
    00000101 03                     289 	.db #0x03	; 3
    00000102 00                     290 	.db 0x00
    00000103 00                     291 	.db 0x00
    00000104 00                     292 	.db 0x00
    00000105 00                     293 	.db 0x00
    00000106 00                     294 	.db 0x00
    00000107 00                     295 	.db 0x00
    00000108 FB 00                  296 	.dw #0x00fb
    0000010A 03                     297 	.db #0x03	; 3
    0000010B 00                     298 	.db #0x00	; 0
    0000010C 01                     299 	.db #0x01	; 1
    0000010D 00                     300 	.db 0x00
    0000010E 00                     301 	.db 0x00
    0000010F 00                     302 	.db 0x00
    00000110 00                     303 	.db 0x00
    00000111 00                     304 	.db 0x00
    00000112 00                     305 	.db 0x00
    00000113 0A 01                  306 	.dw #0x010a
    00000115 01                     307 	.db #0x01	; 1
    00000116 02                     308 	.db #0x02	; 2
    00000117 06                     309 	.db #0x06	; 6
    00000118 00                     310 	.db #0x00	; 0
    00000119 00                     311 	.db #0x00	; 0
    0000011A 00                     312 	.db 0x00
    0000011B 00                     313 	.db 0x00
    0000011C 00                     314 	.db 0x00
    0000011D 00                     315 	.db 0x00
    0000011E 0F 01                  316 	.dw #0x010f
    00000120 03                     317 	.db #0x03	; 3
    00000121 03                     318 	.db #0x03	; 3
    00000122 00                     319 	.byte #0x00
    00000123 00                     320 	.db 0x00
    00000124 00                     321 	.db 0x00
    00000125 00                     322 	.db 0x00
    00000126 00                     323 	.db 0x00
    00000127 00                     324 	.db 0x00
    00000128 00                     325 	.db 0x00
    00000129 11 01                  326 	.dw #0x0111
    0000012B 07                     327 	.db #0x07	; 7
    0000012C 03                     328 	.db #0x03	; 3
    0000012D 00                     329 	.byte #0x00
    0000012E 00                     330 	.db 0x00
    0000012F 00                     331 	.db 0x00
    00000130 00                     332 	.db 0x00
    00000131 00                     333 	.db 0x00
    00000132 00                     334 	.db 0x00
    00000133 00                     335 	.db 0x00
    00000134 13 01                  336 	.dw #0x0113
    00000136 0B                     337 	.db #0x0b	; 11
    00000137 03                     338 	.db #0x03	; 3
    00000138 00                     339 	.byte #0x00
    00000139 00                     340 	.db 0x00
    0000013A 00                     341 	.db 0x00
    0000013B 00                     342 	.db 0x00
    0000013C 00                     343 	.db 0x00
    0000013D 00                     344 	.db 0x00
    0000013E 00                     345 	.db 0x00
                                    346 	.area _INITIALIZER
                                    347 	.area _CABS (ABS)
