                                      1 ;--------------------------------------------------------
                                      2 ; File Created by SDCC : free open source ISO C Compiler
                                      3 ; Version 4.5.1 #15267 (Linux)
                                      4 ;--------------------------------------------------------
                                      5 	.module lookup_table_1_3
                                      6 	
                                      7 ;--------------------------------------------------------
                                      8 ; Public variables in this module
                                      9 ;--------------------------------------------------------
                                     10 	.globl _level_1_3_lookup
                                     11 	.globl b___func_level_1_3_lookup
                                     12 	.globl ___func_level_1_3_lookup
                                     13 ;--------------------------------------------------------
                                     14 ; special function registers
                                     15 ;--------------------------------------------------------
                                     16 	.area _HRAM
                                     17 ;--------------------------------------------------------
                                     18 ; ram data
                                     19 ;--------------------------------------------------------
                                     20 	.area _DATA
                                     21 ;--------------------------------------------------------
                                     22 ; ram data
                                     23 ;--------------------------------------------------------
                                     24 	.area _INITIALIZED
                                     25 ;--------------------------------------------------------
                                     26 ; absolute external ram data
                                     27 ;--------------------------------------------------------
                                     28 	.area _DABS (ABS)
                                     29 ;--------------------------------------------------------
                                     30 ; global & static initialisations
                                     31 ;--------------------------------------------------------
                                     32 	.area _HOME
                                     33 	.area _GSINIT
                                     34 	.area _GSFINAL
                                     35 	.area _GSINIT
                                     36 ;--------------------------------------------------------
                                     37 ; Home
                                     38 ;--------------------------------------------------------
                                     39 	.area _HOME
                                     40 	.area _HOME
                                     41 ;--------------------------------------------------------
                                     42 ; code
                                     43 ;--------------------------------------------------------
                                     44 	.area _CODE_255
                                     45 ;src/lookup_table_1_3.c:5: BANKREF(level_1_3_lookup)
                                     46 ;	---------------------------------
                                     47 ; Function __func_level_1_3_lookup
                                     48 ; ---------------------------------
                         000000FF    49 	b___func_level_1_3_lookup	= 255
    00000000                         50 ___func_level_1_3_lookup::
                                     51 	.local b___func_level_1_3_lookup 
                         000000FF    52 	___bank_level_1_3_lookup = b___func_level_1_3_lookup 
                                     53 	.globl ___bank_level_1_3_lookup 
                                     54 	.area _CODE_255
    00000000                         55 _level_1_3_lookup:
    00000000 9B 00                   56 	.dw #0x009b
    00000002 0B                      57 	.db #0x0b	; 11
    00000003 00                      58 	.db #0x00	; 0
    00000004 05                      59 	.db #0x05	; 5
    00000005 00                      60 	.db 0x00
    00000006 00                      61 	.db 0x00
    00000007 00                      62 	.db 0x00
    00000008 00                      63 	.db 0x00
    00000009 00                      64 	.db 0x00
    0000000A 00                      65 	.db 0x00
    0000000B BB 00                   66 	.dw #0x00bb
    0000000D 0A                      67 	.db #0x0a	; 10
    0000000E 00                      68 	.db #0x00	; 0
    0000000F 01                      69 	.db #0x01	; 1
    00000010 00                      70 	.db 0x00
    00000011 00                      71 	.db 0x00
    00000012 00                      72 	.db 0x00
    00000013 00                      73 	.db 0x00
    00000014 00                      74 	.db 0x00
    00000015 00                      75 	.db 0x00
    00000016 CE 00                   76 	.dw #0x00ce
    00000018 0B                      77 	.db #0x0b	; 11
    00000019 01                      78 	.db #0x01	; 1
    0000001A 00                      79 	.db #0x00	; 0
    0000001B 00                      80 	.db 0x00
    0000001C 00                      81 	.db 0x00
    0000001D 00                      82 	.db 0x00
    0000001E 00                      83 	.db 0x00
    0000001F 00                      84 	.db 0x00
    00000020 00                      85 	.db 0x00
    00000021 FB 00                   86 	.dw #0x00fb
    00000023 0C                      87 	.db #0x0c	; 12
    00000024 00                      88 	.db #0x00	; 0
    00000025 05                      89 	.db #0x05	; 5
    00000026 00                      90 	.db 0x00
    00000027 00                      91 	.db 0x00
    00000028 00                      92 	.db 0x00
    00000029 00                      93 	.db 0x00
    0000002A 00                      94 	.db 0x00
    0000002B 00                      95 	.db 0x00
    0000002C 14 01                   96 	.dw #0x0114
    0000002E 0B                      97 	.db #0x0b	; 11
    0000002F 00                      98 	.db #0x00	; 0
    00000030 05                      99 	.db #0x05	; 5
    00000031 00                     100 	.db 0x00
    00000032 00                     101 	.db 0x00
    00000033 00                     102 	.db 0x00
    00000034 00                     103 	.db 0x00
    00000035 00                     104 	.db 0x00
    00000036 00                     105 	.db 0x00
    00000037 24 01                  106 	.dw #0x0124
    00000039 0B                     107 	.db #0x0b	; 11
    0000003A 00                     108 	.db #0x00	; 0
    0000003B 05                     109 	.db #0x05	; 5
    0000003C 00                     110 	.db 0x00
    0000003D 00                     111 	.db 0x00
    0000003E 00                     112 	.db 0x00
    0000003F 00                     113 	.db 0x00
    00000040 00                     114 	.db 0x00
    00000041 00                     115 	.db 0x00
                                    116 	.area _INITIALIZER
                                    117 	.area _CABS (ABS)
