                                      1 ;--------------------------------------------------------
                                      2 ; File Created by SDCC : free open source ISO C Compiler
                                      3 ; Version 4.5.1 #15267 (Linux)
                                      4 ;--------------------------------------------------------
                                      5 	.module musicmanager
                                      6 	
                                      7 ;--------------------------------------------------------
                                      8 ; Public variables in this module
                                      9 ;--------------------------------------------------------
                                     10 	.globl _hUGE_dosound
                                     11 	.globl _hUGE_init
                                     12 	.globl _sfx_play_isr
                                     13 	.globl _music_tick_mask
                                     14 	.globl _music_sfx_priority
                                     15 	.globl _music_play_isr_pause
                                     16 	.globl _music_play_isr_counter
                                     17 	.globl _music_mute_mask
                                     18 	.globl _music_current_track_bank
                                     19 	.globl _music_next_track
                                     20 	.globl _music_play_isr
                                     21 	.globl _music_pause
                                     22 ;--------------------------------------------------------
                                     23 ; special function registers
                                     24 ;--------------------------------------------------------
                                     25 	.area _HRAM
                                     26 ;--------------------------------------------------------
                                     27 ; ram data
                                     28 ;--------------------------------------------------------
                                     29 	.area _DATA
    00000000                         30 _music_next_track::
    00000000                         31 	.ds 2
                                     32 ;--------------------------------------------------------
                                     33 ; ram data
                                     34 ;--------------------------------------------------------
                                     35 	.area _INITIALIZED
    00000000                         36 _music_current_track_bank::
    00000000                         37 	.ds 1
    00000001                         38 _music_mute_mask::
    00000001                         39 	.ds 1
    00000002                         40 _music_play_isr_counter::
    00000002                         41 	.ds 1
    00000003                         42 _music_play_isr_pause::
    00000003                         43 	.ds 1
    00000004                         44 _music_sfx_priority::
    00000004                         45 	.ds 1
    00000005                         46 _music_tick_mask::
    00000005                         47 	.ds 1
                                     48 ;--------------------------------------------------------
                                     49 ; absolute external ram data
                                     50 ;--------------------------------------------------------
                                     51 	.area _DABS (ABS)
                                     52 ;--------------------------------------------------------
                                     53 ; global & static initialisations
                                     54 ;--------------------------------------------------------
                                     55 	.area _HOME
                                     56 	.area _GSINIT
                                     57 	.area _GSFINAL
                                     58 	.area _GSINIT
                                     59 ;--------------------------------------------------------
                                     60 ; Home
                                     61 ;--------------------------------------------------------
                                     62 	.area _HOME
                                     63 ;sm83/musicmanager.c:19: void music_play_isr(void) NONBANKED {
                                     64 ;	---------------------------------
                                     65 ; Function music_play_isr
                                     66 ; ---------------------------------
    00000000                         67 _music_play_isr::
                                     68 ;sm83/musicmanager.c:20: if (sfx_play_bank != SFX_STOP_BANK) {
    00000000 FAr00r00         [16]   69 	ld	a, (#_sfx_play_bank)
    00000003 3C               [ 4]   70 	inc	a
    00000004 28 20            [12]   71 	jr	Z, 00104$
                                     72 ;sm83/musicmanager.c:22: hUGE_mute_mask = music_mute_mask;
    00000006 FAr01r00         [16]   73 	ld	a, (#_music_mute_mask)
    00000009 EAr00r00         [16]   74 	ld	(#_hUGE_mute_mask),a
                                     75 ;sm83/musicmanager.c:24: if (!sfx_play_isr()) {
    0000000C CDr00r00         [24]   76 	call	_sfx_play_isr
                                     77 ;sm83/musicmanager.c:26: hUGE_mute_mask = MUTE_MASK_NONE, hUGE_reset_wave();
    0000000F B7               [ 4]   78 	or	a,a
    00000010 20 14            [12]   79 	jr	NZ, 00104$
    00000012 EAr00r00         [16]   80 	ld	(#_hUGE_mute_mask),a
                                     81 ;sm83/hUGEDriver.h:139: hUGE_current_wave = 100;
    00000015 21r00r00         [12]   82 	ld	hl, #_hUGE_current_wave
    00000018 36 64            [12]   83 	ld	(hl), #0x64
                                     84 ;sm83/musicmanager.c:31: music_mute_mask = MUTE_MASK_NONE;
                                     85 ;sm83/musicmanager.c:32: music_sfx_priority = MUSIC_SFX_PRIORITY_MINIMAL;
    0000001A AF               [ 4]   86 	xor	a, a
    0000001B EAr01r00         [16]   87 	ld	(#_music_mute_mask), a
    0000001E EAr04r00         [16]   88 	ld	(#_music_sfx_priority),a
                                     89 ;sm83/musicmanager.c:33: sfx_play_bank = SFX_STOP_BANK;
    00000021 21r00r00         [12]   90 	ld	hl, #_sfx_play_bank
    00000024 36 FF            [12]   91 	ld	(hl), #0xff
    00000026                         92 00104$:
                                     93 ;sm83/musicmanager.c:36: if (music_play_isr_pause) return;
    00000026 FAr03r00         [16]   94 	ld	a, (#_music_play_isr_pause)
    00000029 B7               [ 4]   95 	or	a, a
    0000002A C0               [20]   96 	ret	NZ
                                     97 ;sm83/musicmanager.c:37: if (music_current_track_bank == MUSIC_STOP_BANK) return;
    0000002B FAr00r00         [16]   98 	ld	a, (#_music_current_track_bank)
    0000002E 3C               [ 4]   99 	inc	a
    0000002F C8               [20]  100 	ret	Z
                                    101 ;sm83/musicmanager.c:38: if (++music_play_isr_counter & music_tick_mask) return;
    00000030 21r02r00         [12]  102 	ld	hl, #_music_play_isr_counter
    00000033 34               [12]  103 	inc	(hl)
    00000034 7E               [ 8]  104 	ld	a, (hl)
    00000035 21r05r00         [12]  105 	ld	hl, #_music_tick_mask
    00000038 A6               [ 8]  106 	and	a, (hl)
    00000039 C0               [20]  107 	ret	NZ
                                    108 ;sm83/musicmanager.c:39: uint8_t save_bank = _current_bank;
    0000003A F0r00            [12]  109 	ldh	a, (__current_bank + 0)
    0000003C 4F               [ 4]  110 	ld	c, a
                                    111 ;sm83/musicmanager.c:40: SWITCH_ROM(music_current_track_bank);
    0000003D 21r00r00         [12]  112 	ld	hl, #_music_current_track_bank
    00000040 7E               [ 8]  113 	ld	a, (hl)
    00000041 E0r00            [12]  114 	ldh	(__current_bank + 0), a
    00000043 7E               [ 8]  115 	ld	a, (hl)
    00000044 EAr00r00         [16]  116 	ld	(#_rROMB0),a
                                    117 ;sm83/musicmanager.c:41: if (music_next_track) {
    00000047 21r01r00         [12]  118 	ld	hl, #_music_next_track + 1
    0000004A 3A               [ 8]  119 	ld	a, (hl-)
    0000004B B6               [ 8]  120 	or	a, (hl)
    0000004C 28 2C            [12]  121 	jr	Z, 00112$
                                    122 ;sm83/sfxplayer.h:32: NR12_REG = NR22_REG = NR32_REG = NR42_REG = 0;
    0000004E AF               [ 4]  123 	xor	a, a
    0000004F E0r00            [12]  124 	ldh	(_NR42_REG + 0), a
    00000051 AF               [ 4]  125 	xor	a, a
    00000052 E0r00            [12]  126 	ldh	(_NR32_REG + 0), a
    00000054 AF               [ 4]  127 	xor	a, a
    00000055 E0r00            [12]  128 	ldh	(_NR22_REG + 0), a
    00000057 AF               [ 4]  129 	xor	a, a
    00000058 E0r00            [12]  130 	ldh	(_NR12_REG + 0), a
                                    131 ;sm83/sfxplayer.h:33: NR14_REG = NR24_REG = NR44_REG = SFX_CH_RETRIGGER;
    0000005A 3E C0            [ 8]  132 	ld	a, #0xc0
    0000005C E0r00            [12]  133 	ldh	(_NR44_REG + 0), a
    0000005E 3E C0            [ 8]  134 	ld	a, #0xc0
    00000060 E0r00            [12]  135 	ldh	(_NR24_REG + 0), a
    00000062 3E C0            [ 8]  136 	ld	a, #0xc0
    00000064 E0r00            [12]  137 	ldh	(_NR14_REG + 0), a
                                    138 ;sm83/sfxplayer.h:34: NR51_REG = 0xFF;
    00000066 3E FF            [ 8]  139 	ld	a, #0xff
    00000068 E0r00            [12]  140 	ldh	(_NR51_REG + 0), a
                                    141 ;sm83/musicmanager.c:44: hUGE_init(music_next_track);
    0000006A C5               [16]  142 	push	bc
    0000006B 2A               [ 8]  143 	ld	a, (hl+)
    0000006C 5F               [ 4]  144 	ld	e, a
    0000006D 56               [ 8]  145 	ld	d, (hl)
    0000006E CDr00r00         [24]  146 	call	_hUGE_init
    00000071 C1               [12]  147 	pop	bc
                                    148 ;sm83/musicmanager.c:46: music_next_track = 0;
    00000072 AF               [ 4]  149 	xor	a, a
    00000073 21r00r00         [12]  150 	ld	hl, #_music_next_track
    00000076 22               [ 8]  151 	ld	(hl+), a
    00000077 77               [ 8]  152 	ld	(hl), a
    00000078 18 05            [12]  153 	jr	00113$
    0000007A                        154 00112$:
                                    155 ;sm83/musicmanager.c:49: hUGE_dosound();
    0000007A C5               [16]  156 	push	bc
    0000007B CDr00r00         [24]  157 	call	_hUGE_dosound
    0000007E C1               [12]  158 	pop	bc
    0000007F                        159 00113$:
                                    160 ;sm83/musicmanager.c:52: SWITCH_ROM(save_bank);
    0000007F 79               [ 4]  161 	ld	a, c
    00000080 E0r00            [12]  162 	ldh	(__current_bank + 0), a
    00000082 21r00r00         [12]  163 	ld	hl, #_rROMB0
    00000085 71               [ 8]  164 	ld	(hl), c
                                    165 ;sm83/musicmanager.c:53: }
    00000086 C9               [16]  166 	ret
                                    167 	.area _HOME
                                    168 ;--------------------------------------------------------
                                    169 ; code
                                    170 ;--------------------------------------------------------
                                    171 	.area _CODE
                                    172 ;sm83/musicmanager.c:55: void music_pause(uint8_t pause) {
                                    173 ;	---------------------------------
                                    174 ; Function music_pause
                                    175 ; ---------------------------------
    00000000                        176 _music_pause::
                                    177 ;sm83/musicmanager.c:56: if (music_play_isr_pause = pause) music_sound_cut();
    00000000 EAr03r00         [16]  178 	ld	(#_music_play_isr_pause),a
    00000003 B7               [ 4]  179 	or	a, a
    00000004 C8               [20]  180 	ret	Z
                                    181 ;sm83/sfxplayer.h:32: NR12_REG = NR22_REG = NR32_REG = NR42_REG = 0;
    00000005 AF               [ 4]  182 	xor	a, a
    00000006 E0r00            [12]  183 	ldh	(_NR42_REG + 0), a
    00000008 AF               [ 4]  184 	xor	a, a
    00000009 E0r00            [12]  185 	ldh	(_NR32_REG + 0), a
    0000000B AF               [ 4]  186 	xor	a, a
    0000000C E0r00            [12]  187 	ldh	(_NR22_REG + 0), a
    0000000E AF               [ 4]  188 	xor	a, a
    0000000F E0r00            [12]  189 	ldh	(_NR12_REG + 0), a
                                    190 ;sm83/sfxplayer.h:33: NR14_REG = NR24_REG = NR44_REG = SFX_CH_RETRIGGER;
    00000011 3E C0            [ 8]  191 	ld	a, #0xc0
    00000013 E0r00            [12]  192 	ldh	(_NR44_REG + 0), a
    00000015 3E C0            [ 8]  193 	ld	a, #0xc0
    00000017 E0r00            [12]  194 	ldh	(_NR24_REG + 0), a
    00000019 3E C0            [ 8]  195 	ld	a, #0xc0
    0000001B E0r00            [12]  196 	ldh	(_NR14_REG + 0), a
                                    197 ;sm83/sfxplayer.h:34: NR51_REG = 0xFF;
    0000001D 3E FF            [ 8]  198 	ld	a, #0xff
    0000001F E0r00            [12]  199 	ldh	(_NR51_REG + 0), a
                                    200 ;sm83/musicmanager.c:56: if (music_play_isr_pause = pause) music_sound_cut();
                                    201 ;sm83/musicmanager.c:57: }
    00000021 C9               [16]  202 	ret
                                    203 	.area _CODE
                                    204 	.area _INITIALIZER
    00000000                        205 __xinit__music_current_track_bank:
    00000000 FF                     206 	.db #0xff	; 255
    00000001                        207 __xinit__music_mute_mask:
    00000001 00                     208 	.db #0x00	; 0
    00000002                        209 __xinit__music_play_isr_counter:
    00000002 00                     210 	.db #0x00	; 0
    00000003                        211 __xinit__music_play_isr_pause:
    00000003 00                     212 	.db #0x00	; 0
    00000004                        213 __xinit__music_sfx_priority:
    00000004 00                     214 	.db #0x00	; 0
    00000005                        215 __xinit__music_tick_mask:
    00000005 03                     216 	.db #0x03	; 3
                                    217 	.area _CABS (ABS)
