                                      1 ;--------------------------------------------------------
                                      2 ; File Created by SDCC : free open source ISO C Compiler
                                      3 ; Version 4.5.1 #15267 (Linux)
                                      4 ;--------------------------------------------------------
                                      5 	.module platforms
                                      6 	
                                      7 ;--------------------------------------------------------
                                      8 ; Public variables in this module
                                      9 ;--------------------------------------------------------
                                     10 	.globl _hide_sprites_range
                                     11 	.globl _platform_moving_count
                                     12 	.globl _platforms_moving
                                     13 	.globl _platform_moving_new
                                     14 	.globl _platform_moving_update
                                     15 	.globl _platform_moving_draw
                                     16 	.globl _platform_falling_new
                                     17 ;--------------------------------------------------------
                                     18 ; special function registers
                                     19 ;--------------------------------------------------------
                                     20 	.area _HRAM
                                     21 ;--------------------------------------------------------
                                     22 ; ram data
                                     23 ;--------------------------------------------------------
                                     24 	.area _DATA
    00000000                         25 _platforms_moving::
    00000000                         26 	.ds 42
                                     27 ;--------------------------------------------------------
                                     28 ; ram data
                                     29 ;--------------------------------------------------------
                                     30 	.area _INITIALIZED
    00000000                         31 _platform_moving_count::
    00000000                         32 	.ds 1
                                     33 ;--------------------------------------------------------
                                     34 ; absolute external ram data
                                     35 ;--------------------------------------------------------
                                     36 	.area _DABS (ABS)
                                     37 ;--------------------------------------------------------
                                     38 ; global & static initialisations
                                     39 ;--------------------------------------------------------
                                     40 	.area _HOME
                                     41 	.area _GSINIT
                                     42 	.area _GSFINAL
                                     43 	.area _GSINIT
                                     44 ;--------------------------------------------------------
                                     45 ; Home
                                     46 ;--------------------------------------------------------
                                     47 	.area _HOME
                                     48 	.area _HOME
                                     49 ;--------------------------------------------------------
                                     50 ; code
                                     51 ;--------------------------------------------------------
                                     52 	.area _CODE
                                     53 ;src/platforms.c:8: void platform_moving_new(uint16_t x, uint16_t y,
                                     54 ;	---------------------------------
                                     55 ; Function platform_moving_new
                                     56 ; ---------------------------------
    00000000                         57 _platform_moving_new::
    00000000 E8 EC            [16]   58 	add	sp, #-20
    00000002 F8 12            [12]   59 	ldhl	sp,	#18
    00000004 7B               [ 4]   60 	ld	a, e
    00000005 22               [ 8]   61 	ld	(hl+), a
    00000006 72               [ 8]   62 	ld	(hl), d
    00000007 F8 10            [12]   63 	ldhl	sp,	#16
    00000009 79               [ 4]   64 	ld	a, c
    0000000A 22               [ 8]   65 	ld	(hl+), a
    0000000B 70               [ 8]   66 	ld	(hl), b
                                     67 ;src/platforms.c:12: if (platform_moving_count < PLATFORM_MOVING_MAX) {
    0000000C FAr00r00         [16]   68 	ld	a, (#_platform_moving_count)
    0000000F D6 03            [ 8]   69 	sub	a, #0x03
    00000011 D2rC5r00         [16]   70 	jp	NC, 00103$
                                     71 ;src/platforms.c:13: platform_moving_t platform_moving = {
    00000014 F8 00            [12]   72 	ldhl	sp,	#0
    00000016 4D               [ 4]   73 	ld	c, l
    00000017 44               [ 4]   74 	ld	b, h
    00000018 F8 12            [12]   75 	ldhl	sp,	#18
    0000001A 2A               [ 8]   76 	ld	a, (hl+)
    0000001B 5F               [ 4]   77 	ld	e, a
    0000001C 56               [ 8]   78 	ld	d, (hl)
    0000001D CB 23            [ 8]   79 	sla	e
    0000001F CB 12            [ 8]   80 	rl	d
    00000021 CB 23            [ 8]   81 	sla	e
    00000023 CB 12            [ 8]   82 	rl	d
    00000025 CB 23            [ 8]   83 	sla	e
    00000027 CB 12            [ 8]   84 	rl	d
    00000029 CB 23            [ 8]   85 	sla	e
    0000002B CB 12            [ 8]   86 	rl	d
    0000002D 69               [ 4]   87 	ld	l, c
    0000002E 60               [ 4]   88 	ld	h, b
    0000002F 7B               [ 4]   89 	ld	a, e
    00000030 22               [ 8]   90 	ld	(hl+), a
    00000031 72               [ 8]   91 	ld	(hl), d
    00000032 F8 10            [12]   92 	ldhl	sp,	#16
    00000034 3A               [ 8]   93 	ld	a, (hl-)
    00000035 2B               [ 8]   94 	dec	hl
    00000036 77               [ 8]   95 	ld	(hl), a
    00000037 F8 11            [12]   96 	ldhl	sp,	#17
    00000039 3A               [ 8]   97 	ld	a, (hl-)
    0000003A 2B               [ 8]   98 	dec	hl
    0000003B 77               [ 8]   99 	ld	(hl), a
    0000003C 3E 04            [ 8]  100 	ld	a, #0x04
    0000003E                        101 00140$:
    0000003E F8 0E            [12]  102 	ldhl	sp,	#14
    00000040 CB 26            [16]  103 	sla	(hl)
    00000042 23               [ 8]  104 	inc	hl
    00000043 CB 16            [16]  105 	rl	(hl)
    00000045 3D               [ 4]  106 	dec	a
    00000046 20 F6            [12]  107 	jr	NZ, 00140$
    00000048 2B               [ 8]  108 	dec	hl
    00000049 7E               [ 8]  109 	ld	a, (hl)
    0000004A F8 02            [12]  110 	ldhl	sp,	#2
    0000004C 77               [ 8]  111 	ld	(hl), a
    0000004D F8 0F            [12]  112 	ldhl	sp,	#15
    0000004F 7E               [ 8]  113 	ld	a, (hl)
    00000050 F8 03            [12]  114 	ldhl	sp,	#3
    00000052 77               [ 8]  115 	ld	(hl), a
    00000053 F8 16            [12]  116 	ldhl	sp,	#22
    00000055 7E               [ 8]  117 	ld	a, (hl)
    00000056 F8 08            [12]  118 	ldhl	sp,	#8
    00000058 77               [ 8]  119 	ld	(hl), a
    00000059 F8 17            [12]  120 	ldhl	sp,	#23
    0000005B 5E               [ 8]  121 	ld	e, (hl)
    0000005C AF               [ 4]  122 	xor	a, a
    0000005D 6B               [ 4]  123 	ld	l, e
    0000005E 67               [ 4]  124 	ld	h, a
    0000005F 29               [ 8]  125 	add	hl, hl
    00000060 29               [ 8]  126 	add	hl, hl
    00000061 29               [ 8]  127 	add	hl, hl
    00000062 E5               [16]  128 	push	hl
    00000063 7D               [ 4]  129 	ld	a, l
    00000064 F8 0B            [12]  130 	ldhl	sp,	#11
    00000066 77               [ 8]  131 	ld	(hl), a
    00000067 E1               [12]  132 	pop	hl
    00000068 7C               [ 4]  133 	ld	a, h
    00000069 F8 0A            [12]  134 	ldhl	sp,	#10
    0000006B 77               [ 8]  135 	ld	(hl), a
    0000006C F8 18            [12]  136 	ldhl	sp,	#24
    0000006E 7E               [ 8]  137 	ld	a, (hl)
    0000006F B7               [ 4]  138 	or	a, a
    00000070 20 04            [12]  139 	jr	NZ, 00105$
    00000072 3E 03            [ 8]  140 	ld	a, #0x03
    00000074 18 03            [12]  141 	jr	00106$
    00000076                        142 00105$:
    00000076 F8 18            [12]  143 	ldhl	sp,	#24
    00000078 7E               [ 8]  144 	ld	a, (hl)
    00000079                        145 00106$:
    00000079 87               [ 4]  146 	add	a, a
    0000007A 87               [ 4]  147 	add	a, a
    0000007B 87               [ 4]  148 	add	a, a
    0000007C F8 0D            [12]  149 	ldhl	sp,	#13
    0000007E 77               [ 8]  150 	ld	(hl), a
    0000007F F8 16            [12]  151 	ldhl	sp,	#22
    00000081 7E               [ 8]  152 	ld	a, (hl)
    00000082 3D               [ 4]  153 	dec	a
    00000083 3E 08            [ 8]  154 	ld	a, #0x08
    00000085 28 01            [12]  155 	jr	Z, 00108$
    00000087 AF               [ 4]  156 	xor	a, a
    00000088                        157 00108$:
    00000088 F8 06            [12]  158 	ldhl	sp,	#6
    0000008A 77               [ 8]  159 	ld	(hl), a
    0000008B F8 16            [12]  160 	ldhl	sp,	#22
    0000008D 7E               [ 8]  161 	ld	a, (hl)
    0000008E B7               [ 4]  162 	or	a, a
    0000008F 3E 08            [ 8]  163 	ld	a, #0x08
    00000091 28 01            [12]  164 	jr	Z, 00110$
    00000093 AF               [ 4]  165 	xor	a, a
    00000094                        166 00110$:
    00000094 F8 07            [12]  167 	ldhl	sp,	#7
    00000096 77               [ 8]  168 	ld	(hl), a
    00000097 F8 04            [12]  169 	ldhl	sp,	#4
    00000099 AF               [ 4]  170 	xor	a, a
    0000009A 22               [ 8]  171 	ld	(hl+), a
    0000009B 77               [ 8]  172 	ld	(hl), a
    0000009C AF               [ 4]  173 	xor	a, a
    0000009D F8 0B            [12]  174 	ldhl	sp,	#11
    0000009F 22               [ 8]  175 	ld	(hl+), a
    000000A0 77               [ 8]  176 	ld	(hl), a
                                    177 ;src/platforms.c:22: platforms_moving[platform_moving_count] = platform_moving;
    000000A1 21r00r00         [12]  178 	ld	hl, #_platform_moving_count
    000000A4 4E               [ 8]  179 	ld	c, (hl)
    000000A5 06 00            [ 8]  180 	ld	b, #0x00
    000000A7 69               [ 4]  181 	ld	l, c
    000000A8 60               [ 4]  182 	ld	h, b
    000000A9 29               [ 8]  183 	add	hl, hl
    000000AA 09               [ 8]  184 	add	hl, bc
    000000AB 29               [ 8]  185 	add	hl, hl
    000000AC 09               [ 8]  186 	add	hl, bc
    000000AD 29               [ 8]  187 	add	hl, hl
    000000AE 01r00r00         [12]  188 	ld	bc, #_platforms_moving
    000000B1 09               [ 8]  189 	add	hl, bc
    000000B2 5D               [ 4]  190 	ld	e, l
    000000B3 54               [ 4]  191 	ld	d, h
    000000B4 01 0E 00         [12]  192 	ld	bc, #0x000e
    000000B7 C5               [16]  193 	push	bc
    000000B8 21 02 00         [12]  194 	ld	hl, #2
    000000BB 39               [ 8]  195 	add	hl, sp
    000000BC 4D               [ 4]  196 	ld	c, l
    000000BD 44               [ 4]  197 	ld	b, h
    000000BE CDr00r00         [24]  198 	call	___memcpy
                                    199 ;src/platforms.c:23: platform_moving_count++;
    000000C1 21r00r00         [12]  200 	ld	hl, #_platform_moving_count
    000000C4 34               [12]  201 	inc	(hl)
    000000C5                        202 00103$:
                                    203 ;src/platforms.c:25: }
    000000C5 E8 14            [16]  204 	add	sp, #20
    000000C7 E1               [12]  205 	pop	hl
    000000C8 E8 03            [16]  206 	add	sp, #3
    000000CA E9               [ 4]  207 	jp	(hl)
                                    208 ;src/platforms.c:27: void platform_moving_update() {
                                    209 ;	---------------------------------
                                    210 ; Function platform_moving_update
                                    211 ; ---------------------------------
    000000CB                        212 _platform_moving_update::
    000000CB E8 ED            [16]  213 	add	sp, #-19
                                    214 ;src/platforms.c:29: while (index_platform_moving < platform_moving_count) {
    000000CD F8 12            [12]  215 	ldhl	sp,	#18
    000000CF 36 00            [12]  216 	ld	(hl), #0x00
    000000D1                        217 00106$:
    000000D1 F8 12            [12]  218 	ldhl	sp,	#18
    000000D3 7E               [ 8]  219 	ld	a, (hl)
    000000D4 21r00r00         [12]  220 	ld	hl, #_platform_moving_count
    000000D7 96               [ 8]  221 	sub	a, (hl)
    000000D8 D2rFEr02         [16]  222 	jp	NC, 00112$
                                    223 ;src/platforms.c:30: platforms_moving[index_platform_moving].x +=
    000000DB F8 12            [12]  224 	ldhl	sp,	#18
    000000DD 4E               [ 8]  225 	ld	c, (hl)
    000000DE 06 00            [ 8]  226 	ld	b, #0x00
    000000E0 69               [ 4]  227 	ld	l, c
    000000E1 60               [ 4]  228 	ld	h, b
    000000E2 29               [ 8]  229 	add	hl, hl
    000000E3 09               [ 8]  230 	add	hl, bc
    000000E4 29               [ 8]  231 	add	hl, hl
    000000E5 09               [ 8]  232 	add	hl, bc
    000000E6 29               [ 8]  233 	add	hl, hl
    000000E7 33               [ 8]  234 	inc	sp
    000000E8 33               [ 8]  235 	inc	sp
    000000E9 5D               [ 4]  236 	ld	e, l
    000000EA 54               [ 4]  237 	ld	d, h
    000000EB D5               [16]  238 	push	de
    000000EC 21r00r00         [12]  239 	ld	hl, #_platforms_moving
    000000EF 19               [ 8]  240 	add	hl, de
    000000F0 E5               [16]  241 	push	hl
    000000F1 7D               [ 4]  242 	ld	a, l
    000000F2 F8 04            [12]  243 	ldhl	sp,	#4
    000000F4 77               [ 8]  244 	ld	(hl), a
    000000F5 E1               [12]  245 	pop	hl
    000000F6 7C               [ 4]  246 	ld	a, h
    000000F7 F8 03            [12]  247 	ldhl	sp,	#3
    000000F9 32               [ 8]  248 	ld	(hl-), a
    000000FA 2A               [ 8]  249 	ld	a, (hl+)
    000000FB 23               [ 8]  250 	inc	hl
    000000FC 32               [ 8]  251 	ld	(hl-), a
    000000FD 2A               [ 8]  252 	ld	a, (hl+)
    000000FE 23               [ 8]  253 	inc	hl
    000000FF 32               [ 8]  254 	ld	(hl-), a
    00000100 2A               [ 8]  255 	ld	a, (hl+)
    00000101 5F               [ 4]  256 	ld	e, a
    00000102 56               [ 8]  257 	ld	d, (hl)
    00000103 1A               [ 8]  258 	ld	a, (de)
    00000104 F8 0E            [12]  259 	ldhl	sp,	#14
    00000106 22               [ 8]  260 	ld	(hl+), a
    00000107 13               [ 8]  261 	inc	de
    00000108 1A               [ 8]  262 	ld	a, (de)
    00000109 77               [ 8]  263 	ld	(hl), a
                                    264 ;src/platforms.c:31: platforms_moving[index_platform_moving].vel_x;
    0000010A F8 02            [12]  265 	ldhl	sp,#2
    0000010C 2A               [ 8]  266 	ld	a, (hl+)
    0000010D 5F               [ 4]  267 	ld	e, a
    0000010E 56               [ 8]  268 	ld	d, (hl)
    0000010F 21 06 00         [12]  269 	ld	hl, #0x0006
    00000112 19               [ 8]  270 	add	hl, de
    00000113 E5               [16]  271 	push	hl
    00000114 7D               [ 4]  272 	ld	a, l
    00000115 F8 08            [12]  273 	ldhl	sp,	#8
    00000117 77               [ 8]  274 	ld	(hl), a
    00000118 E1               [12]  275 	pop	hl
    00000119 7C               [ 4]  276 	ld	a, h
    0000011A F8 07            [12]  277 	ldhl	sp,	#7
    0000011C 32               [ 8]  278 	ld	(hl-), a
    0000011D 2A               [ 8]  279 	ld	a, (hl+)
    0000011E 5F               [ 4]  280 	ld	e, a
    0000011F 56               [ 8]  281 	ld	d, (hl)
    00000120 1A               [ 8]  282 	ld	a, (de)
    00000121 F8 10            [12]  283 	ldhl	sp,	#16
    00000123 22               [ 8]  284 	ld	(hl+), a
    00000124 07               [ 4]  285 	rlca
    00000125 9F               [ 4]  286 	sbc	a, a
    00000126 77               [ 8]  287 	ld	(hl), a
    00000127 F8 0E            [12]  288 	ldhl	sp,	#14
    00000129 3A               [ 8]  289 	ld	a, (hl-)
    0000012A 2B               [ 8]  290 	dec	hl
    0000012B 77               [ 8]  291 	ld	(hl), a
    0000012C F8 0F            [12]  292 	ldhl	sp,	#15
    0000012E 3A               [ 8]  293 	ld	a, (hl-)
    0000012F 2B               [ 8]  294 	dec	hl
    00000130 77               [ 8]  295 	ld	(hl), a
    00000131 F8 10            [12]  296 	ldhl	sp,	#16
    00000133 3A               [ 8]  297 	ld	a, (hl-)
    00000134 2B               [ 8]  298 	dec	hl
    00000135 77               [ 8]  299 	ld	(hl), a
    00000136 F8 11            [12]  300 	ldhl	sp,	#17
    00000138 3A               [ 8]  301 	ld	a, (hl-)
    00000139 2B               [ 8]  302 	dec	hl
    0000013A 32               [ 8]  303 	ld	(hl-), a
    0000013B 2A               [ 8]  304 	ld	a, (hl+)
    0000013C 5F               [ 4]  305 	ld	e, a
    0000013D 56               [ 8]  306 	ld	d, (hl)
    0000013E F8 0C            [12]  307 	ldhl	sp,	#12
    00000140 2A               [ 8]  308 	ld	a,	(hl+)
    00000141 66               [ 8]  309 	ld	h, (hl)
    00000142 6F               [ 4]  310 	ld	l, a
    00000143 19               [ 8]  311 	add	hl, de
    00000144 E5               [16]  312 	push	hl
    00000145 7D               [ 4]  313 	ld	a, l
    00000146 F8 12            [12]  314 	ldhl	sp,	#18
    00000148 77               [ 8]  315 	ld	(hl), a
    00000149 E1               [12]  316 	pop	hl
    0000014A 7C               [ 4]  317 	ld	a, h
    0000014B F8 11            [12]  318 	ldhl	sp,	#17
    0000014D 32               [ 8]  319 	ld	(hl-), a
    0000014E 2A               [ 8]  320 	ld	a, (hl+)
    0000014F 4F               [ 4]  321 	ld	c, a
    00000150 46               [ 8]  322 	ld	b, (hl)
    00000151 F8 04            [12]  323 	ldhl	sp,	#4
    00000153 2A               [ 8]  324 	ld	a, (hl+)
    00000154 66               [ 8]  325 	ld	h, (hl)
    00000155 6F               [ 4]  326 	ld	l, a
    00000156 79               [ 4]  327 	ld	a, c
    00000157 22               [ 8]  328 	ld	(hl+), a
    00000158 70               [ 8]  329 	ld	(hl), b
                                    330 ;src/platforms.c:32: platforms_moving[index_platform_moving].y +=
    00000159 F8 02            [12]  331 	ldhl	sp,#2
    0000015B 2A               [ 8]  332 	ld	a, (hl+)
    0000015C 5F               [ 4]  333 	ld	e, a
    0000015D 56               [ 8]  334 	ld	d, (hl)
    0000015E 21 02 00         [12]  335 	ld	hl, #0x0002
    00000161 19               [ 8]  336 	add	hl, de
    00000162 E5               [16]  337 	push	hl
    00000163 7D               [ 4]  338 	ld	a, l
    00000164 F8 0A            [12]  339 	ldhl	sp,	#10
    00000166 77               [ 8]  340 	ld	(hl), a
    00000167 E1               [12]  341 	pop	hl
    00000168 7C               [ 4]  342 	ld	a, h
    00000169 F8 09            [12]  343 	ldhl	sp,	#9
    0000016B 32               [ 8]  344 	ld	(hl-), a
    0000016C 2A               [ 8]  345 	ld	a, (hl+)
    0000016D 5F               [ 4]  346 	ld	e, a
    0000016E 56               [ 8]  347 	ld	d, (hl)
    0000016F 1A               [ 8]  348 	ld	a, (de)
    00000170 4F               [ 4]  349 	ld	c, a
    00000171 13               [ 8]  350 	inc	de
    00000172 1A               [ 8]  351 	ld	a, (de)
    00000173 47               [ 4]  352 	ld	b, a
                                    353 ;src/platforms.c:33: platforms_moving[index_platform_moving].vel_y;
    00000174 F8 02            [12]  354 	ldhl	sp,#2
    00000176 2A               [ 8]  355 	ld	a, (hl+)
    00000177 5F               [ 4]  356 	ld	e, a
    00000178 56               [ 8]  357 	ld	d, (hl)
    00000179 21 07 00         [12]  358 	ld	hl, #0x0007
    0000017C 19               [ 8]  359 	add	hl, de
    0000017D E5               [16]  360 	push	hl
    0000017E 7D               [ 4]  361 	ld	a, l
    0000017F F8 0C            [12]  362 	ldhl	sp,	#12
    00000181 77               [ 8]  363 	ld	(hl), a
    00000182 E1               [12]  364 	pop	hl
    00000183 7C               [ 4]  365 	ld	a, h
    00000184 F8 0B            [12]  366 	ldhl	sp,	#11
    00000186 32               [ 8]  367 	ld	(hl-), a
    00000187 2A               [ 8]  368 	ld	a, (hl+)
    00000188 5F               [ 4]  369 	ld	e, a
    00000189 56               [ 8]  370 	ld	d, (hl)
    0000018A 1A               [ 8]  371 	ld	a, (de)
    0000018B F8 10            [12]  372 	ldhl	sp,	#16
    0000018D 22               [ 8]  373 	ld	(hl+), a
    0000018E 07               [ 4]  374 	rlca
    0000018F 9F               [ 4]  375 	sbc	a, a
    00000190 77               [ 8]  376 	ld	(hl), a
    00000191 F8 0C            [12]  377 	ldhl	sp,	#12
    00000193 79               [ 4]  378 	ld	a, c
    00000194 22               [ 8]  379 	ld	(hl+), a
    00000195 70               [ 8]  380 	ld	(hl), b
    00000196 F8 10            [12]  381 	ldhl	sp,	#16
    00000198 3A               [ 8]  382 	ld	a, (hl-)
    00000199 2B               [ 8]  383 	dec	hl
    0000019A 77               [ 8]  384 	ld	(hl), a
    0000019B F8 11            [12]  385 	ldhl	sp,	#17
    0000019D 3A               [ 8]  386 	ld	a, (hl-)
    0000019E 2B               [ 8]  387 	dec	hl
    0000019F 32               [ 8]  388 	ld	(hl-), a
    000001A0 2A               [ 8]  389 	ld	a, (hl+)
    000001A1 5F               [ 4]  390 	ld	e, a
    000001A2 56               [ 8]  391 	ld	d, (hl)
    000001A3 F8 0C            [12]  392 	ldhl	sp,	#12
    000001A5 2A               [ 8]  393 	ld	a,	(hl+)
    000001A6 66               [ 8]  394 	ld	h, (hl)
    000001A7 6F               [ 4]  395 	ld	l, a
    000001A8 19               [ 8]  396 	add	hl, de
    000001A9 E5               [16]  397 	push	hl
    000001AA 7D               [ 4]  398 	ld	a, l
    000001AB F8 12            [12]  399 	ldhl	sp,	#18
    000001AD 77               [ 8]  400 	ld	(hl), a
    000001AE E1               [12]  401 	pop	hl
    000001AF 7C               [ 4]  402 	ld	a, h
    000001B0 F8 11            [12]  403 	ldhl	sp,	#17
    000001B2 32               [ 8]  404 	ld	(hl-), a
    000001B3 2A               [ 8]  405 	ld	a, (hl+)
    000001B4 4F               [ 4]  406 	ld	c, a
    000001B5 46               [ 8]  407 	ld	b, (hl)
    000001B6 F8 08            [12]  408 	ldhl	sp,	#8
    000001B8 2A               [ 8]  409 	ld	a, (hl+)
    000001B9 66               [ 8]  410 	ld	h, (hl)
    000001BA 6F               [ 4]  411 	ld	l, a
    000001BB 79               [ 4]  412 	ld	a, c
    000001BC 22               [ 8]  413 	ld	(hl+), a
    000001BD 70               [ 8]  414 	ld	(hl), b
                                    415 ;src/platforms.c:35: platforms_moving[index_platform_moving].draw_x =
    000001BE F8 02            [12]  416 	ldhl	sp,#2
    000001C0 2A               [ 8]  417 	ld	a, (hl+)
    000001C1 5F               [ 4]  418 	ld	e, a
    000001C2 56               [ 8]  419 	ld	d, (hl)
    000001C3 21 04 00         [12]  420 	ld	hl, #0x0004
    000001C6 19               [ 8]  421 	add	hl, de
    000001C7 E5               [16]  422 	push	hl
    000001C8 7D               [ 4]  423 	ld	a, l
    000001C9 F8 12            [12]  424 	ldhl	sp,	#18
    000001CB 77               [ 8]  425 	ld	(hl), a
    000001CC E1               [12]  426 	pop	hl
    000001CD 7C               [ 4]  427 	ld	a, h
    000001CE F8 11            [12]  428 	ldhl	sp,	#17
    000001D0 77               [ 8]  429 	ld	(hl), a
                                    430 ;src/platforms.c:36: (platforms_moving[index_platform_moving].x - camera_x_upscaled) >> 4;
    000001D1 F8 04            [12]  431 	ldhl	sp,#4
    000001D3 2A               [ 8]  432 	ld	a, (hl+)
    000001D4 5F               [ 4]  433 	ld	e, a
    000001D5 56               [ 8]  434 	ld	d, (hl)
    000001D6 1A               [ 8]  435 	ld	a, (de)
    000001D7 4F               [ 4]  436 	ld	c, a
    000001D8 13               [ 8]  437 	inc	de
    000001D9 1A               [ 8]  438 	ld	a, (de)
    000001DA 47               [ 4]  439 	ld	b, a
    000001DB 79               [ 4]  440 	ld	a, c
    000001DC 21r00r00         [12]  441 	ld	hl, #_camera_x_upscaled
    000001DF 96               [ 8]  442 	sub	a, (hl)
    000001E0 23               [ 8]  443 	inc	hl
    000001E1 4F               [ 4]  444 	ld	c, a
    000001E2 78               [ 4]  445 	ld	a, b
    000001E3 9E               [ 8]  446 	sbc	a, (hl)
    000001E4 47               [ 4]  447 	ld	b, a
    000001E5 CB 38            [ 8]  448 	srl	b
    000001E7 CB 19            [ 8]  449 	rr	c
    000001E9 CB 38            [ 8]  450 	srl	b
    000001EB CB 19            [ 8]  451 	rr	c
    000001ED CB 38            [ 8]  452 	srl	b
    000001EF CB 19            [ 8]  453 	rr	c
    000001F1 CB 38            [ 8]  454 	srl	b
    000001F3 CB 19            [ 8]  455 	rr	c
    000001F5 F8 10            [12]  456 	ldhl	sp,	#16
    000001F7 2A               [ 8]  457 	ld	a, (hl+)
    000001F8 66               [ 8]  458 	ld	h, (hl)
    000001F9 6F               [ 4]  459 	ld	l, a
    000001FA 71               [ 8]  460 	ld	(hl), c
                                    461 ;src/platforms.c:37: platforms_moving[index_platform_moving].draw_y =
    000001FB F8 02            [12]  462 	ldhl	sp,#2
    000001FD 2A               [ 8]  463 	ld	a, (hl+)
    000001FE 5F               [ 4]  464 	ld	e, a
    000001FF 56               [ 8]  465 	ld	d, (hl)
    00000200 21 05 00         [12]  466 	ld	hl, #0x0005
    00000203 19               [ 8]  467 	add	hl, de
    00000204 4D               [ 4]  468 	ld	c, l
    00000205 44               [ 4]  469 	ld	b, h
                                    470 ;src/platforms.c:38: platforms_moving[index_platform_moving].y >> 4;
    00000206 F8 08            [12]  471 	ldhl	sp,#8
    00000208 2A               [ 8]  472 	ld	a, (hl+)
    00000209 5F               [ 4]  473 	ld	e, a
    0000020A 56               [ 8]  474 	ld	d, (hl)
    0000020B 1A               [ 8]  475 	ld	a, (de)
    0000020C 6F               [ 4]  476 	ld	l, a
    0000020D 13               [ 8]  477 	inc	de
    0000020E 1A               [ 8]  478 	ld	a, (de)
    0000020F 67               [ 4]  479 	ld	h, a
    00000210 29               [ 8]  480 	add	hl, hl
    00000211 29               [ 8]  481 	add	hl, hl
    00000212 29               [ 8]  482 	add	hl, hl
    00000213 29               [ 8]  483 	add	hl, hl
    00000214 7C               [ 4]  484 	ld	a, h
    00000215 02               [ 8]  485 	ld	(bc), a
                                    486 ;src/platforms.c:40: platforms_moving[index_platform_moving].range_current++;
    00000216 F8 02            [12]  487 	ldhl	sp,#2
    00000218 2A               [ 8]  488 	ld	a, (hl+)
    00000219 5F               [ 4]  489 	ld	e, a
    0000021A 56               [ 8]  490 	ld	d, (hl)
    0000021B 21 0B 00         [12]  491 	ld	hl, #0x000b
    0000021E 19               [ 8]  492 	add	hl, de
    0000021F 4D               [ 4]  493 	ld	c,l
    00000220 44               [ 4]  494 	ld	b,h
    00000221 2A               [ 8]  495 	ld	a,	(hl+)
    00000222 66               [ 8]  496 	ld	h, (hl)
    00000223 5F               [ 4]  497 	ld	e, a
    00000224 54               [ 4]  498 	ld	d, h
    00000225 13               [ 8]  499 	inc	de
    00000226 69               [ 4]  500 	ld	l, c
    00000227 60               [ 4]  501 	ld	h, b
    00000228 7B               [ 4]  502 	ld	a, e
    00000229 22               [ 8]  503 	ld	(hl+), a
    0000022A 72               [ 8]  504 	ld	(hl), d
                                    505 ;src/platforms.c:41: if (platforms_moving[index_platform_moving].range_current >=
    0000022B 7B               [ 4]  506 	ld	a, e
    0000022C D6 70            [ 8]  507 	sub	a, #0x70
    0000022E 7A               [ 4]  508 	ld	a, d
    0000022F DE 00            [ 8]  509 	sbc	a, #0x00
    00000231 38 2E            [12]  510 	jr	C, 00102$
                                    511 ;src/platforms.c:44: -platforms_moving[index_platform_moving].vel_x;
    00000233 F8 06            [12]  512 	ldhl	sp,#6
    00000235 2A               [ 8]  513 	ld	a, (hl+)
    00000236 5F               [ 4]  514 	ld	e, a
    00000237 56               [ 8]  515 	ld	d, (hl)
    00000238 1A               [ 8]  516 	ld	a, (de)
    00000239 6F               [ 4]  517 	ld	l, a
    0000023A AF               [ 4]  518 	xor	a, a
    0000023B 95               [ 4]  519 	sub	a, l
    0000023C F8 11            [12]  520 	ldhl	sp,	#17
    0000023E 77               [ 8]  521 	ld	(hl), a
    0000023F F8 06            [12]  522 	ldhl	sp,	#6
    00000241 2A               [ 8]  523 	ld	a, (hl+)
    00000242 5F               [ 4]  524 	ld	e, a
    00000243 56               [ 8]  525 	ld	d, (hl)
    00000244 F8 11            [12]  526 	ldhl	sp,	#17
    00000246 7E               [ 8]  527 	ld	a, (hl)
    00000247 12               [ 8]  528 	ld	(de), a
                                    529 ;src/platforms.c:46: -platforms_moving[index_platform_moving].vel_y;
    00000248 F8 0A            [12]  530 	ldhl	sp,#10
    0000024A 2A               [ 8]  531 	ld	a, (hl+)
    0000024B 5F               [ 4]  532 	ld	e, a
    0000024C 56               [ 8]  533 	ld	d, (hl)
    0000024D 1A               [ 8]  534 	ld	a, (de)
    0000024E 6F               [ 4]  535 	ld	l, a
    0000024F AF               [ 4]  536 	xor	a, a
    00000250 95               [ 4]  537 	sub	a, l
    00000251 F8 11            [12]  538 	ldhl	sp,	#17
    00000253 77               [ 8]  539 	ld	(hl), a
    00000254 F8 0A            [12]  540 	ldhl	sp,	#10
    00000256 2A               [ 8]  541 	ld	a, (hl+)
    00000257 5F               [ 4]  542 	ld	e, a
    00000258 56               [ 8]  543 	ld	d, (hl)
    00000259 F8 11            [12]  544 	ldhl	sp,	#17
    0000025B 7E               [ 8]  545 	ld	a, (hl)
    0000025C 12               [ 8]  546 	ld	(de), a
                                    547 ;src/platforms.c:48: platforms_moving[index_platform_moving].range_current = 0;
    0000025D AF               [ 4]  548 	xor	a, a
    0000025E 02               [ 8]  549 	ld	(bc), a
    0000025F 03               [ 8]  550 	inc	bc
    00000260 02               [ 8]  551 	ld	(bc), a
    00000261                        552 00102$:
                                    553 ;src/platforms.c:51: if (platforms_moving[index_platform_moving].x <=
    00000261 D1               [12]  554 	pop	de
    00000262 D5               [16]  555 	push	de
    00000263 21r00r00         [12]  556 	ld	hl, #_platforms_moving
    00000266 19               [ 8]  557 	add	hl, de
    00000267 2A               [ 8]  558 	ld	a, (hl+)
    00000268 4F               [ 4]  559 	ld	c, a
    00000269 46               [ 8]  560 	ld	b, (hl)
                                    561 ;src/platforms.c:52: camera_x_upscaled - DEVICE_SCREEN_PX_WIDTH) {
    0000026A FAr00r00         [16]  562 	ld	a, (_camera_x_upscaled)
    0000026D 21r01r00         [12]  563 	ld	hl, #_camera_x_upscaled + 1
    00000270 5E               [ 8]  564 	ld	e, (hl)
    00000271 C6 60            [ 8]  565 	add	a, #0x60
    00000273 6F               [ 4]  566 	ld	l, a
    00000274 7B               [ 4]  567 	ld	a, e
    00000275 CE FF            [ 8]  568 	adc	a, #0xff
    00000277 67               [ 4]  569 	ld	h, a
    00000278 7D               [ 4]  570 	ld	a, l
    00000279 91               [ 4]  571 	sub	a, c
    0000027A 7C               [ 4]  572 	ld	a, h
    0000027B 98               [ 4]  573 	sbc	a, b
    0000027C 38 7A            [12]  574 	jr	C, 00105$
                                    575 ;src/platforms.c:54: for (uint8_t j = index_platform_moving; j < platform_moving_count - 1;
    0000027E F8 12            [12]  576 	ldhl	sp,	#18
    00000280 3A               [ 8]  577 	ld	a, (hl-)
    00000281 77               [ 8]  578 	ld	(hl), a
    00000282                        579 00110$:
    00000282 FAr00r00         [16]  580 	ld	a, (_platform_moving_count)
    00000285 06 00            [ 8]  581 	ld	b, #0x00
    00000287 4F               [ 4]  582 	ld	c, a
    00000288 0B               [ 8]  583 	dec	bc
    00000289 F8 11            [12]  584 	ldhl	sp,	#17
    0000028B 3A               [ 8]  585 	ld	a, (hl-)
    0000028C 2B               [ 8]  586 	dec	hl
    0000028D 22               [ 8]  587 	ld	(hl+), a
    0000028E AF               [ 4]  588 	xor	a, a
    0000028F 32               [ 8]  589 	ld	(hl-), a
    00000290 2A               [ 8]  590 	ld	a, (hl+)
    00000291 91               [ 4]  591 	sub	a, c
    00000292 7E               [ 8]  592 	ld	a, (hl)
    00000293 98               [ 4]  593 	sbc	a, b
    00000294 56               [ 8]  594 	ld	d, (hl)
    00000295 78               [ 4]  595 	ld	a, b
    00000296 CB 7F            [ 8]  596 	bit	7,a
    00000298 28 07            [12]  597 	jr	Z, 00158$
    0000029A CB 7A            [ 8]  598 	bit	7, d
    0000029C 20 08            [12]  599 	jr	NZ, 00159$
    0000029E BF               [ 4]  600 	cp	a, a
    0000029F 18 05            [12]  601 	jr	00159$
    000002A1                        602 00158$:
    000002A1 CB 7A            [ 8]  603 	bit	7, d
    000002A3 28 01            [12]  604 	jr	Z, 00159$
    000002A5 37               [ 4]  605 	scf
    000002A6                        606 00159$:
    000002A6 30 42            [12]  607 	jr	NC, 00103$
                                    608 ;src/platforms.c:56: platforms_moving[j] = platforms_moving[j + 1];
    000002A8 F8 11            [12]  609 	ldhl	sp,	#17
    000002AA 3A               [ 8]  610 	ld	a, (hl-)
    000002AB 77               [ 8]  611 	ld	(hl), a
    000002AC 34               [12]  612 	inc	(hl)
    000002AD 4E               [ 8]  613 	ld	c, (hl)
    000002AE 79               [ 4]  614 	ld	a, c
    000002AF 07               [ 4]  615 	rlca
    000002B0 9F               [ 4]  616 	sbc	a, a
    000002B1 47               [ 4]  617 	ld	b, a
    000002B2 69               [ 4]  618 	ld	l, c
    000002B3 60               [ 4]  619 	ld	h, b
    000002B4 29               [ 8]  620 	add	hl, hl
    000002B5 09               [ 8]  621 	add	hl, bc
    000002B6 29               [ 8]  622 	add	hl, hl
    000002B7 09               [ 8]  623 	add	hl, bc
    000002B8 29               [ 8]  624 	add	hl, hl
    000002B9 E5               [16]  625 	push	hl
    000002BA 7D               [ 4]  626 	ld	a, l
    000002BB F8 11            [12]  627 	ldhl	sp,	#17
    000002BD 77               [ 8]  628 	ld	(hl), a
    000002BE E1               [12]  629 	pop	hl
    000002BF 7C               [ 4]  630 	ld	a, h
    000002C0 F8 10            [12]  631 	ldhl	sp,	#16
    000002C2 77               [ 8]  632 	ld	(hl), a
    000002C3 11r00r00         [12]  633 	ld	de, #_platforms_moving
    000002C6 3A               [ 8]  634 	ld	a, (hl-)
    000002C7 6E               [ 8]  635 	ld	l, (hl)
    000002C8 67               [ 4]  636 	ld	h, a
    000002C9 19               [ 8]  637 	add	hl, de
    000002CA 4D               [ 4]  638 	ld	c, l
    000002CB 44               [ 4]  639 	ld	b, h
    000002CC F8 11            [12]  640 	ldhl	sp,	#17
    000002CE 5E               [ 8]  641 	ld	e, (hl)
    000002CF 16 00            [ 8]  642 	ld	d, #0x00
    000002D1 6B               [ 4]  643 	ld	l, e
    000002D2 62               [ 4]  644 	ld	h, d
    000002D3 29               [ 8]  645 	add	hl, hl
    000002D4 19               [ 8]  646 	add	hl, de
    000002D5 29               [ 8]  647 	add	hl, hl
    000002D6 19               [ 8]  648 	add	hl, de
    000002D7 29               [ 8]  649 	add	hl, hl
    000002D8 11r00r00         [12]  650 	ld	de, #_platforms_moving
    000002DB 19               [ 8]  651 	add	hl, de
    000002DC 5D               [ 4]  652 	ld	e, l
    000002DD 54               [ 4]  653 	ld	d, h
    000002DE 21 0E 00         [12]  654 	ld	hl, #0x000e
    000002E1 E5               [16]  655 	push	hl
    000002E2 CDr00r00         [24]  656 	call	___memcpy
                                    657 ;src/platforms.c:55: j++) {
    000002E5 F8 11            [12]  658 	ldhl	sp,	#17
    000002E7 34               [12]  659 	inc	(hl)
    000002E8 18 98            [12]  660 	jr	00110$
    000002EA                        661 00103$:
                                    662 ;src/platforms.c:58: platform_moving_count--;
    000002EA 21r00r00         [12]  663 	ld	hl, #_platform_moving_count
    000002ED 35               [12]  664 	dec	(hl)
                                    665 ;src/platforms.c:59: hide_sprites_range(1, MAX_HARDWARE_SPRITES);
    000002EE 1E 28            [ 8]  666 	ld	e, #0x28
    000002F0 3E 01            [ 8]  667 	ld	a, #0x01
    000002F2 CDr00r00         [24]  668 	call	_hide_sprites_range
                                    669 ;src/platforms.c:60: continue;
    000002F5 C3rD1r00         [16]  670 	jp	00106$
    000002F8                        671 00105$:
                                    672 ;src/platforms.c:63: index_platform_moving++;
    000002F8 F8 12            [12]  673 	ldhl	sp,	#18
    000002FA 34               [12]  674 	inc	(hl)
    000002FB C3rD1r00         [16]  675 	jp	00106$
    000002FE                        676 00112$:
                                    677 ;src/platforms.c:65: }
    000002FE E8 13            [16]  678 	add	sp, #19
    00000300 C9               [16]  679 	ret
                                    680 ;src/platforms.c:67: uint8_t platform_moving_draw(uint8_t base_sprite) {
                                    681 ;	---------------------------------
                                    682 ; Function platform_moving_draw
                                    683 ; ---------------------------------
    00000301                        684 _platform_moving_draw::
                                    685 ;src/platforms.c:89: return 0;
    00000301 AF               [ 4]  686 	xor	a, a
                                    687 ;src/platforms.c:90: }
    00000302 C9               [16]  688 	ret
                                    689 ;src/platforms.c:92: void platform_falling_new(uint16_t x, uint16_t y) {}
                                    690 ;	---------------------------------
                                    691 ; Function platform_falling_new
                                    692 ; ---------------------------------
    00000303                        693 _platform_falling_new::
    00000303 C9               [16]  694 	ret
                                    695 	.area _CODE
                                    696 	.area _INITIALIZER
    00000000                        697 __xinit__platform_moving_count:
    00000000 00                     698 	.db #0x00	; 0
                                    699 	.area _CABS (ABS)
