                                      1 ;--------------------------------------------------------
                                      2 ; File Created by SDCC : free open source ISO C Compiler
                                      3 ; Version 4.5.1 #15267 (Linux)
                                      4 ;--------------------------------------------------------
                                      5 	.module powerup
                                      6 	
                                      7 ;--------------------------------------------------------
                                      8 ; Public variables in this module
                                      9 ;--------------------------------------------------------
                                     10 	.globl _powerup_active
                                     11 	.globl _powerup
                                     12 	.globl _powerup_new
                                     13 	.globl _powerup_update
                                     14 	.globl _powerup_draw
                                     15 ;--------------------------------------------------------
                                     16 ; special function registers
                                     17 ;--------------------------------------------------------
                                     18 	.area _HRAM
                                     19 ;--------------------------------------------------------
                                     20 ; ram data
                                     21 ;--------------------------------------------------------
                                     22 	.area _DATA
    00000000                         23 _powerup::
    00000000                         24 	.ds 10
                                     25 ;--------------------------------------------------------
                                     26 ; ram data
                                     27 ;--------------------------------------------------------
                                     28 	.area _INITIALIZED
    00000000                         29 _powerup_active::
    00000000                         30 	.ds 1
                                     31 ;--------------------------------------------------------
                                     32 ; absolute external ram data
                                     33 ;--------------------------------------------------------
                                     34 	.area _DABS (ABS)
                                     35 ;--------------------------------------------------------
                                     36 ; global & static initialisations
                                     37 ;--------------------------------------------------------
                                     38 	.area _HOME
                                     39 	.area _GSINIT
                                     40 	.area _GSFINAL
                                     41 	.area _GSINIT
                                     42 ;--------------------------------------------------------
                                     43 ; Home
                                     44 ;--------------------------------------------------------
                                     45 	.area _HOME
                                     46 	.area _HOME
                                     47 ;--------------------------------------------------------
                                     48 ; code
                                     49 ;--------------------------------------------------------
                                     50 	.area _CODE
                                     51 ;src/powerup.c:9: void powerup_new(uint16_t x, uint16_t y, uint8_t type) {
                                     52 ;	---------------------------------
                                     53 ; Function powerup_new
                                     54 ; ---------------------------------
    00000000                         55 _powerup_new::
    00000000 D5               [16]   56 	push	de
                                     57 ;src/powerup.c:10: powerup.x = x;
    00000001 11r00r00         [12]   58 	ld	de, #_powerup
    00000004 F8 00            [12]   59 	ldhl	sp,	#0
    00000006 2A               [ 8]   60 	ld	a, (hl+)
    00000007 12               [ 8]   61 	ld	(de), a
    00000008 13               [ 8]   62 	inc	de
    00000009 7E               [ 8]   63 	ld	a, (hl)
    0000000A 12               [ 8]   64 	ld	(de), a
                                     65 ;src/powerup.c:11: powerup.y = y;
    0000000B 21r02r00         [12]   66 	ld	hl, #(_powerup + 2)
    0000000E 79               [ 4]   67 	ld	a, c
    0000000F 22               [ 8]   68 	ld	(hl+), a
    00000010 70               [ 8]   69 	ld	(hl), b
                                     70 ;src/powerup.c:13: powerup.type = type;
    00000011 11r08r00         [12]   71 	ld	de, #(_powerup + 8)
    00000014 F8 04            [12]   72 	ldhl	sp,	#4
    00000016 7E               [ 8]   73 	ld	a, (hl)
    00000017 12               [ 8]   74 	ld	(de), a
                                     75 ;src/powerup.c:15: switch (powerup.type) {
    00000018 4E               [ 8]   76 	ld	c, (hl)
                                     77 ;src/powerup.c:17: powerup.current_frame = 0;
    00000019 21r09r00         [12]   78 	ld	hl, #_powerup + 9
                                     79 ;src/powerup.c:15: switch (powerup.type) {
    0000001C 79               [ 4]   80 	ld	a, c
    0000001D B7               [ 4]   81 	or	a, a
    0000001E 28 05            [12]   82 	jr	Z, 00101$
    00000020 0D               [ 4]   83 	dec	c
    00000021 28 06            [12]   84 	jr	Z, 00102$
    00000023 18 06            [12]   85 	jr	00103$
                                     86 ;src/powerup.c:16: case POWERUP_MUSHROOM:
    00000025                         87 00101$:
                                     88 ;src/powerup.c:17: powerup.current_frame = 0;
    00000025 36 00            [12]   89 	ld	(hl), #0x00
                                     90 ;src/powerup.c:19: break;
    00000027 18 02            [12]   91 	jr	00103$
                                     92 ;src/powerup.c:20: case POWERUP_STAR:
    00000029                         93 00102$:
                                     94 ;src/powerup.c:21: powerup.current_frame = 5;
    00000029 36 05            [12]   95 	ld	(hl), #0x05
                                     96 ;src/powerup.c:24: }
    0000002B                         97 00103$:
                                     98 ;src/powerup.c:26: powerup_active = TRUE;
    0000002B 21r00r00         [12]   99 	ld	hl, #_powerup_active
    0000002E 36 01            [12]  100 	ld	(hl), #0x01
                                    101 ;src/powerup.c:27: }
    00000030 33               [ 8]  102 	inc	sp
    00000031 33               [ 8]  103 	inc	sp
    00000032 E1               [12]  104 	pop	hl
    00000033 33               [ 8]  105 	inc	sp
    00000034 E9               [ 4]  106 	jp	(hl)
                                    107 ;src/powerup.c:29: void powerup_update(void) {
                                    108 ;	---------------------------------
                                    109 ; Function powerup_update
                                    110 ; ---------------------------------
    00000035                        111 _powerup_update::
                                    112 ;src/powerup.c:30: powerup.draw_x =
                                    113 ;src/powerup.c:31: ((powerup.x - camera_x_upscaled) >> 4) + DEVICE_SPRITE_PX_OFFSET_X + 4;
    00000035 21r00r00         [12]  114 	ld	hl, #_powerup
    00000038 2A               [ 8]  115 	ld	a, (hl+)
    00000039 4F               [ 4]  116 	ld	c, a
    0000003A 46               [ 8]  117 	ld	b, (hl)
    0000003B 79               [ 4]  118 	ld	a, c
    0000003C 21r00r00         [12]  119 	ld	hl, #_camera_x_upscaled
    0000003F 96               [ 8]  120 	sub	a, (hl)
    00000040 23               [ 8]  121 	inc	hl
    00000041 4F               [ 4]  122 	ld	c, a
    00000042 78               [ 4]  123 	ld	a, b
    00000043 9E               [ 8]  124 	sbc	a, (hl)
    00000044 47               [ 4]  125 	ld	b, a
    00000045 CB 38            [ 8]  126 	srl	b
    00000047 CB 19            [ 8]  127 	rr	c
    00000049 CB 38            [ 8]  128 	srl	b
    0000004B CB 19            [ 8]  129 	rr	c
    0000004D CB 38            [ 8]  130 	srl	b
    0000004F CB 19            [ 8]  131 	rr	c
    00000051 CB 38            [ 8]  132 	srl	b
    00000053 CB 19            [ 8]  133 	rr	c
    00000055 79               [ 4]  134 	ld	a, c
    00000056 C6 0C            [ 8]  135 	add	a, #0x0c
    00000058 EAr04r00         [16]  136 	ld	(#(_powerup + 4)),a
                                    137 ;src/powerup.c:32: powerup.draw_y = (powerup.y >> 4) + DEVICE_SPRITE_PX_OFFSET_Y + TILE_SIZE + 4;
    0000005B 21r02r00         [12]  138 	ld	hl, #(_powerup + 2)
    0000005E 2A               [ 8]  139 	ld	a, (hl+)
    0000005F 4F               [ 4]  140 	ld	c, a
    00000060 46               [ 8]  141 	ld	b, (hl)
    00000061 CB 38            [ 8]  142 	srl	b
    00000063 CB 19            [ 8]  143 	rr	c
    00000065 CB 38            [ 8]  144 	srl	b
    00000067 CB 19            [ 8]  145 	rr	c
    00000069 CB 38            [ 8]  146 	srl	b
    0000006B CB 19            [ 8]  147 	rr	c
    0000006D CB 38            [ 8]  148 	srl	b
    0000006F CB 19            [ 8]  149 	rr	c
    00000071 79               [ 4]  150 	ld	a, c
    00000072 C6 1C            [ 8]  151 	add	a, #0x1c
    00000074 EAr05r00         [16]  152 	ld	(#(_powerup + 5)),a
                                    153 ;src/powerup.c:34: if (powerup.draw_x >= DEVICE_SCREEN_PX_WIDTH + 8 * TILE_SIZE &&
    00000077 FAr04r00         [16]  154 	ld	a, (#(_powerup + 4) + 0)
    0000007A D6 E0            [ 8]  155 	sub	a, #0xe0
    0000007C D8               [20]  156 	ret	C
                                    157 ;src/powerup.c:36: powerup_active = FALSE;
    0000007D AF               [ 4]  158 	xor	a, a
    0000007E EAr00r00         [16]  159 	ld	(#_powerup_active),a
                                    160 ;src/powerup.c:38: }
    00000081 C9               [16]  161 	ret
                                    162 ;src/powerup.c:40: uint8_t powerup_draw(uint8_t base_sprite) {
                                    163 ;	---------------------------------
                                    164 ; Function powerup_draw
                                    165 ; ---------------------------------
    00000082                        166 _powerup_draw::
    00000082 3B               [ 8]  167 	dec	sp
    00000083 3B               [ 8]  168 	dec	sp
    00000084 F8 00            [12]  169 	ldhl	sp,	#0
                                    170 ;src/powerup.c:41: uint8_t _saved_bank = _current_bank;
    00000086 22               [ 8]  171 	ld	(hl+), a
    00000087 F0r00            [12]  172 	ldh	a, (__current_bank + 0)
    00000089 77               [ 8]  173 	ld	(hl), a
                                    174 ;src/powerup.c:42: SWITCH_ROM(BANK(commonSprites));
    0000008A 3Er00            [ 8]  175 	ld	a, #<(___bank_commonSprites)
    0000008C E0r00            [12]  176 	ldh	(__current_bank + 0), a
    0000008E EAr00r00         [16]  177 	ld	(#_rROMB0),a
                                    178 ;src/powerup.c:46: metasprite_t *commonSprites_metasprite =
    00000091 01r00r00         [12]  179 	ld	bc, #_commonSprites_metasprites+0
    00000094 21r09r00         [12]  180 	ld	hl, #_powerup + 9
    00000097 6E               [ 8]  181 	ld	l, (hl)
    00000098 26 00            [ 8]  182 	ld	h, #0x00
    0000009A 29               [ 8]  183 	add	hl, hl
    0000009B 09               [ 8]  184 	add	hl, bc
    0000009C 2A               [ 8]  185 	ld	a, (hl+)
    0000009D 4F               [ 4]  186 	ld	c, a
    0000009E 46               [ 8]  187 	ld	b, (hl)
                                    188 ;src/powerup.c:54: base_sprite, powerup.draw_x, powerup.draw_y);
    0000009F 21r05r00         [12]  189 	ld	hl, #_powerup + 5
    000000A2 5E               [ 8]  190 	ld	e, (hl)
    000000A3 21r04r00         [12]  191 	ld	hl, #_powerup + 4
    000000A6 6E               [ 8]  192 	ld	l, (hl)
                                    193 ;/home/odrevet/projects/gbdk/include/gb/metasprites.h:160: __current_metasprite = metasprite;
    000000A7 79               [ 4]  194 	ld	a, c
    000000A8 EAr00r00         [16]  195 	ld	(___current_metasprite), a
    000000AB 78               [ 4]  196 	ld	a, b
    000000AC EAr01r00         [16]  197 	ld	(___current_metasprite + 1), a
                                    198 ;/home/odrevet/projects/gbdk/include/gb/metasprites.h:161: __current_base_tile = base_tile;
    000000AF 3E 3C            [ 8]  199 	ld	a, #0x3c
    000000B1 EAr00r00         [16]  200 	ld	(___current_base_tile), a
                                    201 ;/home/odrevet/projects/gbdk/include/gb/metasprites.h:162: __current_base_prop = base_prop;
    000000B4 AF               [ 4]  202 	xor	a, a
    000000B5 EAr00r00         [16]  203 	ld	(___current_base_prop), a
                                    204 ;/home/odrevet/projects/gbdk/include/gb/metasprites.h:163: return __move_metasprite(base_sprite, (y << 8) | (uint8_t)x);
    000000B8 53               [ 4]  205 	ld	d, e
    000000B9 5D               [ 4]  206 	ld	e, l
    000000BA F8 00            [12]  207 	ldhl	sp,	#0
    000000BC 7E               [ 8]  208 	ld	a, (hl)
    000000BD CDr00r00         [24]  209 	call	___move_metasprite
                                    210 ;src/powerup.c:54: base_sprite, powerup.draw_x, powerup.draw_y);
    000000C0 F8 00            [12]  211 	ldhl	sp,	#0
    000000C2 86               [ 8]  212 	add	a, (hl)
                                    213 ;src/powerup.c:56: SWITCH_ROM(_saved_bank);
    000000C3 23               [ 8]  214 	inc	hl
    000000C4 4F               [ 4]  215 	ld	c, a
    000000C5 7E               [ 8]  216 	ld	a, (hl)
    000000C6 E0r00            [12]  217 	ldh	(__current_bank + 0), a
    000000C8 7E               [ 8]  218 	ld	a, (hl)
    000000C9 EAr00r00         [16]  219 	ld	(#_rROMB0),a
                                    220 ;src/powerup.c:58: return base_sprite;
    000000CC 79               [ 4]  221 	ld	a, c
                                    222 ;src/powerup.c:59: }
    000000CD 33               [ 8]  223 	inc	sp
    000000CE 33               [ 8]  224 	inc	sp
    000000CF C9               [16]  225 	ret
                                    226 	.area _CODE
                                    227 	.area _INITIALIZER
    00000000                        228 __xinit__powerup_active:
    00000000 00                     229 	.db #0x00	;  0
                                    230 	.area _CABS (ABS)
