ASxxxx Linker V03.00/V05.40 + sdld,  page 1.
Hexadecimal  [32-Bits]

Area                                    Addr        Size        Decimal Bytes (Attributes)
--------------------------------        ----        ----        ------- ----- ------------
.  .ABS.                            00000000    00000000 =           0. bytes (ABS,CON)

      Value  Global                              Global Defined In Module
      -----  --------------------------------   ------------------------
     00000000  .__.ABS.                           VRAMUtils
     00000000  b_block_bump_draw                  level
     00000000  b_block_bump_update                level
     00000000  b_on_block_bump                    level
     00000000  l__BASE                         
     00000000  l__BSEG                         
     00000000  l__BSS                          
     00000000  l__CABS                         
     00000000  l__CODE_0                       
     00000000  l__DABS                         
     00000000  l__HEADER                       
     00000000  l__HEAP                         
     00000000  l__HEAP_END                     
     00000000  l__LIT                          
     00000000  s__CABS                         
     00000000  s__DABS                         
     00000000  s__HEADER                       
     00000000  s__HEADER0                      
     00000000  s__HEADER1                      
     00000000  s__HEADER2                      
     00000000  s__HEADER3                      
     00000000  s__HEADER4                      
     00000000  s__HEADER5                      
     00000000  s__HEADER6                      
     00000001  ___bank_level_1_1_lookup           lookup_table_1_1
     00000001  ___bank_music_defeat               music_defeat
     00000001  ___bank_music_overworld            music_overworld
     00000001  ___bank_music_underground          music_underground
     00000001  ___bank_music_underwater           music_underwater
     00000001  l__GSFINAL                      
     00000001  l__HEADER3                      
     00000002  ___bank_birabuto_torch             birabuto_torch
     00000002  ___bank_chai                       chai
     00000002  ___bank_enemies                    enemies
     00000002  ___bank_enemy                      enemy
     00000002  ___bank_music_castle               music_castle
     00000002  ___bank_music_stage_clear          music_stage_clear
     00000002  ___bank_player                     player
     00000002  ___bank_sound_flag_pole            sound_flag_pole
     00000002  ___bank_title                      title
     00000002  ___mute_mask_sound_beep            sound_beep
     00000002  ___mute_mask_sound_bowser_defeat   sound_bowser_defeated
     00000002  ___mute_mask_sound_bullet_bill     sound_bullet_bill
     00000002  ___mute_mask_sound_bump            sound_bump
     00000002  ___mute_mask_sound_coin            sound_coin
     00000002  ___mute_mask_sound_fireball        sound_fireball
     00000002  ___mute_mask_sound_flag_pole       sound_flag_pole
     00000002  ___mute_mask_sound_item            sound_item
     00000002  ___mute_mask_sound_jump_big        sound_jump_big
     00000002  ___mute_mask_sound_jump_small      sound_jump_small
ASxxxx Linker V03.00/V05.40 + sdld,  page 2.
Hexadecimal  [32-Bits]

Area                                    Addr        Size        Decimal Bytes (Attributes)
--------------------------------        ----        ----        ------- ----- ------------
.  .ABS.                            00000000    00000000 =           0. bytes (ABS,CON)

      Value  Global                              Global Defined In Module
      -----  --------------------------------   ------------------------
     00000002  ___mute_mask_sound_kick            sound_kick
     00000002  ___mute_mask_sound_oneup           sound_oneup
     00000002  ___mute_mask_sound_pause           sound_pause
     00000002  ___mute_mask_sound_pipe            sound_pipe
     00000002  ___mute_mask_sound_powerup         sound_powerup
     00000002  ___mute_mask_sound_skid_alt        sound_skid_alt
     00000002  ___mute_mask_sound_squish          sound_squish
     00000002  ___mute_mask_sound_vine            sound_vine
     00000002  b_enemy_apply_horizontal_movemen   enemy
     00000002  b_enemy_apply_vertical_movement    enemy
     00000002  b_enemy_has_ground                 enemy
     00000002  b_enemy_has_ground_ahead           enemy
     00000002  b_enemy_move_fly                   enemy
     00000002  b_enemy_move_goomba                enemy
     00000002  b_enemy_move_koopa                 enemy
     00000002  b_enemy_reset_all                  enemy
     00000002  b_enemy_stomp                      enemy
     00000002  b_enemy_update                     enemy
     00000002  b_player_is_on_platform            player
     00000002  b_player_move                      player
     00000002  b_player_move_vehicle              player
     00000003  ___bank_birabuto                   birabuto
     00000003  ___bank_common                     common
     00000003  ___bank_easton                     easton
     00000003  ___bank_enemies_large_birabuto     enemies_large_birabuto
     00000003  ___bank_enemies_large_chai         enemies_large_chai
     00000003  ___bank_enemies_large_easton       enemies_large_easton
     00000003  ___bank_enemies_large_muda         enemies_large_muda
     00000003  ___bank_level_3_1_lookup           lookup_table_3_1
     00000003  ___bank_level_4_1_lookup           lookup_table_4_1
     00000003  ___bank_mario                      mario
     00000003  ___bank_muda                       muda
     00000003  ___bank_music_star                 music_star
     00000003  ___bank_sound_bowser_defeated      sound_bowser_defeated
     00000003  ___bank_sound_bowser_fire          sound_bowser_fire
     00000003  ___bank_sound_destroyed            sound_destroyed
     00000003  ___bank_sound_jump_big             sound_jump_big
     00000003  ___bank_sound_jump_small           sound_jump_small
     00000003  ___bank_sound_pipe                 sound_pipe
     00000003  ___bank_sound_powerup              sound_powerup
     00000003  ___bank_text                       text
     00000003  b_coin_animated_draw               coin_animated
     00000003  b_coin_animated_new                coin_animated
     00000003  b_coin_animated_update             coin_animated
     00000003  b_platform_falling_new             platforms
     00000003  b_platform_moving_draw             platforms
     00000003  b_platform_moving_new              platforms
     00000003  b_platform_moving_update           platforms
     00000003  l__HEADER4                      
     00000003  l__HEADER5                      
     00000004  ___bank_level_1_1_01               level_1_1_01
ASxxxx Linker V03.00/V05.40 + sdld,  page 3.
Hexadecimal  [32-Bits]

Area                                    Addr        Size        Decimal Bytes (Attributes)
--------------------------------        ----        ----        ------- ----- ------------
.  .ABS.                            00000000    00000000 =           0. bytes (ABS,CON)

      Value  Global                              Global Defined In Module
      -----  --------------------------------   ------------------------
     00000004  ___bank_level_1_1_03               level_1_1_03
     00000004  ___bank_level_1_1_05               level_1_1_05
     00000004  ___bank_level_1_2_04               level_1_2_04
     00000004  ___bank_level_1_2_05               level_1_2_05
     00000004  ___bank_level_1_3_01               level_1_3_01
     00000004  ___bank_level_1_3_06               level_1_3_06
     00000004  ___bank_level_1_3_09               level_1_3_09
     00000004  ___bank_level_2_1_01               level_2_1_01
     00000004  ___bank_level_2_1_02               level_2_1_02
     00000004  ___bank_level_2_1_03               level_2_1_03
     00000004  ___bank_level_2_1_07               level_2_1_07
     00000004  ___bank_level_2_1_lookup           lookup_table_2_1
     00000004  ___bank_level_2_2_01               level_2_2_01
     00000004  ___bank_level_2_2_07               level_2_2_07
     00000004  ___bank_level_2_3_00               level_2_3_00
     00000004  ___bank_level_2_3_02               level_2_3_02
     00000004  ___bank_level_3_1_01               level_3_1_01
     00000004  ___bank_level_3_1_06               level_3_1_06
     00000004  ___bank_level_3_1_07               level_3_1_07
     00000004  ___bank_level_3_1_08               level_3_1_08
     00000004  ___bank_level_3_1_10               level_3_1_10
     00000004  ___bank_level_3_2_01               level_3_2_01
     00000004  ___bank_level_3_2_07               level_3_2_07
     00000004  ___bank_level_3_2_09               level_3_2_09
     00000004  ___bank_level_3_2_lookup           lookup_table_3_2
     00000004  ___bank_level_3_3_00               level_3_3_00
     00000004  ___bank_level_3_3_02               level_3_3_02
     00000004  ___bank_level_3_3_04               level_3_3_04
     00000004  ___bank_level_3_3_07               level_3_3_07
     00000004  ___bank_level_4_1_04               level_4_1_04
     00000004  ___bank_level_4_1_08               level_4_1_08
     00000004  ___bank_level_4_2_00               level_4_2_00
     00000004  ___bank_level_4_2_02               level_4_2_02
     00000004  ___bank_level_4_2_03               level_4_2_03
     00000004  ___bank_level_4_2_04               level_4_2_04
     00000004  ___bank_level_4_2_06               level_4_2_06
     00000004  ___bank_level_4_2_11               level_4_2_11
     00000004  ___bank_level_4_2_lookup           lookup_table_4_2
     00000004  ___bank_level_4_3_01               level_4_3_01
     00000004  ___bank_level_4_3_03               level_4_3_03
     00000004  ___bank_level_4_3_07               level_4_3_07
     00000004  ___bank_sound_bullet_bill          sound_bullet_bill
     00000004  ___bank_sound_vine                 sound_vine
     00000004  ___bank_sprite_common              sprite_common
     00000004  ___bank_underground_2              underground_2
     00000004  ___bank_underground_3              underground_3
     00000004  ___bank_underground_4              underground_4
     00000004  ___mute_mask_sound_skid            sound_skid
     00000004  b_hud_set_level                    hud
     00000004  b_hud_update_coins                 hud
     00000004  b_hud_update_lives                 hud
ASxxxx Linker V03.00/V05.40 + sdld,  page 4.
Hexadecimal  [32-Bits]

Area                                    Addr        Size        Decimal Bytes (Attributes)
--------------------------------        ----        ----        ------- ----- ------------
.  .ABS.                            00000000    00000000 =           0. bytes (ABS,CON)

      Value  Global                              Global Defined In Module
      -----  --------------------------------   ------------------------
     00000004  b_hud_update_score                 hud
     00000004  b_hud_update_time                  hud
     00000004  b_text_print_char                  text
     00000004  b_text_print_string                text
     00000005  ___bank_level_1_1_00               level_1_1_00
     00000005  ___bank_level_1_1_02               level_1_1_02
     00000005  ___bank_level_1_1_04               level_1_1_04
     00000005  ___bank_level_1_1_06               level_1_1_06
     00000005  ___bank_level_1_2_03               level_1_2_03
     00000005  ___bank_level_1_3_00               level_1_3_00
     00000005  ___bank_level_1_3_02               level_1_3_02
     00000005  ___bank_level_1_3_03               level_1_3_03
     00000005  ___bank_level_1_3_05               level_1_3_05
     00000005  ___bank_level_1_3_07               level_1_3_07
     00000005  ___bank_level_2_1_05               level_2_1_05
     00000005  ___bank_level_2_2_00               level_2_2_00
     00000005  ___bank_level_2_2_02               level_2_2_02
     00000005  ___bank_level_2_2_03               level_2_2_03
     00000005  ___bank_level_2_2_04               level_2_2_04
     00000005  ___bank_level_2_2_05               level_2_2_05
     00000005  ___bank_level_2_2_06               level_2_2_06
     00000005  ___bank_level_2_3_01               level_2_3_01
     00000005  ___bank_level_2_3_04               level_2_3_04
     00000005  ___bank_level_2_3_lookup           lookup_table_2_3
     00000005  ___bank_level_3_1_00               level_3_1_00
     00000005  ___bank_level_3_1_02               level_3_1_02
     00000005  ___bank_level_3_1_03               level_3_1_03
     00000005  ___bank_level_3_1_05               level_3_1_05
     00000005  ___bank_level_3_1_09               level_3_1_09
     00000005  ___bank_level_3_1_11               level_3_1_11
     00000005  ___bank_level_3_2_00               level_3_2_00
     00000005  ___bank_level_3_2_02               level_3_2_02
     00000005  ___bank_level_3_2_03               level_3_2_03
     00000005  ___bank_level_3_2_05               level_3_2_05
     00000005  ___bank_level_3_2_06               level_3_2_06
     00000005  ___bank_level_3_2_08               level_3_2_08
     00000005  ___bank_level_3_2_10               level_3_2_10
     00000005  ___bank_level_3_3_01               level_3_3_01
     00000005  ___bank_level_3_3_05               level_3_3_05
     00000005  ___bank_level_3_3_08               level_3_3_08
     00000005  ___bank_level_4_1_00               level_4_1_00
     00000005  ___bank_level_4_1_01               level_4_1_01
     00000005  ___bank_level_4_1_02               level_4_1_02
     00000005  ___bank_level_4_1_03               level_4_1_03
     00000005  ___bank_level_4_1_05               level_4_1_05
     00000005  ___bank_level_4_1_07               level_4_1_07
     00000005  ___bank_level_4_1_09               level_4_1_09
     00000005  ___bank_level_4_2_01               level_4_2_01
     00000005  ___bank_level_4_2_08               level_4_2_08
     00000005  ___bank_level_4_2_09               level_4_2_09
     00000005  ___bank_level_4_3_00               level_4_3_00
ASxxxx Linker V03.00/V05.40 + sdld,  page 5.
Hexadecimal  [32-Bits]

Area                                    Addr        Size        Decimal Bytes (Attributes)
--------------------------------        ----        ----        ------- ----- ------------
.  .ABS.                            00000000    00000000 =           0. bytes (ABS,CON)

      Value  Global                              Global Defined In Module
      -----  --------------------------------   ------------------------
     00000005  ___bank_level_4_3_04               level_4_3_04
     00000005  ___bank_stage_end                  stage_end
     00000005  ___bank_underground_6              underground_6
     00000005  ___bank_underground_7              underground_7
     00000005  ___bank_underground_9              underground_9
     00000005  b_pipe_clear                       pipe
     00000005  b_pipe_new                         pipe
     00000006  ___bank_level_1_2_00               level_1_2_00
     00000006  ___bank_level_1_2_01               level_1_2_01
     00000006  ___bank_level_1_2_02               level_1_2_02
     00000006  ___bank_level_1_2_06               level_1_2_06
     00000006  ___bank_level_1_2_lookup           lookup_table_1_2
     00000006  ___bank_level_1_3_04               level_1_3_04
     00000006  ___bank_level_1_3_08               level_1_3_08
     00000006  ___bank_level_1_3_10               level_1_3_10
     00000006  ___bank_level_1_3_lookup           lookup_table_1_3
     00000006  ___bank_level_2_1_00               level_2_1_00
     00000006  ___bank_level_2_1_04               level_2_1_04
     00000006  ___bank_level_2_1_06               level_2_1_06
     00000006  ___bank_level_2_2_lookup           lookup_table_2_2
     00000006  ___bank_level_2_3_03               level_2_3_03
     00000006  ___bank_level_2_3_05               level_2_3_05
     00000006  ___bank_level_3_1_04               level_3_1_04
     00000006  ___bank_level_3_2_04               level_3_2_04
     00000006  ___bank_level_3_3_03               level_3_3_03
     00000006  ___bank_level_3_3_06               level_3_3_06
     00000006  ___bank_level_3_3_lookup           lookup_table_3_3
     00000006  ___bank_level_4_1_06               level_4_1_06
     00000006  ___bank_level_4_2_05               level_4_2_05
     00000006  ___bank_level_4_2_07               level_4_2_07
     00000006  ___bank_level_4_2_10               level_4_2_10
     00000006  ___bank_level_4_3_02               level_4_3_02
     00000006  ___bank_level_4_3_05               level_4_3_05
     00000006  ___bank_level_4_3_06               level_4_3_06
     00000006  ___bank_level_4_3_08               level_4_3_08
     00000006  ___bank_level_4_3_09               level_4_3_09
     00000006  ___bank_level_4_3_lookup           lookup_table_4_3
     00000006  ___bank_level_gates                level_gates
     00000006  ___bank_sound_beep                 sound_beep
     00000006  ___bank_sound_bump                 sound_bump
     00000006  ___bank_sound_coin                 sound_coin
     00000006  ___bank_sound_fireball             sound_fireball
     00000006  ___bank_sound_item                 sound_item
     00000006  ___bank_sound_kick                 sound_kick
     00000006  ___bank_sound_oneup                sound_oneup
     00000006  ___bank_sound_pause                sound_pause
     00000006  ___bank_sound_skid                 sound_skid
     00000006  ___bank_sound_skid_alt             sound_skid_alt
     00000006  ___bank_sound_squish               sound_squish
     00000006  ___bank_underground_0              underground_0
     00000006  ___bank_underground_1              underground_1
ASxxxx Linker V03.00/V05.40 + sdld,  page 6.
Hexadecimal  [32-Bits]

Area                                    Addr        Size        Decimal Bytes (Attributes)
--------------------------------        ----        ----        ------- ----- ------------
.  .ABS.                            00000000    00000000 =           0. bytes (ABS,CON)

      Value  Global                              Global Defined In Module
      -----  --------------------------------   ------------------------
     00000006  ___bank_underground_5              underground_5
     00000006  ___bank_underground_8              underground_8
     00000006  ___bank_underground_lookup         lookup_table_underground
     00000006  b_powerup_draw                     powerup
     00000006  b_powerup_new                      powerup
     00000006  b_powerup_update                   powerup
     00000006  l__HEADER0                      
     00000008  ___mute_mask_sound_bowser_fire     sound_bowser_fire
     00000008  ___mute_mask_sound_destroyed       sound_destroyed
     00000009  l__HEADER1                      
     00000009  l__HEADER2                      
     0000000C  l__GSINIT                       
     0000007C  l__HEADER6                      
     000000F5  l__DATA                         
     00000100  s__CODE                         
     00000236  l__INITIALIZED                  
     00000236  l__INITIALIZER                  
     00001204  l__HOME                         
     0000140B  l__CODE                         
     0000150B  s__HOME                         
     0000270F  s__BASE                         
     0000270F  s__CODE_0                       
     0000270F  s__INITIALIZER                  
     0000270F  s__LIT                          
     00002945  s__GSINIT                       
     00002951  s__GSFINAL                      
     000030B7  l__CODE_6                       
     00003FFC  l__CODE_4                       
     00003FFE  l__CODE_1                       
     00003FFF  l__CODE_2                       
     00004000  l__CODE_3                       
     00004000  l__CODE_5                       
     0000C000  _shadow_OAM                     
     0000C0C0  s__DATA                         
     0000C1B5  s__INITIALIZED                  
     0000C3EB  s__BSEG                         
     0000C3EB  s__BSS                          
     0000C3EB  s__HEAP                         
     0000C3EB  s__HEAP_END                     
     0000DFF0  .STACK                          
     00014000  s__CODE_1                       
     00024000  s__CODE_2                       
     00034000  s__CODE_3                       
     00044000  s__CODE_4                       
     00054000  s__CODE_5                       
     00064000  s__CODE_6                       
ASxxxx Linker V03.00/V05.40 + sdld,  page 7.
Hexadecimal  [32-Bits]

Area                                    Addr        Size        Decimal Bytes (Attributes)
--------------------------------        ----        ----        ------- ----- ------------
_CODE                               00000100    0000140B =        5131. bytes (REL,CON)

      Value  Global                              Global Defined In Module
      -----  --------------------------------   ------------------------
     00000100  _powerups_collide                  main
     000001C0  _enemy_collide                     main
     0000032C  _main                              main
     0000060B  _level_1_1_map                     level_tables
     00000638  _level_1_2_map                     level_tables
     00000662  _level_1_3_map                     level_tables
     00000695  _level_2_1_map                     level_tables
     000006C5  _level_2_2_map                     level_tables
     000006E9  _level_2_3_map                     level_tables
     00000722  _level_3_1_map                     level_tables
     00000767  _level_3_2_map                     level_tables
     00000797  _level_3_3_map                     level_tables
     000007C7  _level_4_1_map                     level_tables
     0000080C  _level_4_2_map                     level_tables
     00000848  _level_4_3_map                     level_tables
     00000890  _underground_0_map_pages           level_tables
     00000893  _underground_1_map_pages           level_tables
     00000896  _underground_2_map_pages           level_tables
     00000899  _underground_3_map_pages           level_tables
     0000089C  _underground_4_map_pages           level_tables
     0000089F  _underground_5_map_pages           level_tables
     000008A2  _underground_6_map_pages           level_tables
     000008A5  _underground_7_map_pages           level_tables
     000008A8  _underground_8_map_pages           level_tables
     000008AB  _underground_9_map_pages           level_tables
     000008AE  _init                              game
     0000092A  _state_title                       game
     00000949  _state_pause                       game
     000009CD  _die                               game
     00000A18  _get_tile                          level
     00000A53  _levels                            level
     00000B43  _undergrounds                      level
     00000B57  _is_tile_solid                     level
     00000D1C  _is_tile_passthought               level
     00000D63  _is_coin                           level
     00000D6A  _on_get_coin_background            level
     00000DA8  _on_break_tile                     level
     00000DE4  _on_block_bump                     level
     00000E2A  _block_bump_update                 level
     00000E84  _block_bump_draw                   level
     00000F32  _on_get_coin                       level
     00000F67  _on_interogation_block_hit         level
     000010A5  _itoa                              
     000010D6  _uitoa                             
     00001187  _hide_sprites_range                Metasprites
     000011A0  ___strreverse                      
     000011A6  ___strreverse_reg                  
     000011B8  __moduchar                         
     000011BF  __moduint                          
     000011C4  ___hide_metasprite                 Metasprites
ASxxxx Linker V03.00/V05.40 + sdld,  page 8.
Hexadecimal  [32-Bits]

Area                                    Addr        Size        Decimal Bytes (Attributes)
--------------------------------        ----        ----        ------- ----- ------------
_CODE                               00000100    0000140B =        5131. bytes (REL,CON)

      Value  Global                              Global Defined In Module
      -----  --------------------------------   ------------------------
     000011DF  __divuchar                         
     000011E1  __divu8                            
     000011E4  __divu16                           
     000011E4  __divuint                          
     00001213  ___move_metasprite                 Metasprites
     00001290  _memset                            
     000012A5  wait_hl_tstates                    delay
     000012C7  _delay                             delay
     000012DD  ___sdcc_bcall_ehl                  
     000012F0  ___move_metasprite_flipx           Metasprites
     00001373  ___move_metasprite_flipy           Metasprites
     000013F6  ___move_metasprite_flipxy          Metasprites
     0000147D  _strlen                            
     0000148C  __modschar                         
     00001494  __modsint                          
     0000149A  __divschar                         
     0000149C  __div8                             
     000014A0  __div_signexte                     
     000014A4  __div16                            
     000014A4  __divsint                          
     000014CA  __get_remainder                    
     000014D4  ___uitobcd                         
ASxxxx Linker V03.00/V05.40 + sdld,  page 9.
Hexadecimal  [32-Bits]

Area                                    Addr        Size        Decimal Bytes (Attributes)
--------------------------------        ----        ----        ------- ----- ------------
_HEADER0                            00000000    00000006 =           6. bytes (ABS,CON)

      Value  Global                              Global Defined In Module
      -----  --------------------------------   ------------------------
ASxxxx Linker V03.00/V05.40 + sdld,  page 10.
Hexadecimal  [32-Bits]

Area                                    Addr        Size        Decimal Bytes (Attributes)
--------------------------------        ----        ----        ------- ----- ------------
_HEADER1                            00000000    00000009 =           9. bytes (ABS,CON)

      Value  Global                              Global Defined In Module
      -----  --------------------------------   ------------------------
     00000010  _WRITE_VDP_CMD                     Runtime

ASxxxx Linker V03.00/V05.40 + sdld,  page 11.
Hexadecimal  [32-Bits]

Area                                    Addr        Size        Decimal Bytes (Attributes)
--------------------------------        ----        ----        ------- ----- ------------
_HEADER2                            00000000    00000009 =           9. bytes (ABS,CON)

      Value  Global                              Global Defined In Module
      -----  --------------------------------   ------------------------
     00000020  _WRITE_VDP_DATA                    Runtime

ASxxxx Linker V03.00/V05.40 + sdld,  page 12.
Hexadecimal  [32-Bits]

Area                                    Addr        Size        Decimal Bytes (Attributes)
--------------------------------        ----        ----        ------- ----- ------------
_HEADER3                            00000000    00000001 =           1. bytes (ABS,CON)

      Value  Global                              Global Defined In Module
      -----  --------------------------------   ------------------------
     00000030  .call_hl                           Runtime

ASxxxx Linker V03.00/V05.40 + sdld,  page 13.
Hexadecimal  [32-Bits]

Area                                    Addr        Size        Decimal Bytes (Attributes)
--------------------------------        ----        ----        ------- ----- ------------
_HEADER4                            00000000    00000003 =           3. bytes (ABS,CON)

      Value  Global                              Global Defined In Module
      -----  --------------------------------   ------------------------
ASxxxx Linker V03.00/V05.40 + sdld,  page 14.
Hexadecimal  [32-Bits]

Area                                    Addr        Size        Decimal Bytes (Attributes)
--------------------------------        ----        ----        ------- ----- ------------
_HEADER5                            00000000    00000003 =           3. bytes (ABS,CON)

      Value  Global                              Global Defined In Module
      -----  --------------------------------   ------------------------
ASxxxx Linker V03.00/V05.40 + sdld,  page 15.
Hexadecimal  [32-Bits]

Area                                    Addr        Size        Decimal Bytes (Attributes)
--------------------------------        ----        ----        ------- ----- ------------
_HEADER6                            00000000    0000007C =         124. bytes (ABS,CON)

      Value  Global                              Global Defined In Module
      -----  --------------------------------   ------------------------
     00000080  .init                              Runtime

ASxxxx Linker V03.00/V05.40 + sdld,  page 16.
Hexadecimal  [32-Bits]

Area                                    Addr        Size        Decimal Bytes (Attributes)
--------------------------------        ----        ----        ------- ----- ------------
_HOME                               0000150B    00001204 =        4612. bytes (REL,CON)

      Value  Global                              Global Defined In Module
      -----  --------------------------------   ------------------------
     0000153A  .CRT_DEFAULT_PALETTE               Runtime
     0000154A  .memset_simple                     Runtime
     00001553  .memcpy_simple                     Runtime
     00001559  .wait_vbl_done                     Runtime
     00001559  _vsync                             Runtime
     00001559  _wait_vbl_done                     Runtime
     0000156B  _level_load_objects                level
     0000184B  _level_load_column                 level
     00001968  _level_set_current                 level
     00001989  _load_current_level                level
     000019E2  _set_level                         level
     00001ABE  _update_frame_counter              player
     00001ADD  _player_draw                       player
     00001B66  _player_check_pipe_entry           player
     00001BD6  _player_enter_pipe                 player
     00001C63  _player_check_horizontal_pipe_en   player
     00001CFB  _player_warp_to                    player
     00001E26  _player_on_touch_ground            player
     00001E39  _enemy_new                         enemy
     00002062  _enemy_remove                      enemy
     00002088  _enemy_draw                        enemy
     000021B6  _set_tile_2bpp_data                VRAMUtils
     00002259  _set_vram_byte                     VRAMUtils
     0000226B  _set_attributed_tile_xy            VRAMUtils
     00002287  _set_tile_xy                       VRAMUtils
     000022A6  _set_attribute_xy                  VRAMUtils
     000022C7  _NMI_ISR                           NMIHandler
     000022C9  .OUTI128                           VRAMUtils
     00002349  .OUTI64                            VRAMUtils
     00002389  .OUTI32                            VRAMUtils
     000023A9  .OUTI16                            VRAMUtils
     000023C9  .OUTI_END                          VRAMUtils
     000023CA  _INT_ISR                           INTHandler
     00002456  .remove_LCD                        INTHandler
     00002456  _remove_LCD                        INTHandler
     00002459  .add_LCD                           INTHandler
     00002459  _add_LCD                           INTHandler
     0000245D  _add_VBL                           INTHandler
     0000245F  .add_VBL                           INTHandler
     00002462  .add_int                           INTHandler
     0000246E  _remove_VBL                        INTHandler
     00002470  .remove_VBL                        INTHandler
     00002473  .remove_int                        INTHandler
     0000248F  _add_JOY                           INTHandler
     0000248F  _add_SIO                           INTHandler
     0000248F  _remove_JOY                        INTHandler
     0000248F  _remove_SIO                        INTHandler
     00002490  .jpad                              JOYPad
     00002490  _joypad                            JOYPad
     000024E7  .padup                             JOYPad
ASxxxx Linker V03.00/V05.40 + sdld,  page 17.
Hexadecimal  [32-Bits]

Area                                    Addr        Size        Decimal Bytes (Attributes)
--------------------------------        ----        ----        ------- ----- ------------
_HOME                               0000150B    00001204 =        4612. bytes (REL,CON)

      Value  Global                              Global Defined In Module
      -----  --------------------------------   ------------------------
     000024E7  _waitpadup                         JOYPad
     000024F2  .wait_pad                          JOYPad
     000024F2  _waitpad                           JOYPad
     000024FE  _set_tile_map_compat               VRAMUtils
     0000255C  .coords_to_address                 VRAMUtils
     000025CA  _get_bkg_xy_addr                   VRAMUtils
     000025D2  .set_tile_map_xy_compat            VRAMUtils
     000025DD  .set_tile_map_xy_tt_compat         VRAMUtils
     00002675  .set_tile_map_xy                   VRAMUtils
     00002680  .set_tile_map_xy_tt                VRAMUtils
ASxxxx Linker V03.00/V05.40 + sdld,  page 18.
Hexadecimal  [32-Bits]

Area                                    Addr        Size        Decimal Bytes (Attributes)
--------------------------------        ----        ----        ------- ----- ------------
_INITIALIZER                        0000270F    00000236 =         566. bytes (REL,CON)

      Value  Global                              Global Defined In Module
      -----  --------------------------------   ------------------------
ASxxxx Linker V03.00/V05.40 + sdld,  page 19.
Hexadecimal  [32-Bits]

Area                                    Addr        Size        Decimal Bytes (Attributes)
--------------------------------        ----        ----        ------- ----- ------------
_GSINIT                             00002945    0000000C =          12. bytes (REL,CON)

      Value  Global                              Global Defined In Module
      -----  --------------------------------   ------------------------
     00002945  .gsinit                            Runtime

ASxxxx Linker V03.00/V05.40 + sdld,  page 20.
Hexadecimal  [32-Bits]

Area                                    Addr        Size        Decimal Bytes (Attributes)
--------------------------------        ----        ----        ------- ----- ------------
_GSFINAL                            00002951    00000001 =           1. bytes (REL,CON)

      Value  Global                              Global Defined In Module
      -----  --------------------------------   ------------------------
ASxxxx Linker V03.00/V05.40 + sdld,  page 21.
Hexadecimal  [32-Bits]

Area                                    Addr        Size        Decimal Bytes (Attributes)
--------------------------------        ----        ----        ------- ----- ------------
_DATA                               0000C0C0    000000F5 =         245. bytes (REL,CON)

      Value  Global                              Global Defined In Module
      -----  --------------------------------   ------------------------
     0000C0C0  __BIOS                             Runtime
     0000C0C1  __SYSTEM                           Runtime
     0000C0C2  _camera_x                          level
     0000C0C4  _camera_x_upscaled                 level
     0000C0C6  _load_col_at                       level
     0000C0C8  _current_map                       level
     0000C0CA  _coldata                           level
     0000C0DA  _level_end_reached                 level
     0000C0DB  _current_level                     level
     0000C0DC  _current_map_tile_origin           level
     0000C0DE  _current_map_tiles                 level
     0000C0E0  _current_map_tile_count            level
     0000C0E2  _current_map_width                 level
     0000C0E4  _current_map_width_in_tiles        level
     0000C0E6  _level_bank                        level
     0000C0E7  _level_lookup_bank                 level
     0000C0E8  _level_lookup                      level
     0000C0EA  _level_lookup_size                 level
     0000C0F3  _coins                             player
     0000C0F4  _score                             player
     0000C0F6  _time                              player
     0000C0F8  _lives                             player
     0000C0F9  _joypad_previous                   player
     0000C0FA  _joypad_current                    player
     0000C0FB  _player_x_upscaled                 player
     0000C0FD  _player_y_upscaled                 player
     0000C0FF  _player_x_next_upscaled            player
     0000C101  _player_y_next_upscaled            player
     0000C103  _player_x                          player
     0000C105  _player_y                          player
     0000C107  _player_x_next                     player
     0000C109  _player_y_next                     player
     0000C10B  _player_draw_x                     player
     0000C10C  _player_draw_y                     player
     0000C10D  _vel_x                             player
     0000C10E  _vel_y                             player
     0000C10F  _display_jump_frame                player
     0000C110  _display_slide_frame               player
     0000C111  _display_walk_animation            player
     0000C112  _mario_flip                        player
     0000C113  _scroll_limit                      player
     0000C115  _tile_next_1                       player
     0000C116  _tile_next_2                       player
     0000C117  _plane_mode                        player
     0000C118  _enemies                           enemy
     0000C158  _projectiles                       projectile
     0000C168  _platforms_moving                  platforms
     0000C192  _coin_animated_array               coin_animated
     0000C19E  _powerup                           powerup
     0000C1A8  _active_pipe                       pipe
ASxxxx Linker V03.00/V05.40 + sdld,  page 22.
Hexadecimal  [32-Bits]

Area                                    Addr        Size        Decimal Bytes (Attributes)
--------------------------------        ----        ----        ------- ----- ------------
_DATA                               0000C0C0    000000F5 =         245. bytes (REL,CON)

      Value  Global                              Global Defined In Module
      -----  --------------------------------   ------------------------
     0000C1AF  _active_pipe_tile_x                pipe
     0000C1B0  _active_pipe_tile_y                pipe
     0000C1B1  _active_pipe_direction             pipe
     0000C1B2  ___current_metasprite              Metasprites
     0000C1B4  ___current_base_tile               Metasprites

ASxxxx Linker V03.00/V05.40 + sdld,  page 23.
Hexadecimal  [32-Bits]

Area                                    Addr        Size        Decimal Bytes (Attributes)
--------------------------------        ----        ----        ------- ----- ------------
_INITIALIZED                        0000C1B5    00000236 =         566. bytes (REL,CON)

      Value  Global                              Global Defined In Module
      -----  --------------------------------   ------------------------
     0000C1B5  _shadow_VDP_R0                     Runtime
     0000C1B6  _shadow_VDP_R1                     Runtime
     0000C1B7  _shadow_VDP_R2                     Runtime
     0000C1B8  _shadow_VDP_R3                     Runtime
     0000C1B9  _shadow_VDP_R4                     Runtime
     0000C1BA  _shadow_VDP_R5                     Runtime
     0000C1BB  _shadow_VDP_R6                     Runtime
     0000C1BC  _shadow_VDP_R7                     Runtime
     0000C1BC  _shadow_VDP_RBORDER                Runtime
     0000C1BD  _shadow_VDP_R8                     Runtime
     0000C1BD  _shadow_VDP_RSCX                   Runtime
     0000C1BE  _shadow_VDP_R9                     Runtime
     0000C1BE  _shadow_VDP_RSCY                   Runtime
     0000C1BF  _shadow_VDP_R10                    Runtime
     0000C1C0  .shadow_VDP_end                    Runtime
     0000C1C0  .sys_time                          Runtime
     0000C1C0  _sys_time                          Runtime
     0000C1C2  .vbl_done                          Runtime
     0000C1C2  __vbl_done                         Runtime
     0000C1C3  .vdp_shift                         Runtime
     0000C1C3  _VDP_ATTR_SHIFT                    Runtime
     0000C1C4  __shadow_OAM_base                  Runtime
     0000C1C5  __shadow_OAM_OFF                   Runtime
     0000C1C6  __sprites_OFF                      Runtime
     0000C1C7  .mode                              Runtime
     0000C1C8  _map_buffer                        level
     0000C3C8  _map_column                        level
     0000C3C9  _current_column_in_page            level
     0000C3CA  _level_page_x_offset               level
     0000C3CC  _current_page                      level
     0000C3CD  _col_from                          level
     0000C3CF  _is_jumping                        player
     0000C3D0  _touch_ground                      player
     0000C3D1  _current_jump                      player
     0000C3D3  _player_frame                      player
     0000C3D4  _frame_counter                     player
     0000C3D5  _player_is_big                     player
     0000C3D6  _enemy_count                       enemy
     0000C3D7  _platform_moving_count             platforms
     0000C3D8  _coin_index                        coin_animated
     0000C3D9  _powerup_active                    powerup
     0000C3DA  _pipe_active                       pipe
     0000C3DB  __current_2bpp_palette             VRAMUtils
     0000C3DD  .TIM_DISPATCHER                    INTHandler
     0000C3E9  ___render_shadow_OAM               Metasprites
     0000C3EA  __map_tile_offset                  VRAMUtils

ASxxxx Linker V03.00/V05.40 + sdld,  page 24.
Hexadecimal  [32-Bits]

Area                                    Addr        Size        Decimal Bytes (Attributes)
--------------------------------        ----        ----        ------- ----- ------------
_CODE_1                             00014000    00003FFE =       16382. bytes (REL,CON)

      Value  Global                              Global Defined In Module
      -----  --------------------------------   ------------------------
     00015C51  _music_overworld                   music_overworld
     00016F35  _music_underwater                  music_underwater
     000178AB  _music_underground                 music_underground
     00017F0D  _music_defeat                      music_defeat
     00017F22  ___func_level_1_1_lookup           lookup_table_1_1
     00017F22  _level_1_1_lookup                  lookup_table_1_1
ASxxxx Linker V03.00/V05.40 + sdld,  page 25.
Hexadecimal  [32-Bits]

Area                                    Addr        Size        Decimal Bytes (Attributes)
--------------------------------        ----        ----        ------- ----- ------------
_CODE_2                             00024000    00003FFF =       16383. bytes (REL,CON)

      Value  Global                              Global Defined In Module
      -----  --------------------------------   ------------------------
     00024000  ___func_player                     player
     00024074  _player_move                       player
     00024996  _player_move_vehicle               player
     0002509F  _player_is_on_platform             player
     0002517E  ___func_enemy                      enemy
     0002517E  _enemy_has_ground                  enemy
     000251EC  _enemy_has_ground_ahead            enemy
     0002524F  _enemy_apply_horizontal_movement   enemy
     000254B1  _enemy_apply_vertical_movement     enemy
     00025628  _enemy_move_goomba                 enemy
     0002568D  _enemy_move_koopa                  enemy
     000256F3  _enemy_move_fly                    enemy
     000257ED  _enemy_stomp                       enemy
     0002584B  _enemy_reset_all                   enemy
     000258A0  _enemy_update                      enemy
     0002624B  _music_castle                      music_castle
     00026260  ___func_title                      title
     00026260  _title_palettes                    title
     00026264  _title_tiles                       title
     000268A4  _title_map                         title
     0002704D  _music_stage_clear                 music_stage_clear
     00027062  ___func_chai                       chai
     00027062  _chai_palettes                     chai
     00027066  _chai_tiles                        chai
     00027606  _projectile_fire                   projectile
     0002765F  _projectile_update                 projectile
     00027A12  _projectile_draw                   projectile
     00027AC4  ___func_sound_flag_pole            sound_flag_pole
     00027AC4  _sound_flag_pole                   sound_flag_pole
     00027F49  ___func_enemies                    enemies
     00027F49  _enemies_palettes                  enemies
     00027F4D  _enemies_tiles                     enemies
     00027FBD  _enemies_metasprite0               enemies
     00027FC3  _enemies_metasprite1               enemies
     00027FC9  _enemies_metasprite2               enemies
     00027FD2  _enemies_metasprite3               enemies
     00027FDB  _enemies_metasprite4               enemies
     00027FE1  _enemies_metasprites               enemies
     00027FEB  ___func_birabuto_torch             birabuto_torch
     00027FEB  _birabuto_torch_palettes           birabuto_torch
     00027FEF  _birabuto_torch_tiles              birabuto_torch

ASxxxx Linker V03.00/V05.40 + sdld,  page 26.
Hexadecimal  [32-Bits]

Area                                    Addr        Size        Decimal Bytes (Attributes)
--------------------------------        ----        ----        ------- ----- ------------
_CODE_3                             00034000    00004000 =       16384. bytes (REL,CON)

      Value  Global                              Global Defined In Module
      -----  --------------------------------   ------------------------
     00034000  ___func_easton                     easton
     00034000  _easton_palettes                   easton
     00034004  _easton_tiles                      easton
     00034464  ___func_mario                      mario
     00034464  _mario_palettes                    mario
     00034468  _mario_tiles                       mario
     000347B8  _mario_metasprite0                 mario
     000347C7  _mario_metasprite1                 mario
     000347D6  _mario_metasprite2                 mario
     000347E5  _mario_metasprite3                 mario
     000347F4  _mario_metasprite4                 mario
     00034803  _mario_metasprite5                 mario
     00034812  _mario_metasprite6                 mario
     00034821  _mario_metasprite7                 mario
     00034830  _mario_metasprite8                 mario
     0003483F  _mario_metasprite9                 mario
     0003484E  _mario_metasprite10                mario
     0003485D  _mario_metasprite11                mario
     0003486C  _mario_metasprite12                mario
     0003487B  _mario_metasprite13                mario
     0003488A  _mario_metasprite14                mario
     00034899  _mario_metasprites                 mario
     000348B7  ___func_sound_bowser_fire          sound_bowser_fire
     000348B7  _sound_bowser_fire                 sound_bowser_fire
     00034CBE  ___func_birabuto                   birabuto
     00034CBE  _birabuto_palettes                 birabuto
     00034CC2  _birabuto_tiles                    birabuto
     00035082  ___func_muda                       muda
     00035082  _muda_palettes                     muda
     00035086  _muda_tiles                        muda
     00035446  _platform_moving_new               platforms
     000354F3  _platform_moving_update            platforms
     00035739  _platform_moving_draw              platforms
     00035800  _platform_falling_new              platforms
     00035801  ___func_common                     common
     00035801  _common_palettes                   common
     00035805  _common_tiles                      common
     00035EB6  _music_star                        music_star
     00035ECB  ___func_enemies_large_chai         enemies_large_chai
     00035ECB  _enemies_large_chai_palettes       enemies_large_chai
     00035ECF  _enemies_large_chai_tiles          enemies_large_chai
     0003614F  _enemies_large_chai_metasprite0    enemies_large_chai
     0003615E  _enemies_large_chai_metasprite1    enemies_large_chai
     0003616D  _enemies_large_chai_metasprite2    enemies_large_chai
     00036176  _enemies_large_chai_metasprite3    enemies_large_chai
     00036185  _enemies_large_chai_metasprite4    enemies_large_chai
     00036194  _enemies_large_chai_metasprite5    enemies_large_chai
     000361A3  _enemies_large_chai_metasprite6    enemies_large_chai
     000361B2  _enemies_large_chai_metasprite7    enemies_large_chai
     000361BB  _enemies_large_chai_metasprite8    enemies_large_chai
ASxxxx Linker V03.00/V05.40 + sdld,  page 27.
Hexadecimal  [32-Bits]

Area                                    Addr        Size        Decimal Bytes (Attributes)
--------------------------------        ----        ----        ------- ----- ------------
_CODE_3                             00034000    00004000 =       16384. bytes (REL,CON)

      Value  Global                              Global Defined In Module
      -----  --------------------------------   ------------------------
     000361CA  _enemies_large_chai_metasprite9    enemies_large_chai
     000361D9  _enemies_large_chai_metasprite10   enemies_large_chai
     000361E8  _enemies_large_chai_metasprite11   enemies_large_chai
     000361F7  _enemies_large_chai_metasprites    enemies_large_chai
     0003620F  ___func_sound_powerup              sound_powerup
     0003620F  _sound_powerup                     sound_powerup
     00036529  ___func_sound_bowser_defeated      sound_bowser_defeated
     00036529  _sound_bowser_defeated             sound_bowser_defeated
     0003680D  ___func_text                       text
     0003680D  _text_palettes                     text
     00036811  _text_tiles                        text
     00036A91  ___func_level_4_1_lookup           lookup_table_4_1
     00036A91  _level_4_1_lookup                  lookup_table_4_1
     00036D04  ___func_sound_pipe                 sound_pipe
     00036D04  _sound_pipe                        sound_pipe
     00036F65  ___func_enemies_large_birabuto     enemies_large_birabuto
     00036F65  _enemies_large_birabuto_palettes   enemies_large_birabuto
     00036F69  _enemies_large_birabuto_tiles      enemies_large_birabuto
     00037129  _enemies_large_birabuto_metaspri   enemies_large_birabuto
     00037138  _enemies_large_birabuto_metaspri   enemies_large_birabuto
     00037147  _enemies_large_birabuto_metaspri   enemies_large_birabuto
     00037150  _enemies_large_birabuto_metaspri   enemies_large_birabuto
     0003715F  _enemies_large_birabuto_metaspri   enemies_large_birabuto
     0003716E  _enemies_large_birabuto_metaspri   enemies_large_birabuto
     00037177  _enemies_large_birabuto_metaspri   enemies_large_birabuto
     00037186  _enemies_large_birabuto_metaspri   enemies_large_birabuto
     00037195  _enemies_large_birabuto_metaspri   enemies_large_birabuto
     0003719E  _enemies_large_birabuto_metaspri   enemies_large_birabuto
     000371B0  ___func_enemies_large_easton       enemies_large_easton
     000371B0  _enemies_large_easton_palettes     enemies_large_easton
     000371B4  _enemies_large_easton_tiles        enemies_large_easton
     00037364  _enemies_large_easton_metasprite   enemies_large_easton
     00037373  _enemies_large_easton_metasprite   enemies_large_easton
     00037382  _enemies_large_easton_metasprite   enemies_large_easton
     0003738B  _enemies_large_easton_metasprite   enemies_large_easton
     0003739A  _enemies_large_easton_metasprite   enemies_large_easton
     000373A9  _enemies_large_easton_metasprite   enemies_large_easton
     000373B8  _enemies_large_easton_metasprite   enemies_large_easton
     000373C7  _enemies_large_easton_metasprite   enemies_large_easton
     000373D6  _enemies_large_easton_metasprite   enemies_large_easton
     000373DF  _enemies_large_easton_metasprite   enemies_large_easton
     000373F1  _coin_animated_new                 coin_animated
     0003745E  _coin_animated_update              coin_animated
     000374A4  _coin_animated_draw                coin_animated
     0003761A  ___func_sound_destroyed            sound_destroyed
     0003761A  _sound_destroyed                   sound_destroyed
     0003782F  ___func_sound_jump_small           sound_jump_small
     0003782F  _sound_jump_small                  sound_jump_small
     00037A38  ___func_sound_jump_big             sound_jump_big
     00037A38  _sound_jump_big                    sound_jump_big
     00037C41  ___func_enemies_large_muda         enemies_large_muda
ASxxxx Linker V03.00/V05.40 + sdld,  page 28.
Hexadecimal  [32-Bits]

Area                                    Addr        Size        Decimal Bytes (Attributes)
--------------------------------        ----        ----        ------- ----- ------------
_CODE_3                             00034000    00004000 =       16384. bytes (REL,CON)

      Value  Global                              Global Defined In Module
      -----  --------------------------------   ------------------------
     00037C41  _enemies_large_muda_palettes       enemies_large_muda
     00037C45  _enemies_large_muda_tiles          enemies_large_muda
     00037DA5  _enemies_large_muda_metasprite0    enemies_large_muda
     00037DB4  _enemies_large_muda_metasprite1    enemies_large_muda
     00037DC3  _enemies_large_muda_metasprite2    enemies_large_muda
     00037DD2  _enemies_large_muda_metasprite3    enemies_large_muda
     00037DDB  _enemies_large_muda_metasprite4    enemies_large_muda
     00037DEA  _enemies_large_muda_metasprite5    enemies_large_muda
     00037DF9  _enemies_large_muda_metasprite6    enemies_large_muda
     00037E08  _enemies_large_muda_metasprite7    enemies_large_muda
     00037E17  _enemies_large_muda_metasprites    enemies_large_muda
     00037E27  ___func_level_3_1_lookup           lookup_table_3_1
     00037E27  _level_3_1_lookup                  lookup_table_3_1
ASxxxx Linker V03.00/V05.40 + sdld,  page 29.
Hexadecimal  [32-Bits]

Area                                    Addr        Size        Decimal Bytes (Attributes)
--------------------------------        ----        ----        ------- ----- ------------
_CODE_4                             00044000    00003FFC =       16380. bytes (REL,CON)

      Value  Global                              Global Defined In Module
      -----  --------------------------------   ------------------------
     00044000  ___func_level_3_2_lookup           lookup_table_3_2
     00044000  _level_3_2_lookup                  lookup_table_3_2
     000441E4  ___func_level_4_2_lookup           lookup_table_4_2
     000441E4  _level_4_2_lookup                  lookup_table_4_2
     0004439C  ___func_sound_vine                 sound_vine
     0004439C  _sound_vine                        sound_vine
     00044552  ___func_sound_bullet_bill          sound_bullet_bill
     00044552  _sound_bullet_bill                 sound_bullet_bill
     000446DA  ___func_level_2_1_lookup           lookup_table_2_1
     000446DA  _level_2_1_lookup                  lookup_table_2_1
     0004485B  _hud_set_level                     hud
     000448A1  _hud_update_coins                  hud
     000448F8  _hud_update_score                  hud
     00044939  _hud_update_time                   hud
     000449A4  _hud_update_lives                  hud
     000449DA  ___func_sprite_common              sprite_common
     000449DA  _sprite_common_palettes            sprite_common
     000449DE  _sprite_common_tiles               sprite_common
     00044AAE  _sprite_common_metasprite0         sprite_common
     00044AB4  _sprite_common_metasprite1         sprite_common
     00044ABA  _sprite_common_metasprite2         sprite_common
     00044AC0  _sprite_common_metasprite3         sprite_common
     00044AC6  _sprite_common_metasprite4         sprite_common
     00044ACC  _sprite_common_metasprite5         sprite_common
     00044AD2  _sprite_common_metasprite6         sprite_common
     00044AD8  _sprite_common_metasprite7         sprite_common
     00044ADE  _sprite_common_metasprite8         sprite_common
     00044AE4  _sprite_common_metasprite9         sprite_common
     00044AEA  _sprite_common_metasprite10        sprite_common
     00044AF0  _sprite_common_metasprite11        sprite_common
     00044AF6  _sprite_common_metasprite12        sprite_common
     00044AF9  _sprite_common_metasprite13        sprite_common
     00044AFF  _sprite_common_metasprite14        sprite_common
     00044B02  _sprite_common_metasprites         sprite_common
     00044B20  ___func_level_3_2_09               level_3_2_09
     00044B20  _level_3_2_09_map                  level_3_2_09
     00044C60  ___func_level_3_3_04               level_3_3_04
     00044C60  _level_3_3_04_map                  level_3_3_04
     00044DA0  ___func_level_2_2_01               level_2_2_01
     00044DA0  _level_2_2_01_map                  level_2_2_01
     00044EE0  ___func_level_4_3_03               level_4_3_03
     00044EE0  _level_4_3_03_map                  level_4_3_03
     00045020  ___func_underground_4              underground_4
     00045020  _underground_4_map                 underground_4
     00045160  ___func_level_1_1_03               level_1_1_03
     00045160  _level_1_1_03_map                  level_1_1_03
     000452A0  ___func_level_1_3_01               level_1_3_01
     000452A0  _level_1_3_01_map                  level_1_3_01
     000453E0  ___func_level_4_3_07               level_4_3_07
     000453E0  _level_4_3_07_map                  level_4_3_07
ASxxxx Linker V03.00/V05.40 + sdld,  page 30.
Hexadecimal  [32-Bits]

Area                                    Addr        Size        Decimal Bytes (Attributes)
--------------------------------        ----        ----        ------- ----- ------------
_CODE_4                             00044000    00003FFC =       16380. bytes (REL,CON)

      Value  Global                              Global Defined In Module
      -----  --------------------------------   ------------------------
     00045520  ___func_level_3_1_08               level_3_1_08
     00045520  _level_3_1_08_map                  level_3_1_08
     00045660  ___func_level_4_2_04               level_4_2_04
     00045660  _level_4_2_04_map                  level_4_2_04
     000457A0  ___func_level_3_2_01               level_3_2_01
     000457A0  _level_3_2_01_map                  level_3_2_01
     000458E0  ___func_level_3_1_01               level_3_1_01
     000458E0  _level_3_1_01_map                  level_3_1_01
     00045A20  ___func_level_2_1_01               level_2_1_01
     00045A20  _level_2_1_01_map                  level_2_1_01
     00045B60  ___func_level_4_2_03               level_4_2_03
     00045B60  _level_4_2_03_map                  level_4_2_03
     00045CA0  ___func_underground_2              underground_2
     00045CA0  _underground_2_map                 underground_2
     00045DE0  ___func_level_1_2_05               level_1_2_05
     00045DE0  _level_1_2_05_map                  level_1_2_05
     00045F20  ___func_level_3_3_00               level_3_3_00
     00045F20  _level_3_3_00_map                  level_3_3_00
     00046060  ___func_level_4_1_04               level_4_1_04
     00046060  _level_4_1_04_map                  level_4_1_04
     000461A0  ___func_level_1_3_09               level_1_3_09
     000461A0  _level_1_3_09_map                  level_1_3_09
     000462E0  ___func_level_3_3_07               level_3_3_07
     000462E0  _level_3_3_07_map                  level_3_3_07
     00046420  ___func_level_4_2_06               level_4_2_06
     00046420  _level_4_2_06_map                  level_4_2_06
     00046560  ___func_level_3_1_06               level_3_1_06
     00046560  _level_3_1_06_map                  level_3_1_06
     000466A0  ___func_level_4_2_02               level_4_2_02
     000466A0  _level_4_2_02_map                  level_4_2_02
     000467E0  ___func_level_4_2_00               level_4_2_00
     000467E0  _level_4_2_00_map                  level_4_2_00
     00046920  ___func_level_2_1_07               level_2_1_07
     00046920  _level_2_1_07_map                  level_2_1_07
     00046A60  ___func_level_1_1_01               level_1_1_01
     00046A60  _level_1_1_01_map                  level_1_1_01
     00046BA0  ___func_level_3_1_10               level_3_1_10
     00046BA0  _level_3_1_10_map                  level_3_1_10
     00046CE0  ___func_level_1_1_05               level_1_1_05
     00046CE0  _level_1_1_05_map                  level_1_1_05
     00046E20  ___func_level_4_1_08               level_4_1_08
     00046E20  _level_4_1_08_map                  level_4_1_08
     00046F60  ___func_level_3_3_02               level_3_3_02
     00046F60  _level_3_3_02_map                  level_3_3_02
     000470A0  ___func_level_2_2_07               level_2_2_07
     000470A0  _level_2_2_07_map                  level_2_2_07
     000471E0  ___func_level_2_1_03               level_2_1_03
     000471E0  _level_2_1_03_map                  level_2_1_03
     00047320  ___func_level_3_2_07               level_3_2_07
     00047320  _level_3_2_07_map                  level_3_2_07
     00047460  ___func_underground_3              underground_3
ASxxxx Linker V03.00/V05.40 + sdld,  page 31.
Hexadecimal  [32-Bits]

Area                                    Addr        Size        Decimal Bytes (Attributes)
--------------------------------        ----        ----        ------- ----- ------------
_CODE_4                             00044000    00003FFC =       16380. bytes (REL,CON)

      Value  Global                              Global Defined In Module
      -----  --------------------------------   ------------------------
     00047460  _underground_3_map                 underground_3
     000475A0  ___func_level_3_1_07               level_3_1_07
     000475A0  _level_3_1_07_map                  level_3_1_07
     000476E0  ___func_level_4_2_11               level_4_2_11
     000476E0  _level_4_2_11_map                  level_4_2_11
     00047820  ___func_level_2_3_00               level_2_3_00
     00047820  _level_2_3_00_map                  level_2_3_00
     00047960  ___func_level_1_2_04               level_1_2_04
     00047960  _level_1_2_04_map                  level_1_2_04
     00047AA0  ___func_level_1_3_06               level_1_3_06
     00047AA0  _level_1_3_06_map                  level_1_3_06
     00047BE0  ___func_level_4_3_01               level_4_3_01
     00047BE0  _level_4_3_01_map                  level_4_3_01
     00047D20  ___func_level_2_1_02               level_2_1_02
     00047D20  _level_2_1_02_map                  level_2_1_02
     00047E60  ___func_level_2_3_02               level_2_3_02
     00047E60  _level_2_3_02_map                  level_2_3_02
     00047FA0  _text_print_char                   text
     00047FB9  _text_print_string                 text
ASxxxx Linker V03.00/V05.40 + sdld,  page 32.
Hexadecimal  [32-Bits]

Area                                    Addr        Size        Decimal Bytes (Attributes)
--------------------------------        ----        ----        ------- ----- ------------
_CODE_5                             00054000    00004000 =       16384. bytes (REL,CON)

      Value  Global                              Global Defined In Module
      -----  --------------------------------   ------------------------
     00054000  ___func_level_4_2_09               level_4_2_09
     00054000  _level_4_2_09_map                  level_4_2_09
     00054140  ___func_level_1_3_07               level_1_3_07
     00054140  _level_1_3_07_map                  level_1_3_07
     00054280  ___func_level_4_1_05               level_4_1_05
     00054280  _level_4_1_05_map                  level_4_1_05
     000543C0  ___func_level_4_1_01               level_4_1_01
     000543C0  _level_4_1_01_map                  level_4_1_01
     00054500  ___func_level_4_1_03               level_4_1_03
     00054500  _level_4_1_03_map                  level_4_1_03
     00054640  ___func_level_3_2_08               level_3_2_08
     00054640  _level_3_2_08_map                  level_3_2_08
     00054780  ___func_level_3_1_11               level_3_1_11
     00054780  _level_3_1_11_map                  level_3_1_11
     000548C0  ___func_level_2_2_02               level_2_2_02
     000548C0  _level_2_2_02_map                  level_2_2_02
     00054A00  ___func_level_1_1_02               level_1_1_02
     00054A00  _level_1_1_02_map                  level_1_1_02
     00054B40  ___func_underground_7              underground_7
     00054B40  _underground_7_map                 underground_7
     00054C80  ___func_level_3_1_00               level_3_1_00
     00054C80  _level_3_1_00_map                  level_3_1_00
     00054DC0  ___func_level_3_1_05               level_3_1_05
     00054DC0  _level_3_1_05_map                  level_3_1_05
     00054F00  ___func_level_3_2_00               level_3_2_00
     00054F00  _level_3_2_00_map                  level_3_2_00
     00055040  ___func_underground_9              underground_9
     00055040  _underground_9_map                 underground_9
     00055180  ___func_level_2_2_06               level_2_2_06
     00055180  _level_2_2_06_map                  level_2_2_06
     000552C0  ___func_level_2_2_05               level_2_2_05
     000552C0  _level_2_2_05_map                  level_2_2_05
     00055400  ___func_level_1_1_06               level_1_1_06
     00055400  _level_1_1_06_map                  level_1_1_06
     00055540  ___func_level_4_2_01               level_4_2_01
     00055540  _level_4_2_01_map                  level_4_2_01
     00055680  ___func_level_2_3_04               level_2_3_04
     00055680  _level_2_3_04_map                  level_2_3_04
     000557C0  ___func_level_4_1_02               level_4_1_02
     000557C0  _level_4_1_02_map                  level_4_1_02
     00055900  ___func_level_4_2_08               level_4_2_08
     00055900  _level_4_2_08_map                  level_4_2_08
     00055A40  ___func_level_1_1_00               level_1_1_00
     00055A40  _level_1_1_00_map                  level_1_1_00
     00055B80  ___func_underground_6              underground_6
     00055B80  _underground_6_map                 underground_6
     00055CC0  ___func_level_1_3_05               level_1_3_05
     00055CC0  _level_1_3_05_map                  level_1_3_05
     00055E00  ___func_level_2_2_00               level_2_2_00
     00055E00  _level_2_2_00_map                  level_2_2_00
ASxxxx Linker V03.00/V05.40 + sdld,  page 33.
Hexadecimal  [32-Bits]

Area                                    Addr        Size        Decimal Bytes (Attributes)
--------------------------------        ----        ----        ------- ----- ------------
_CODE_5                             00054000    00004000 =       16384. bytes (REL,CON)

      Value  Global                              Global Defined In Module
      -----  --------------------------------   ------------------------
     00055F40  ___func_level_4_1_09               level_4_1_09
     00055F40  _level_4_1_09_map                  level_4_1_09
     00056080  ___func_level_3_1_03               level_3_1_03
     00056080  _level_3_1_03_map                  level_3_1_03
     000561C0  ___func_level_3_2_02               level_3_2_02
     000561C0  _level_3_2_02_map                  level_3_2_02
     00056300  ___func_level_3_2_05               level_3_2_05
     00056300  _level_3_2_05_map                  level_3_2_05
     00056440  ___func_level_2_2_03               level_2_2_03
     00056440  _level_2_2_03_map                  level_2_2_03
     00056580  ___func_level_3_2_10               level_3_2_10
     00056580  _level_3_2_10_map                  level_3_2_10
     000566C0  ___func_level_1_3_02               level_1_3_02
     000566C0  _level_1_3_02_map                  level_1_3_02
     00056800  ___func_level_2_3_01               level_2_3_01
     00056800  _level_2_3_01_map                  level_2_3_01
     00056940  ___func_level_1_3_00               level_1_3_00
     00056940  _level_1_3_00_map                  level_1_3_00
     00056A80  ___func_level_3_1_02               level_3_1_02
     00056A80  _level_3_1_02_map                  level_3_1_02
     00056BC0  ___func_level_1_3_03               level_1_3_03
     00056BC0  _level_1_3_03_map                  level_1_3_03
     00056D00  ___func_level_3_2_03               level_3_2_03
     00056D00  _level_3_2_03_map                  level_3_2_03
     00056E40  ___func_level_3_3_05               level_3_3_05
     00056E40  _level_3_3_05_map                  level_3_3_05
     00056F80  ___func_level_3_2_06               level_3_2_06
     00056F80  _level_3_2_06_map                  level_3_2_06
     000570C0  ___func_level_4_3_00               level_4_3_00
     000570C0  _level_4_3_00_map                  level_4_3_00
     00057200  ___func_level_2_2_04               level_2_2_04
     00057200  _level_2_2_04_map                  level_2_2_04
     00057340  ___func_level_4_1_00               level_4_1_00
     00057340  _level_4_1_00_map                  level_4_1_00
     00057480  ___func_level_3_3_08               level_3_3_08
     00057480  _level_3_3_08_map                  level_3_3_08
     000575C0  ___func_level_2_1_05               level_2_1_05
     000575C0  _level_2_1_05_map                  level_2_1_05
     00057700  ___func_stage_end                  stage_end
     00057700  _stage_end_map                     stage_end
     00057840  ___func_level_4_1_07               level_4_1_07
     00057840  _level_4_1_07_map                  level_4_1_07
     00057980  ___func_level_1_1_04               level_1_1_04
     00057980  _level_1_1_04_map                  level_1_1_04
     00057AC0  ___func_level_1_2_03               level_1_2_03
     00057AC0  _level_1_2_03_map                  level_1_2_03
     00057C00  ___func_level_4_3_04               level_4_3_04
     00057C00  _level_4_3_04_map                  level_4_3_04
     00057D40  ___func_level_3_3_01               level_3_3_01
     00057D40  _level_3_3_01_map                  level_3_3_01
     00057E80  ___func_level_3_1_09               level_3_1_09
ASxxxx Linker V03.00/V05.40 + sdld,  page 34.
Hexadecimal  [32-Bits]

Area                                    Addr        Size        Decimal Bytes (Attributes)
--------------------------------        ----        ----        ------- ----- ------------
_CODE_5                             00054000    00004000 =       16384. bytes (REL,CON)

      Value  Global                              Global Defined In Module
      -----  --------------------------------   ------------------------
     00057E80  _level_3_1_09_map                  level_3_1_09
     00057FC0  _pipe_new                          pipe
     00057FF0  _pipe_clear                        pipe
     00057FF5  ___func_level_2_3_lookup           lookup_table_2_3
     00057FF5  _level_2_3_lookup                  lookup_table_2_3

ASxxxx Linker V03.00/V05.40 + sdld,  page 35.
Hexadecimal  [32-Bits]

Area                                    Addr        Size        Decimal Bytes (Attributes)
--------------------------------        ----        ----        ------- ----- ------------
_CODE_6                             00064000    000030B7 =       12471. bytes (REL,CON)

      Value  Global                              Global Defined In Module
      -----  --------------------------------   ------------------------
     00064000  ___func_level_1_3_10               level_1_3_10
     00064000  _level_1_3_10_map                  level_1_3_10
     00064140  ___func_level_3_3_03               level_3_3_03
     00064140  _level_3_3_03_map                  level_3_3_03
     00064280  ___func_underground_1              underground_1
     00064280  _underground_1_map                 underground_1
     000643C0  ___func_level_3_3_06               level_3_3_06
     000643C0  _level_3_3_06_map                  level_3_3_06
     00064500  ___func_level_1_2_02               level_1_2_02
     00064500  _level_1_2_02_map                  level_1_2_02
     00064640  ___func_level_3_1_04               level_3_1_04
     00064640  _level_3_1_04_map                  level_3_1_04
     00064780  ___func_level_2_1_04               level_2_1_04
     00064780  _level_2_1_04_map                  level_2_1_04
     000648C0  ___func_level_4_2_10               level_4_2_10
     000648C0  _level_4_2_10_map                  level_4_2_10
     00064A00  ___func_level_1_2_00               level_1_2_00
     00064A00  _level_1_2_00_map                  level_1_2_00
     00064B40  ___func_level_2_1_00               level_2_1_00
     00064B40  _level_2_1_00_map                  level_2_1_00
     00064C80  ___func_level_4_3_05               level_4_3_05
     00064C80  _level_4_3_05_map                  level_4_3_05
     00064DC0  ___func_level_4_3_06               level_4_3_06
     00064DC0  _level_4_3_06_map                  level_4_3_06
     00064F00  ___func_underground_5              underground_5
     00064F00  _underground_5_map                 underground_5
     00065040  ___func_level_1_3_04               level_1_3_04
     00065040  _level_1_3_04_map                  level_1_3_04
     00065180  ___func_level_2_1_06               level_2_1_06
     00065180  _level_2_1_06_map                  level_2_1_06
     000652C0  ___func_level_4_2_05               level_4_2_05
     000652C0  _level_4_2_05_map                  level_4_2_05
     00065400  ___func_level_1_2_06               level_1_2_06
     00065400  _level_1_2_06_map                  level_1_2_06
     00065540  ___func_underground_8              underground_8
     00065540  _underground_8_map                 underground_8
     00065680  ___func_level_4_3_09               level_4_3_09
     00065680  _level_4_3_09_map                  level_4_3_09
     000657C0  ___func_level_2_3_03               level_2_3_03
     000657C0  _level_2_3_03_map                  level_2_3_03
     00065900  ___func_level_4_1_06               level_4_1_06
     00065900  _level_4_1_06_map                  level_4_1_06
     00065A40  ___func_level_4_3_02               level_4_3_02
     00065A40  _level_4_3_02_map                  level_4_3_02
     00065B80  ___func_level_1_3_08               level_1_3_08
     00065B80  _level_1_3_08_map                  level_1_3_08
     00065CC0  ___func_level_4_3_08               level_4_3_08
     00065CC0  _level_4_3_08_map                  level_4_3_08
     00065E00  ___func_underground_0              underground_0
     00065E00  _underground_0_map                 underground_0
ASxxxx Linker V03.00/V05.40 + sdld,  page 36.
Hexadecimal  [32-Bits]

Area                                    Addr        Size        Decimal Bytes (Attributes)
--------------------------------        ----        ----        ------- ----- ------------
_CODE_6                             00064000    000030B7 =       12471. bytes (REL,CON)

      Value  Global                              Global Defined In Module
      -----  --------------------------------   ------------------------
     00065F40  ___func_level_gates                level_gates
     00065F40  _level_gates_map                   level_gates
     00066080  ___func_level_2_3_05               level_2_3_05
     00066080  _level_2_3_05_map                  level_2_3_05
     000661C0  ___func_level_4_2_07               level_4_2_07
     000661C0  _level_4_2_07_map                  level_4_2_07
     00066300  ___func_level_1_2_01               level_1_2_01
     00066300  _level_1_2_01_map                  level_1_2_01
     00066440  ___func_level_3_2_04               level_3_2_04
     00066440  _level_3_2_04_map                  level_3_2_04
     00066580  ___func_level_2_2_lookup           lookup_table_2_2
     00066580  _level_2_2_lookup                  lookup_table_2_2
     000666BF  ___func_sound_squish               sound_squish
     000666BF  _sound_squish                      sound_squish
     000667F4  ___func_sound_oneup                sound_oneup
     000667F4  _sound_oneup                       sound_oneup
     00066903  ___func_level_1_2_lookup           lookup_table_1_2
     00066903  _level_1_2_lookup                  lookup_table_1_2
     000669F5  ___func_sound_item                 sound_item
     000669F5  _sound_item                        sound_item
     00066AE4  ___func_sound_pause                sound_pause
     00066AE4  _sound_pause                       sound_pause
     00066BC3  _powerup_new                       powerup
     00066C0F  _powerup_update                    powerup
     00066C41  _powerup_draw                      powerup
     00066C97  ___func_level_3_3_lookup           lookup_table_3_3
     00066C97  _level_3_3_lookup                  lookup_table_3_3
     00066D68  ___func_sound_skid                 sound_skid
     00066D68  _sound_skid                        sound_skid
     00066E09  ___func_sound_coin                 sound_coin
     00066E09  _sound_coin                        sound_coin
     00066EA6  ___func_sound_skid_alt             sound_skid_alt
     00066EA6  _sound_skid_alt                    sound_skid_alt
     00066F36  ___func_sound_bump                 sound_bump
     00066F36  _sound_bump                        sound_bump
     00066F8D  ___func_sound_fireball             sound_fireball
     00066F8D  _sound_fireball                    sound_fireball
     00066FDE  ___func_sound_kick                 sound_kick
     00066FDE  _sound_kick                        sound_kick
     0006702F  ___func_level_1_3_lookup           lookup_table_1_3
     0006702F  _level_1_3_lookup                  lookup_table_1_3
     00067071  ___func_sound_beep                 sound_beep
     00067071  _sound_beep                        sound_beep
     000670A1  ___func_level_4_3_lookup           lookup_table_4_3
     000670A1  _level_4_3_lookup                  lookup_table_4_3
     000670AC  ___func_underground_lookup         lookup_table_underground
     000670AC  _underground_0_lookup              lookup_table_underground

ASxxxx Linker V03.00/V05.40 + sdld,  page 37.

Files Linked                              [ module(s) ]

/home/odrevet/projects/gbdk/lib/sms/crt0.o
                                          [ Runtime ]
/tmp/lcc38919144.rel                      [ main ]
/tmp/lcc38919146.rel                      [ level_tables ]
/tmp/lcc38919171.rel                      [ game ]
/tmp/lcc38919189.rel                      [ level ]
/tmp/lcc38919150.rel                      [ music_overworld ]
/tmp/lcc38919149.rel                      [ music_underwater ]
/tmp/lcc38919147.rel                      [ player ]
/tmp/lcc38919155.rel                      [ music_underground ]
/tmp/lcc38919172.rel                      [ enemy ]
/tmp/lcc38919153.rel                      [ music_castle ]
/tmp/lcc38919162.rel                      [ title ]
/tmp/lcc38919152.rel                      [ music_defeat ]
/tmp/lcc38919151.rel                      [ music_stage_clear ]
/tmp/lcc38919167.rel                      [ chai ]
/tmp/lcc38919145.rel                      [ projectile ]
/tmp/lcc38919137.rel                      [ sound_flag_pole ]
/tmp/lcc38919161.rel                      [ easton ]
/tmp/lcc38919163.rel                      [ mario ]
/tmp/lcc38919133.rel                      [ sound_bowser_fire ]
/tmp/lcc38919168.rel                      [ birabuto ]
/tmp/lcc38919169.rel                      [ muda ]
/tmp/lcc38919173.rel                      [ platforms ]
/tmp/lcc38919164.rel                      [ common ]
/tmp/lcc38919154.rel                      [ music_star ]
/tmp/lcc38919160.rel                      [ enemies_large_chai ]
/tmp/lcc38919141.rel                      [ sound_powerup ]
/tmp/lcc38919143.rel                      [ sound_bowser_defeated ]
/tmp/lcc38919170.rel                      [ text ]
/tmp/lcc38919185.rel                      [ lookup_table_4_1 ]
/tmp/lcc38919127.rel                      [ sound_pipe ]
/tmp/lcc38919157.rel                      [ enemies_large_birabuto ]
/tmp/lcc38919159.rel                      [ enemies_large_easton ]
/tmp/lcc38919191.rel                      [ coin_animated ]
/tmp/lcc38919126.rel                      [ sound_destroyed ]
/tmp/lcc38919124.rel                      [ sound_jump_small ]
/tmp/lcc38919130.rel                      [ sound_jump_big ]
/tmp/lcc38919165.rel                      [ enemies_large_muda ]
/tmp/lcc38919183.rel                      [ lookup_table_3_2 ]
/tmp/lcc38919179.rel                      [ lookup_table_3_1 ]
/tmp/lcc38919177.rel                      [ lookup_table_4_2 ]
/tmp/lcc38919129.rel                      [ sound_vine ]
/tmp/lcc38919131.rel                      [ sound_bullet_bill ]
/tmp/lcc38919187.rel                      [ lookup_table_2_1 ]
/tmp/lcc38919174.rel                      [ hud ]
/tmp/lcc38919156.rel                      [ sprite_common ]
/tmp/lcc389190.rel                        [ level_3_2_09 ]
/tmp/lcc389191.rel                        [ level_3_3_04 ]
/tmp/lcc389192.rel                        [ level_2_2_01 ]
/tmp/lcc389193.rel                        [ level_4_3_03 ]
/tmp/lcc389194.rel                        [ underground_4 ]
/tmp/lcc389195.rel                        [ level_1_1_03 ]
/tmp/lcc389196.rel                        [ level_1_3_01 ]
/tmp/lcc389197.rel                        [ level_4_3_07 ]
/tmp/lcc389198.rel                        [ level_3_1_08 ]
/tmp/lcc389199.rel                        [ level_4_2_04 ]
/tmp/lcc3891910.rel                       [ level_3_2_01 ]
/tmp/lcc3891911.rel                       [ level_3_1_01 ]
/tmp/lcc3891912.rel                       [ level_2_1_01 ]
/tmp/lcc3891913.rel                       [ level_4_2_03 ]
/tmp/lcc3891914.rel                       [ underground_2 ]
/tmp/lcc3891915.rel                       [ level_1_2_05 ]
/tmp/lcc3891916.rel                       [ level_3_3_00 ]
/tmp/lcc3891917.rel                       [ level_4_1_04 ]
/tmp/lcc3891918.rel                       [ level_1_3_09 ]
/tmp/lcc3891919.rel                       [ level_3_3_07 ]
/tmp/lcc3891920.rel                       [ level_4_2_06 ]
/tmp/lcc3891921.rel                       [ level_3_1_06 ]
/tmp/lcc3891922.rel                       [ level_4_2_02 ]
/tmp/lcc3891923.rel                       [ level_4_2_00 ]
/tmp/lcc3891924.rel                       [ level_2_1_07 ]
/tmp/lcc3891925.rel                       [ level_1_1_01 ]
/tmp/lcc3891926.rel                       [ level_3_1_10 ]
/tmp/lcc3891927.rel                       [ level_1_1_05 ]
/tmp/lcc3891928.rel                       [ level_4_1_08 ]
/tmp/lcc3891929.rel                       [ level_3_3_02 ]
/tmp/lcc3891930.rel                       [ level_2_2_07 ]
/tmp/lcc3891931.rel                       [ level_2_1_03 ]
/tmp/lcc3891932.rel                       [ level_3_2_07 ]
/tmp/lcc3891933.rel                       [ underground_3 ]
/tmp/lcc3891934.rel                       [ level_3_1_07 ]
/tmp/lcc3891935.rel                       [ level_4_2_11 ]
/tmp/lcc3891936.rel                       [ level_2_3_00 ]
/tmp/lcc3891937.rel                       [ level_1_2_04 ]
/tmp/lcc3891938.rel                       [ level_1_3_06 ]
/tmp/lcc3891939.rel                       [ level_4_3_01 ]
/tmp/lcc3891940.rel                       [ level_2_1_02 ]
/tmp/lcc3891941.rel                       [ level_2_3_02 ]
/tmp/lcc3891942.rel                       [ level_4_2_09 ]
/tmp/lcc3891943.rel                       [ level_1_3_07 ]
/tmp/lcc3891944.rel                       [ level_4_1_05 ]
/tmp/lcc3891945.rel                       [ level_4_1_01 ]
/tmp/lcc3891946.rel                       [ level_4_1_03 ]
/tmp/lcc3891947.rel                       [ level_3_2_08 ]
/tmp/lcc3891948.rel                       [ level_3_1_11 ]
/tmp/lcc3891949.rel                       [ level_2_2_02 ]
/tmp/lcc3891950.rel                       [ level_1_1_02 ]
/tmp/lcc3891951.rel                       [ underground_7 ]
/tmp/lcc3891952.rel                       [ level_3_1_00 ]
/tmp/lcc3891953.rel                       [ level_3_1_05 ]
/tmp/lcc3891954.rel                       [ level_3_2_00 ]
/tmp/lcc3891955.rel                       [ underground_9 ]
/tmp/lcc3891956.rel                       [ level_2_2_06 ]
/tmp/lcc3891957.rel                       [ level_2_2_05 ]
/tmp/lcc3891958.rel                       [ level_1_1_06 ]
/tmp/lcc3891959.rel                       [ level_4_2_01 ]
/tmp/lcc3891960.rel                       [ level_2_3_04 ]
/tmp/lcc3891961.rel                       [ level_4_1_02 ]
/tmp/lcc3891962.rel                       [ level_4_2_08 ]
/tmp/lcc3891963.rel                       [ level_1_1_00 ]
/tmp/lcc3891964.rel                       [ underground_6 ]
/tmp/lcc3891965.rel                       [ level_1_3_05 ]
/tmp/lcc3891966.rel                       [ level_2_2_00 ]
/tmp/lcc3891967.rel                       [ level_4_1_09 ]
/tmp/lcc3891968.rel                       [ level_3_1_03 ]
/tmp/lcc3891969.rel                       [ level_3_2_02 ]
/tmp/lcc3891970.rel                       [ level_3_2_05 ]
/tmp/lcc3891971.rel                       [ level_2_2_03 ]
/tmp/lcc3891972.rel                       [ level_3_2_10 ]
/tmp/lcc3891973.rel                       [ level_1_3_02 ]
/tmp/lcc3891974.rel                       [ level_2_3_01 ]
/tmp/lcc3891975.rel                       [ level_1_3_00 ]
/tmp/lcc3891976.rel                       [ level_3_1_02 ]
/tmp/lcc3891977.rel                       [ level_1_3_03 ]
/tmp/lcc3891978.rel                       [ level_3_2_03 ]
/tmp/lcc3891979.rel                       [ level_3_3_05 ]
/tmp/lcc3891980.rel                       [ level_3_2_06 ]
/tmp/lcc3891981.rel                       [ level_4_3_00 ]
/tmp/lcc3891982.rel                       [ level_2_2_04 ]
/tmp/lcc3891983.rel                       [ level_4_1_00 ]
/tmp/lcc3891984.rel                       [ level_3_3_08 ]
/tmp/lcc3891985.rel                       [ level_2_1_05 ]
/tmp/lcc3891986.rel                       [ stage_end ]
/tmp/lcc3891987.rel                       [ level_4_1_07 ]
/tmp/lcc3891988.rel                       [ level_1_1_04 ]
/tmp/lcc3891989.rel                       [ level_1_2_03 ]
/tmp/lcc3891990.rel                       [ level_4_3_04 ]
/tmp/lcc3891991.rel                       [ level_3_3_01 ]
/tmp/lcc3891992.rel                       [ level_3_1_09 ]
/tmp/lcc3891993.rel                       [ level_1_3_10 ]
/tmp/lcc3891994.rel                       [ level_3_3_03 ]
/tmp/lcc3891995.rel                       [ underground_1 ]
/tmp/lcc3891996.rel                       [ level_3_3_06 ]
/tmp/lcc3891997.rel                       [ level_1_2_02 ]
/tmp/lcc3891998.rel                       [ level_3_1_04 ]
/tmp/lcc3891999.rel                       [ level_2_1_04 ]
/tmp/lcc38919100.rel                      [ level_4_2_10 ]
/tmp/lcc38919101.rel                      [ level_1_2_00 ]
/tmp/lcc38919102.rel                      [ level_2_1_00 ]
/tmp/lcc38919103.rel                      [ level_4_3_05 ]
/tmp/lcc38919104.rel                      [ level_4_3_06 ]
/tmp/lcc38919105.rel                      [ underground_5 ]
/tmp/lcc38919106.rel                      [ level_1_3_04 ]
/tmp/lcc38919107.rel                      [ level_2_1_06 ]
/tmp/lcc38919108.rel                      [ level_4_2_05 ]
/tmp/lcc38919109.rel                      [ level_1_2_06 ]
/tmp/lcc38919110.rel                      [ underground_8 ]
/tmp/lcc38919111.rel                      [ level_4_3_09 ]
/tmp/lcc38919112.rel                      [ level_2_3_03 ]
/tmp/lcc38919113.rel                      [ level_4_1_06 ]
/tmp/lcc38919114.rel                      [ level_4_3_02 ]
/tmp/lcc38919115.rel                      [ level_1_3_08 ]
/tmp/lcc38919116.rel                      [ level_4_3_08 ]
/tmp/lcc38919117.rel                      [ underground_0 ]
/tmp/lcc38919118.rel                      [ level_gates ]
/tmp/lcc38919119.rel                      [ level_2_3_05 ]
/tmp/lcc38919120.rel                      [ level_4_2_07 ]
/tmp/lcc38919121.rel                      [ level_1_2_01 ]
/tmp/lcc38919122.rel                      [ level_3_2_04 ]
/tmp/lcc38919181.rel                      [ lookup_table_2_2 ]
/tmp/lcc38919134.rel                      [ sound_squish ]
/tmp/lcc38919142.rel                      [ sound_oneup ]
/tmp/lcc38919176.rel                      [ lookup_table_1_2 ]
/tmp/lcc38919139.rel                      [ sound_item ]
/tmp/lcc38919132.rel                      [ sound_pause ]
/tmp/lcc38919186.rel                      [ lookup_table_1_1 ]
/tmp/lcc38919148.rel                      [ powerup ]
/tmp/lcc38919180.rel                      [ lookup_table_3_3 ]
/tmp/lcc38919166.rel                      [ enemies ]
/tmp/lcc38919128.rel                      [ sound_skid ]
/tmp/lcc38919135.rel                      [ sound_coin ]
/tmp/lcc38919136.rel                      [ sound_skid_alt ]
/tmp/lcc38919190.rel                      [ text ]
/tmp/lcc38919140.rel                      [ sound_bump ]
/tmp/lcc38919123.rel                      [ sound_fireball ]
/tmp/lcc38919138.rel                      [ sound_kick ]
/tmp/lcc38919182.rel                      [ lookup_table_1_3 ]
/tmp/lcc38919175.rel                      [ pipe ]
/tmp/lcc38919125.rel                      [ sound_beep ]
/tmp/lcc38919158.rel                      [ birabuto_torch ]
/tmp/lcc38919178.rel                      [ lookup_table_2_3 ]
/tmp/lcc38919184.rel                      [ lookup_table_4_3 ]
/tmp/lcc38919188.rel                      [ lookup_table_underground ]


Libraries Linked                          [ object file ]

/home/odrevet/projects/gbdk/lib/sms/sms.lib
                                          [ sms_set_2bpp_data.o ]
/home/odrevet/projects/gbdk/lib/sms/sms.lib
                                          [ set_tile.o ]
/home/odrevet/projects/gbdk/lib/z80/z80.lib
                                          [ __itoa.o ]
/home/odrevet/projects/gbdk/lib/sms/sms.lib
                                          [ sms_metasprites_hide_spr.o ]
/home/odrevet/projects/gbdk/lib/z80/z80.lib
                                          [ __strreverse.o ]
/home/odrevet/projects/gbdk/lib/sms/sms.lib
                                          [ nmi.o ]
/home/odrevet/projects/gbdk/lib/z80/z80.lib
                                          [ modunsigned.o ]
/home/odrevet/projects/gbdk/lib/sms/sms.lib
                                          [ sms_metasprites_hide.o ]
/home/odrevet/projects/gbdk/lib/sms/sms.lib
                                          [ outi.o ]
/home/odrevet/projects/gbdk/lib/sms/sms.lib
                                          [ sms_int.o ]
/home/odrevet/projects/gbdk/lib/z80/z80.lib
                                          [ divunsigned.o ]
/home/odrevet/projects/gbdk/lib/sms/sms.lib
                                          [ pad.o ]
/home/odrevet/projects/gbdk/lib/sms/sms.lib
                                          [ sms_metasprites.o ]
/home/odrevet/projects/gbdk/lib/z80/z80.lib
                                          [ memset.o ]
/home/odrevet/projects/gbdk/lib/sms/sms.lib
                                          [ delay.o ]
/home/odrevet/projects/gbdk/lib/sms/sms.lib
                                          [ ___sdcc_bcall_ehl.o ]
/home/odrevet/projects/gbdk/lib/sms/sms.lib
                                          [ sms_metasprites_flip.o ]
/home/odrevet/projects/gbdk/lib/z80/z80.lib
                                          [ strlen.o ]
/home/odrevet/projects/gbdk/lib/sms/sms.lib
                                          [ set_tile_map_compat.o ]
/home/odrevet/projects/gbdk/lib/z80/z80.lib
                                          [ modsigned.o ]
/home/odrevet/projects/gbdk/lib/sms/sms.lib
                                          [ coords_to_address.o ]
/home/odrevet/projects/gbdk/lib/z80/z80.lib
                                          [ divsigned.o ]
/home/odrevet/projects/gbdk/lib/z80/z80.lib
                                          [ __uitobcd.o ]
/home/odrevet/projects/gbdk/lib/sms/sms.lib
                                          [ set_tile_map_xy_compat.o ]
/home/odrevet/projects/gbdk/lib/sms/sms.lib
                                          [ set_tile_map_xy.o ]

ASxxxx Linker V03.00/V05.40 + sdld,  page 38.

User Base Address Definitions

_DATA=0xC0C0
_CODE=0x0100
ASxxxx Linker V03.00/V05.40 + sdld,  page 39.

User Global Definitions

_shadow_OAM=0xC000
.STACK=0xDFF0

